#
# There is insufficient memory for the Java Runtime Environment to continue.
# Native memory allocation (malloc) failed to allocate 1251376 bytes for Chunk::new
# Possible reasons:
#   The system is out of physical RAM or swap space
#   The process is running with CompressedOops enabled, and the Java Heap may be blocking the growth of the native heap
# Possible solutions:
#   Reduce memory load on the system
#   Increase physical memory or swap space
#   Check if swap backing store is full
#   Decrease Java heap size (-Xmx/-Xms)
#   Decrease number of Java threads
#   Decrease Java thread stack sizes (-Xss)
#   Set larger code cache with -XX:ReservedCodeCacheSize=
#   JVM is running with Unscaled Compressed Oops mode in which the Java heap is
#     placed in the first 4GB address space. The Java Heap base address is the
#     maximum limit for the native heap growth. Please use -XX:HeapBaseMinAddress
#     to set the Java Heap base and to place the Java Heap above 4GB virtual address.
# This output file may be truncated or incomplete.
#
#  Out of Memory Error (arena.cpp:189), pid=23280, tid=20932
#
# JRE version: Java(TM) SE Runtime Environment (17.0.10+11) (build 17.0.10+11-LTS-240)
# Java VM: Java HotSpot(TM) 64-Bit Server VM (17.0.10+11-LTS-240, mixed mode, sharing, tiered, compressed oops, compressed class ptrs, g1 gc, windows-amd64)
# No core dump will be written. Minidumps are not enabled by default on client versions of Windows
#

---------------  S U M M A R Y ------------

Command Line: --add-opens=java.base/java.lang=ALL-UNNAMED --add-opens=java.base/java.lang.invoke=ALL-UNNAMED --add-opens=java.base/java.util=ALL-UNNAMED --add-opens=java.prefs/java.util.prefs=ALL-UNNAMED --add-exports=jdk.compiler/com.sun.tools.javac.api=ALL-UNNAMED --add-exports=jdk.compiler/com.sun.tools.javac.util=ALL-UNNAMED --add-opens=java.base/java.util=ALL-UNNAMED --add-opens=java.prefs/java.util.prefs=ALL-UNNAMED --add-opens=java.base/java.nio.charset=ALL-UNNAMED --add-opens=java.base/java.net=ALL-UNNAMED --add-opens=java.base/java.util.concurrent.atomic=ALL-UNNAMED --add-opens=java.xml/javax.xml.namespace=ALL-UNNAMED -XX:MaxMetaspaceSize=384m -XX:+HeapDumpOnOutOfMemoryError -Xms256m -Xmx512m -Dfile.encoding=UTF-8 -Duser.country=US -Duser.language=en -Duser.variant -javaagent:C:\Users\nvhai\.gradle\wrapper\dists\gradle-8.11.1-bin\bpt9gzteqjrbo1mjrsomdt32c\gradle-8.11.1\lib\agents\gradle-instrumentation-agent-8.11.1.jar org.gradle.launcher.daemon.bootstrap.GradleDaemon 8.11.1

Host: Intel(R) Core(TM) i5-8365U CPU @ 1.60GHz, 8 cores, 15G,  Windows 11 , 64 bit Build 22621 (10.0.22621.4830)
Time: Mon Feb 17 00:03:13 2025 SE Asia Standard Time elapsed time: 34.518112 seconds (0d 0h 0m 34s)

---------------  T H R E A D  ---------------

Current thread (0x00000278584c94e0):  JavaThread "C2 CompilerThread0" daemon [_thread_in_native, id=20932, stack(0x000000efae200000,0x000000efae300000)]


Current CompileTask:
C2:  34518 2296       4       jdk.internal.org.objectweb.asm.Frame::execute (2305 bytes)

Stack: [0x000000efae200000,0x000000efae300000]
Native frames: (J=compiled Java code, j=interpreted, Vv=VM code, C=native code)
V  [jvm.dll+0x677a5a]
V  [jvm.dll+0x7d8b2d]
V  [jvm.dll+0x7da48e]
V  [jvm.dll+0x7daaf3]
V  [jvm.dll+0x2455ff]
V  [jvm.dll+0xaaafb]
V  [jvm.dll+0xab09c]
V  [jvm.dll+0x361b5f]
V  [jvm.dll+0x1bb3ca]
V  [jvm.dll+0x217aa7]
V  [jvm.dll+0x216d81]
V  [jvm.dll+0x1a3410]
V  [jvm.dll+0x226aeb]
V  [jvm.dll+0x224cab]
V  [jvm.dll+0x78e45c]
V  [jvm.dll+0x78888a]
V  [jvm.dll+0x676935]
C  [ucrtbase.dll+0x29333]
C  [KERNEL32.DLL+0x1259d]
C  [ntdll.dll+0x5af38]


---------------  P R O C E S S  ---------------

Threads class SMR info:
_java_thread_list=0x00000278589f9690, length=22, elements={
0x000002783dbba250, 0x00000278584ace30, 0x00000278584adcb0, 0x00000278584c37d0,
0x00000278584c52b0, 0x00000278584c7d80, 0x00000278584c8740, 0x00000278584c94e0,
0x00000278584c9f90, 0x000002785851cc40, 0x000002785868ace0, 0x0000027858798c10,
0x0000027872f16f10, 0x0000027872e21cf0, 0x00000278737540b0, 0x0000027872c58ef0,
0x0000027872b74200, 0x00000278735bfb60, 0x00000278735c14b0, 0x00000278735c0fa0,
0x00000278735c28f0, 0x00000278735c19c0
}

Java Threads: ( => current thread )
  0x000002783dbba250 JavaThread "main" [_thread_blocked, id=19196, stack(0x000000efad500000,0x000000efad600000)]
  0x00000278584ace30 JavaThread "Reference Handler" daemon [_thread_blocked, id=13092, stack(0x000000efadc00000,0x000000efadd00000)]
  0x00000278584adcb0 JavaThread "Finalizer" daemon [_thread_blocked, id=6040, stack(0x000000efadd00000,0x000000efade00000)]
  0x00000278584c37d0 JavaThread "Signal Dispatcher" daemon [_thread_blocked, id=7656, stack(0x000000efade00000,0x000000efadf00000)]
  0x00000278584c52b0 JavaThread "Attach Listener" daemon [_thread_blocked, id=2672, stack(0x000000efadf00000,0x000000efae000000)]
  0x00000278584c7d80 JavaThread "Service Thread" daemon [_thread_blocked, id=7480, stack(0x000000efae000000,0x000000efae100000)]
  0x00000278584c8740 JavaThread "Monitor Deflation Thread" daemon [_thread_blocked, id=17092, stack(0x000000efae100000,0x000000efae200000)]
=>0x00000278584c94e0 JavaThread "C2 CompilerThread0" daemon [_thread_in_native, id=20932, stack(0x000000efae200000,0x000000efae300000)]
  0x00000278584c9f90 JavaThread "C1 CompilerThread0" daemon [_thread_blocked, id=7676, stack(0x000000efae300000,0x000000efae400000)]
  0x000002785851cc40 JavaThread "Sweeper thread" daemon [_thread_blocked, id=6480, stack(0x000000efae400000,0x000000efae500000)]
  0x000002785868ace0 JavaThread "Common-Cleaner" daemon [_thread_blocked, id=19280, stack(0x000000efae500000,0x000000efae600000)]
  0x0000027858798c10 JavaThread "Notification Thread" daemon [_thread_blocked, id=3300, stack(0x000000efae600000,0x000000efae700000)]
  0x0000027872f16f10 JavaThread "Daemon health stats" [_thread_blocked, id=13256, stack(0x000000efae800000,0x000000efae900000)]
  0x0000027872e21cf0 JavaThread "Incoming local TCP Connector on port 55081" [_thread_in_native, id=16088, stack(0x000000efaee00000,0x000000efaef00000)]
  0x00000278737540b0 JavaThread "Daemon periodic checks" [_thread_blocked, id=16008, stack(0x000000efaef00000,0x000000efaf000000)]
  0x0000027872c58ef0 JavaThread "Daemon" [_thread_blocked, id=20188, stack(0x000000efaf000000,0x000000efaf100000)]
  0x0000027872b74200 JavaThread "Handler for socket connection from /127.0.0.1:55081 to /127.0.0.1:55082" [_thread_in_native, id=19508, stack(0x000000efaf100000,0x000000efaf200000)]
  0x00000278735bfb60 JavaThread "Cancel handler" [_thread_blocked, id=9584, stack(0x000000efaf200000,0x000000efaf300000)]
  0x00000278735c14b0 JavaThread "Daemon worker" [_thread_in_vm, id=19144, stack(0x000000efaf300000,0x000000efaf400000)]
  0x00000278735c0fa0 JavaThread "Asynchronous log dispatcher for DefaultDaemonConnection: socket connection from /127.0.0.1:55081 to /127.0.0.1:55082" [_thread_blocked, id=16352, stack(0x000000efaf400000,0x000000efaf500000)]
  0x00000278735c28f0 JavaThread "Stdin handler" [_thread_blocked, id=9132, stack(0x000000efaf500000,0x000000efaf600000)]
  0x00000278735c19c0 JavaThread "Daemon client event forwarder" [_thread_blocked, id=10460, stack(0x000000efaf600000,0x000000efaf700000)]

Other Threads:
  0x00000278584a7a80 VMThread "VM Thread" [stack: 0x000000efadb00000,0x000000efadc00000] [id=14284]
  0x00000278587990f0 WatcherThread [stack: 0x000000efae700000,0x000000efae800000] [id=14968]
  0x000002783dbe6d80 GCTaskThread "GC Thread#0" [stack: 0x000000efad600000,0x000000efad700000] [id=21924]
  0x00000278589211b0 GCTaskThread "GC Thread#1" [stack: 0x000000efae900000,0x000000efaea00000] [id=18236]
  0x0000027858921470 GCTaskThread "GC Thread#2" [stack: 0x000000efaea00000,0x000000efaeb00000] [id=22588]
  0x0000027858921730 GCTaskThread "GC Thread#3" [stack: 0x000000efaeb00000,0x000000efaec00000] [id=6224]
  0x000002787225e3c0 GCTaskThread "GC Thread#4" [stack: 0x000000efaec00000,0x000000efaed00000] [id=8340]
  0x000002787225e680 GCTaskThread "GC Thread#5" [stack: 0x000000efaed00000,0x000000efaee00000] [id=21384]
  0x000002783dbebcd0 ConcurrentGCThread "G1 Main Marker" [stack: 0x000000efad700000,0x000000efad800000] [id=14928]
  0x000002783dbec6e0 ConcurrentGCThread "G1 Conc#0" [stack: 0x000000efad800000,0x000000efad900000] [id=23188]
  0x000002783dc7de50 ConcurrentGCThread "G1 Refine#0" [stack: 0x000000efad900000,0x000000efada00000] [id=15376]
  0x000002783dc7e880 ConcurrentGCThread "G1 Service" [stack: 0x000000efada00000,0x000000efadb00000] [id=21332]

Threads with active compile tasks:
C2 CompilerThread0    34568 2296       4       jdk.internal.org.objectweb.asm.Frame::execute (2305 bytes)

VM state: synchronizing (normal execution)

VM Mutex/Monitor currently owned by a thread:  ([mutex/lock_event])
[0x000002783dbb49b0] Threads_lock - owner thread: 0x00000278584a7a80

Heap address: 0x00000000e0000000, size: 512 MB, Compressed Oops mode: 32-bit

CDS archive(s) mapped at: [0x0000027859000000-0x0000027859bd0000-0x0000027859bd0000), size 12386304, SharedBaseAddress: 0x0000027859000000, ArchiveRelocationMode: 1.
Compressed class space mapped at: 0x000002785a000000-0x000002786e000000, reserved size: 335544320
Narrow klass base: 0x0000027859000000, Narrow klass shift: 0, Narrow klass range: 0x100000000

GC Precious Log:
 CPUs: 8 total, 8 available
 Memory: 16194M
 Large Page Support: Disabled
 NUMA Support: Disabled
 Compressed Oops: Enabled (32-bit)
 Heap Region Size: 1M
 Heap Min Capacity: 256M
 Heap Initial Capacity: 256M
 Heap Max Capacity: 512M
 Pre-touch: Disabled
 Parallel Workers: 8
 Concurrent Workers: 2
 Concurrent Refinement Workers: 8
 Periodic GC: Disabled

Heap:
 garbage-first heap   total 262144K, used 56611K [0x00000000e0000000, 0x0000000100000000)
  region size 1024K, 45 young (46080K), 5 survivors (5120K)
 Metaspace       used 13278K, committed 13568K, reserved 393216K
  class space    used 1814K, committed 1984K, reserved 327680K

Heap Regions: E=young(eden), S=young(survivor), O=old, HS=humongous(starts), HC=humongous(continues), CS=collection set, F=free, OA=open archive, CA=closed archive, TAMS=top-at-mark-start (previous, next)
|   0|0x00000000e0000000, 0x00000000e0100000, 0x00000000e0100000|100%| O|  |TAMS 0x00000000e0000000, 0x00000000e0000000| Untracked 
|   1|0x00000000e0100000, 0x00000000e0200000, 0x00000000e0200000|100%|HS|  |TAMS 0x00000000e0100000, 0x00000000e0100000| Complete 
|   2|0x00000000e0200000, 0x00000000e0300000, 0x00000000e0300000|100%|HC|  |TAMS 0x00000000e0200000, 0x00000000e0200000| Complete 
|   3|0x00000000e0300000, 0x00000000e0400000, 0x00000000e0400000|100%|HC|  |TAMS 0x00000000e0300000, 0x00000000e0300000| Complete 
|   4|0x00000000e0400000, 0x00000000e0500000, 0x00000000e0500000|100%| O|  |TAMS 0x00000000e0400000, 0x00000000e0400000| Untracked 
|   5|0x00000000e0500000, 0x00000000e0600000, 0x00000000e0600000|100%| O|  |TAMS 0x00000000e0500000, 0x00000000e0500000| Untracked 
|   6|0x00000000e0600000, 0x00000000e0700000, 0x00000000e0700000|100%| O|  |TAMS 0x00000000e0600000, 0x00000000e0600000| Untracked 
|   7|0x00000000e0700000, 0x00000000e0800000, 0x00000000e0800000|100%|HS|  |TAMS 0x00000000e0700000, 0x00000000e0700000| Complete 
|   8|0x00000000e0800000, 0x00000000e0800000, 0x00000000e0900000|  0%| F|  |TAMS 0x00000000e0800000, 0x00000000e0800000| Untracked 
|   9|0x00000000e0900000, 0x00000000e0a00000, 0x00000000e0a00000|100%| O|  |TAMS 0x00000000e0900000, 0x00000000e0900000| Untracked 
|  10|0x00000000e0a00000, 0x00000000e0b00000, 0x00000000e0b00000|100%| O|  |TAMS 0x00000000e0a00000, 0x00000000e0a00000| Untracked 
|  11|0x00000000e0b00000, 0x00000000e0c00000, 0x00000000e0c00000|100%| O|  |TAMS 0x00000000e0b00000, 0x00000000e0b00000| Untracked 
|  12|0x00000000e0c00000, 0x00000000e0cb6400, 0x00000000e0d00000| 71%| O|  |TAMS 0x00000000e0c00000, 0x00000000e0c00000| Untracked 
|  13|0x00000000e0d00000, 0x00000000e0d00000, 0x00000000e0e00000|  0%| F|  |TAMS 0x00000000e0d00000, 0x00000000e0d00000| Untracked 
|  14|0x00000000e0e00000, 0x00000000e0e00000, 0x00000000e0f00000|  0%| F|  |TAMS 0x00000000e0e00000, 0x00000000e0e00000| Untracked 
|  15|0x00000000e0f00000, 0x00000000e0f00000, 0x00000000e1000000|  0%| F|  |TAMS 0x00000000e0f00000, 0x00000000e0f00000| Untracked 
|  16|0x00000000e1000000, 0x00000000e1000000, 0x00000000e1100000|  0%| F|  |TAMS 0x00000000e1000000, 0x00000000e1000000| Untracked 
|  17|0x00000000e1100000, 0x00000000e1100000, 0x00000000e1200000|  0%| F|  |TAMS 0x00000000e1100000, 0x00000000e1100000| Untracked 
|  18|0x00000000e1200000, 0x00000000e1200000, 0x00000000e1300000|  0%| F|  |TAMS 0x00000000e1200000, 0x00000000e1200000| Untracked 
|  19|0x00000000e1300000, 0x00000000e1300000, 0x00000000e1400000|  0%| F|  |TAMS 0x00000000e1300000, 0x00000000e1300000| Untracked 
|  20|0x00000000e1400000, 0x00000000e1400000, 0x00000000e1500000|  0%| F|  |TAMS 0x00000000e1400000, 0x00000000e1400000| Untracked 
|  21|0x00000000e1500000, 0x00000000e1500000, 0x00000000e1600000|  0%| F|  |TAMS 0x00000000e1500000, 0x00000000e1500000| Untracked 
|  22|0x00000000e1600000, 0x00000000e1600000, 0x00000000e1700000|  0%| F|  |TAMS 0x00000000e1600000, 0x00000000e1600000| Untracked 
|  23|0x00000000e1700000, 0x00000000e1700000, 0x00000000e1800000|  0%| F|  |TAMS 0x00000000e1700000, 0x00000000e1700000| Untracked 
|  24|0x00000000e1800000, 0x00000000e1800000, 0x00000000e1900000|  0%| F|  |TAMS 0x00000000e1800000, 0x00000000e1800000| Untracked 
|  25|0x00000000e1900000, 0x00000000e1900000, 0x00000000e1a00000|  0%| F|  |TAMS 0x00000000e1900000, 0x00000000e1900000| Untracked 
|  26|0x00000000e1a00000, 0x00000000e1a00000, 0x00000000e1b00000|  0%| F|  |TAMS 0x00000000e1a00000, 0x00000000e1a00000| Untracked 
|  27|0x00000000e1b00000, 0x00000000e1b00000, 0x00000000e1c00000|  0%| F|  |TAMS 0x00000000e1b00000, 0x00000000e1b00000| Untracked 
|  28|0x00000000e1c00000, 0x00000000e1c00000, 0x00000000e1d00000|  0%| F|  |TAMS 0x00000000e1c00000, 0x00000000e1c00000| Untracked 
|  29|0x00000000e1d00000, 0x00000000e1d00000, 0x00000000e1e00000|  0%| F|  |TAMS 0x00000000e1d00000, 0x00000000e1d00000| Untracked 
|  30|0x00000000e1e00000, 0x00000000e1e00000, 0x00000000e1f00000|  0%| F|  |TAMS 0x00000000e1e00000, 0x00000000e1e00000| Untracked 
|  31|0x00000000e1f00000, 0x00000000e1f00000, 0x00000000e2000000|  0%| F|  |TAMS 0x00000000e1f00000, 0x00000000e1f00000| Untracked 
|  32|0x00000000e2000000, 0x00000000e2000000, 0x00000000e2100000|  0%| F|  |TAMS 0x00000000e2000000, 0x00000000e2000000| Untracked 
|  33|0x00000000e2100000, 0x00000000e2100000, 0x00000000e2200000|  0%| F|  |TAMS 0x00000000e2100000, 0x00000000e2100000| Untracked 
|  34|0x00000000e2200000, 0x00000000e2200000, 0x00000000e2300000|  0%| F|  |TAMS 0x00000000e2200000, 0x00000000e2200000| Untracked 
|  35|0x00000000e2300000, 0x00000000e2300000, 0x00000000e2400000|  0%| F|  |TAMS 0x00000000e2300000, 0x00000000e2300000| Untracked 
|  36|0x00000000e2400000, 0x00000000e2400000, 0x00000000e2500000|  0%| F|  |TAMS 0x00000000e2400000, 0x00000000e2400000| Untracked 
|  37|0x00000000e2500000, 0x00000000e2500000, 0x00000000e2600000|  0%| F|  |TAMS 0x00000000e2500000, 0x00000000e2500000| Untracked 
|  38|0x00000000e2600000, 0x00000000e2600000, 0x00000000e2700000|  0%| F|  |TAMS 0x00000000e2600000, 0x00000000e2600000| Untracked 
|  39|0x00000000e2700000, 0x00000000e2700000, 0x00000000e2800000|  0%| F|  |TAMS 0x00000000e2700000, 0x00000000e2700000| Untracked 
|  40|0x00000000e2800000, 0x00000000e2800000, 0x00000000e2900000|  0%| F|  |TAMS 0x00000000e2800000, 0x00000000e2800000| Untracked 
|  41|0x00000000e2900000, 0x00000000e2900000, 0x00000000e2a00000|  0%| F|  |TAMS 0x00000000e2900000, 0x00000000e2900000| Untracked 
|  42|0x00000000e2a00000, 0x00000000e2a00000, 0x00000000e2b00000|  0%| F|  |TAMS 0x00000000e2a00000, 0x00000000e2a00000| Untracked 
|  43|0x00000000e2b00000, 0x00000000e2b00000, 0x00000000e2c00000|  0%| F|  |TAMS 0x00000000e2b00000, 0x00000000e2b00000| Untracked 
|  44|0x00000000e2c00000, 0x00000000e2c00000, 0x00000000e2d00000|  0%| F|  |TAMS 0x00000000e2c00000, 0x00000000e2c00000| Untracked 
|  45|0x00000000e2d00000, 0x00000000e2d00000, 0x00000000e2e00000|  0%| F|  |TAMS 0x00000000e2d00000, 0x00000000e2d00000| Untracked 
|  46|0x00000000e2e00000, 0x00000000e2e00000, 0x00000000e2f00000|  0%| F|  |TAMS 0x00000000e2e00000, 0x00000000e2e00000| Untracked 
|  47|0x00000000e2f00000, 0x00000000e2f00000, 0x00000000e3000000|  0%| F|  |TAMS 0x00000000e2f00000, 0x00000000e2f00000| Untracked 
|  48|0x00000000e3000000, 0x00000000e3000000, 0x00000000e3100000|  0%| F|  |TAMS 0x00000000e3000000, 0x00000000e3000000| Untracked 
|  49|0x00000000e3100000, 0x00000000e3100000, 0x00000000e3200000|  0%| F|  |TAMS 0x00000000e3100000, 0x00000000e3100000| Untracked 
|  50|0x00000000e3200000, 0x00000000e3200000, 0x00000000e3300000|  0%| F|  |TAMS 0x00000000e3200000, 0x00000000e3200000| Untracked 
|  51|0x00000000e3300000, 0x00000000e3300000, 0x00000000e3400000|  0%| F|  |TAMS 0x00000000e3300000, 0x00000000e3300000| Untracked 
|  52|0x00000000e3400000, 0x00000000e3400000, 0x00000000e3500000|  0%| F|  |TAMS 0x00000000e3400000, 0x00000000e3400000| Untracked 
|  53|0x00000000e3500000, 0x00000000e3500000, 0x00000000e3600000|  0%| F|  |TAMS 0x00000000e3500000, 0x00000000e3500000| Untracked 
|  54|0x00000000e3600000, 0x00000000e3600000, 0x00000000e3700000|  0%| F|  |TAMS 0x00000000e3600000, 0x00000000e3600000| Untracked 
|  55|0x00000000e3700000, 0x00000000e3700000, 0x00000000e3800000|  0%| F|  |TAMS 0x00000000e3700000, 0x00000000e3700000| Untracked 
|  56|0x00000000e3800000, 0x00000000e3800000, 0x00000000e3900000|  0%| F|  |TAMS 0x00000000e3800000, 0x00000000e3800000| Untracked 
|  57|0x00000000e3900000, 0x00000000e3900000, 0x00000000e3a00000|  0%| F|  |TAMS 0x00000000e3900000, 0x00000000e3900000| Untracked 
|  58|0x00000000e3a00000, 0x00000000e3a00000, 0x00000000e3b00000|  0%| F|  |TAMS 0x00000000e3a00000, 0x00000000e3a00000| Untracked 
|  59|0x00000000e3b00000, 0x00000000e3b00000, 0x00000000e3c00000|  0%| F|  |TAMS 0x00000000e3b00000, 0x00000000e3b00000| Untracked 
|  60|0x00000000e3c00000, 0x00000000e3c00000, 0x00000000e3d00000|  0%| F|  |TAMS 0x00000000e3c00000, 0x00000000e3c00000| Untracked 
|  61|0x00000000e3d00000, 0x00000000e3d00000, 0x00000000e3e00000|  0%| F|  |TAMS 0x00000000e3d00000, 0x00000000e3d00000| Untracked 
|  62|0x00000000e3e00000, 0x00000000e3e00000, 0x00000000e3f00000|  0%| F|  |TAMS 0x00000000e3e00000, 0x00000000e3e00000| Untracked 
|  63|0x00000000e3f00000, 0x00000000e3f00000, 0x00000000e4000000|  0%| F|  |TAMS 0x00000000e3f00000, 0x00000000e3f00000| Untracked 
|  64|0x00000000e4000000, 0x00000000e4000000, 0x00000000e4100000|  0%| F|  |TAMS 0x00000000e4000000, 0x00000000e4000000| Untracked 
|  65|0x00000000e4100000, 0x00000000e4100000, 0x00000000e4200000|  0%| F|  |TAMS 0x00000000e4100000, 0x00000000e4100000| Untracked 
|  66|0x00000000e4200000, 0x00000000e4200000, 0x00000000e4300000|  0%| F|  |TAMS 0x00000000e4200000, 0x00000000e4200000| Untracked 
|  67|0x00000000e4300000, 0x00000000e4300000, 0x00000000e4400000|  0%| F|  |TAMS 0x00000000e4300000, 0x00000000e4300000| Untracked 
|  68|0x00000000e4400000, 0x00000000e4400000, 0x00000000e4500000|  0%| F|  |TAMS 0x00000000e4400000, 0x00000000e4400000| Untracked 
|  69|0x00000000e4500000, 0x00000000e4500000, 0x00000000e4600000|  0%| F|  |TAMS 0x00000000e4500000, 0x00000000e4500000| Untracked 
|  70|0x00000000e4600000, 0x00000000e4600000, 0x00000000e4700000|  0%| F|  |TAMS 0x00000000e4600000, 0x00000000e4600000| Untracked 
|  71|0x00000000e4700000, 0x00000000e4700000, 0x00000000e4800000|  0%| F|  |TAMS 0x00000000e4700000, 0x00000000e4700000| Untracked 
|  72|0x00000000e4800000, 0x00000000e4800000, 0x00000000e4900000|  0%| F|  |TAMS 0x00000000e4800000, 0x00000000e4800000| Untracked 
|  73|0x00000000e4900000, 0x00000000e4900000, 0x00000000e4a00000|  0%| F|  |TAMS 0x00000000e4900000, 0x00000000e4900000| Untracked 
|  74|0x00000000e4a00000, 0x00000000e4a00000, 0x00000000e4b00000|  0%| F|  |TAMS 0x00000000e4a00000, 0x00000000e4a00000| Untracked 
|  75|0x00000000e4b00000, 0x00000000e4b00000, 0x00000000e4c00000|  0%| F|  |TAMS 0x00000000e4b00000, 0x00000000e4b00000| Untracked 
|  76|0x00000000e4c00000, 0x00000000e4c00000, 0x00000000e4d00000|  0%| F|  |TAMS 0x00000000e4c00000, 0x00000000e4c00000| Untracked 
|  77|0x00000000e4d00000, 0x00000000e4d00000, 0x00000000e4e00000|  0%| F|  |TAMS 0x00000000e4d00000, 0x00000000e4d00000| Untracked 
|  78|0x00000000e4e00000, 0x00000000e4e00000, 0x00000000e4f00000|  0%| F|  |TAMS 0x00000000e4e00000, 0x00000000e4e00000| Untracked 
|  79|0x00000000e4f00000, 0x00000000e4f00000, 0x00000000e5000000|  0%| F|  |TAMS 0x00000000e4f00000, 0x00000000e4f00000| Untracked 
|  80|0x00000000e5000000, 0x00000000e5000000, 0x00000000e5100000|  0%| F|  |TAMS 0x00000000e5000000, 0x00000000e5000000| Untracked 
|  81|0x00000000e5100000, 0x00000000e5100000, 0x00000000e5200000|  0%| F|  |TAMS 0x00000000e5100000, 0x00000000e5100000| Untracked 
|  82|0x00000000e5200000, 0x00000000e5200000, 0x00000000e5300000|  0%| F|  |TAMS 0x00000000e5200000, 0x00000000e5200000| Untracked 
|  83|0x00000000e5300000, 0x00000000e5300000, 0x00000000e5400000|  0%| F|  |TAMS 0x00000000e5300000, 0x00000000e5300000| Untracked 
|  84|0x00000000e5400000, 0x00000000e5400000, 0x00000000e5500000|  0%| F|  |TAMS 0x00000000e5400000, 0x00000000e5400000| Untracked 
|  85|0x00000000e5500000, 0x00000000e5500000, 0x00000000e5600000|  0%| F|  |TAMS 0x00000000e5500000, 0x00000000e5500000| Untracked 
|  86|0x00000000e5600000, 0x00000000e5600000, 0x00000000e5700000|  0%| F|  |TAMS 0x00000000e5600000, 0x00000000e5600000| Untracked 
|  87|0x00000000e5700000, 0x00000000e5700000, 0x00000000e5800000|  0%| F|  |TAMS 0x00000000e5700000, 0x00000000e5700000| Untracked 
|  88|0x00000000e5800000, 0x00000000e5800000, 0x00000000e5900000|  0%| F|  |TAMS 0x00000000e5800000, 0x00000000e5800000| Untracked 
|  89|0x00000000e5900000, 0x00000000e5900000, 0x00000000e5a00000|  0%| F|  |TAMS 0x00000000e5900000, 0x00000000e5900000| Untracked 
|  90|0x00000000e5a00000, 0x00000000e5a00000, 0x00000000e5b00000|  0%| F|  |TAMS 0x00000000e5a00000, 0x00000000e5a00000| Untracked 
|  91|0x00000000e5b00000, 0x00000000e5b00000, 0x00000000e5c00000|  0%| F|  |TAMS 0x00000000e5b00000, 0x00000000e5b00000| Untracked 
|  92|0x00000000e5c00000, 0x00000000e5c00000, 0x00000000e5d00000|  0%| F|  |TAMS 0x00000000e5c00000, 0x00000000e5c00000| Untracked 
|  93|0x00000000e5d00000, 0x00000000e5d00000, 0x00000000e5e00000|  0%| F|  |TAMS 0x00000000e5d00000, 0x00000000e5d00000| Untracked 
|  94|0x00000000e5e00000, 0x00000000e5e00000, 0x00000000e5f00000|  0%| F|  |TAMS 0x00000000e5e00000, 0x00000000e5e00000| Untracked 
|  95|0x00000000e5f00000, 0x00000000e5f00000, 0x00000000e6000000|  0%| F|  |TAMS 0x00000000e5f00000, 0x00000000e5f00000| Untracked 
|  96|0x00000000e6000000, 0x00000000e6000000, 0x00000000e6100000|  0%| F|  |TAMS 0x00000000e6000000, 0x00000000e6000000| Untracked 
|  97|0x00000000e6100000, 0x00000000e6100000, 0x00000000e6200000|  0%| F|  |TAMS 0x00000000e6100000, 0x00000000e6100000| Untracked 
|  98|0x00000000e6200000, 0x00000000e6200000, 0x00000000e6300000|  0%| F|  |TAMS 0x00000000e6200000, 0x00000000e6200000| Untracked 
|  99|0x00000000e6300000, 0x00000000e6300000, 0x00000000e6400000|  0%| F|  |TAMS 0x00000000e6300000, 0x00000000e6300000| Untracked 
| 100|0x00000000e6400000, 0x00000000e6400000, 0x00000000e6500000|  0%| F|  |TAMS 0x00000000e6400000, 0x00000000e6400000| Untracked 
| 101|0x00000000e6500000, 0x00000000e6500000, 0x00000000e6600000|  0%| F|  |TAMS 0x00000000e6500000, 0x00000000e6500000| Untracked 
| 102|0x00000000e6600000, 0x00000000e6600000, 0x00000000e6700000|  0%| F|  |TAMS 0x00000000e6600000, 0x00000000e6600000| Untracked 
| 103|0x00000000e6700000, 0x00000000e6700000, 0x00000000e6800000|  0%| F|  |TAMS 0x00000000e6700000, 0x00000000e6700000| Untracked 
| 104|0x00000000e6800000, 0x00000000e6800000, 0x00000000e6900000|  0%| F|  |TAMS 0x00000000e6800000, 0x00000000e6800000| Untracked 
| 105|0x00000000e6900000, 0x00000000e6900000, 0x00000000e6a00000|  0%| F|  |TAMS 0x00000000e6900000, 0x00000000e6900000| Untracked 
| 106|0x00000000e6a00000, 0x00000000e6a00000, 0x00000000e6b00000|  0%| F|  |TAMS 0x00000000e6a00000, 0x00000000e6a00000| Untracked 
| 107|0x00000000e6b00000, 0x00000000e6b00000, 0x00000000e6c00000|  0%| F|  |TAMS 0x00000000e6b00000, 0x00000000e6b00000| Untracked 
| 108|0x00000000e6c00000, 0x00000000e6c00000, 0x00000000e6d00000|  0%| F|  |TAMS 0x00000000e6c00000, 0x00000000e6c00000| Untracked 
| 109|0x00000000e6d00000, 0x00000000e6d00000, 0x00000000e6e00000|  0%| F|  |TAMS 0x00000000e6d00000, 0x00000000e6d00000| Untracked 
| 110|0x00000000e6e00000, 0x00000000e6e00000, 0x00000000e6f00000|  0%| F|  |TAMS 0x00000000e6e00000, 0x00000000e6e00000| Untracked 
| 111|0x00000000e6f00000, 0x00000000e6f00000, 0x00000000e7000000|  0%| F|  |TAMS 0x00000000e6f00000, 0x00000000e6f00000| Untracked 
| 112|0x00000000e7000000, 0x00000000e7000000, 0x00000000e7100000|  0%| F|  |TAMS 0x00000000e7000000, 0x00000000e7000000| Untracked 
| 113|0x00000000e7100000, 0x00000000e7100000, 0x00000000e7200000|  0%| F|  |TAMS 0x00000000e7100000, 0x00000000e7100000| Untracked 
| 114|0x00000000e7200000, 0x00000000e7200000, 0x00000000e7300000|  0%| F|  |TAMS 0x00000000e7200000, 0x00000000e7200000| Untracked 
| 115|0x00000000e7300000, 0x00000000e7300000, 0x00000000e7400000|  0%| F|  |TAMS 0x00000000e7300000, 0x00000000e7300000| Untracked 
| 116|0x00000000e7400000, 0x00000000e7400000, 0x00000000e7500000|  0%| F|  |TAMS 0x00000000e7400000, 0x00000000e7400000| Untracked 
| 117|0x00000000e7500000, 0x00000000e7500000, 0x00000000e7600000|  0%| F|  |TAMS 0x00000000e7500000, 0x00000000e7500000| Untracked 
| 118|0x00000000e7600000, 0x00000000e7600000, 0x00000000e7700000|  0%| F|  |TAMS 0x00000000e7600000, 0x00000000e7600000| Untracked 
| 119|0x00000000e7700000, 0x00000000e7700000, 0x00000000e7800000|  0%| F|  |TAMS 0x00000000e7700000, 0x00000000e7700000| Untracked 
| 120|0x00000000e7800000, 0x00000000e7800000, 0x00000000e7900000|  0%| F|  |TAMS 0x00000000e7800000, 0x00000000e7800000| Untracked 
| 121|0x00000000e7900000, 0x00000000e7900000, 0x00000000e7a00000|  0%| F|  |TAMS 0x00000000e7900000, 0x00000000e7900000| Untracked 
| 122|0x00000000e7a00000, 0x00000000e7a00000, 0x00000000e7b00000|  0%| F|  |TAMS 0x00000000e7a00000, 0x00000000e7a00000| Untracked 
| 123|0x00000000e7b00000, 0x00000000e7b00000, 0x00000000e7c00000|  0%| F|  |TAMS 0x00000000e7b00000, 0x00000000e7b00000| Untracked 
| 124|0x00000000e7c00000, 0x00000000e7c00000, 0x00000000e7d00000|  0%| F|  |TAMS 0x00000000e7c00000, 0x00000000e7c00000| Untracked 
| 125|0x00000000e7d00000, 0x00000000e7d00000, 0x00000000e7e00000|  0%| F|  |TAMS 0x00000000e7d00000, 0x00000000e7d00000| Untracked 
| 126|0x00000000e7e00000, 0x00000000e7e00000, 0x00000000e7f00000|  0%| F|  |TAMS 0x00000000e7e00000, 0x00000000e7e00000| Untracked 
| 127|0x00000000e7f00000, 0x00000000e7f00000, 0x00000000e8000000|  0%| F|  |TAMS 0x00000000e7f00000, 0x00000000e7f00000| Untracked 
| 128|0x00000000e8000000, 0x00000000e8000000, 0x00000000e8100000|  0%| F|  |TAMS 0x00000000e8000000, 0x00000000e8000000| Untracked 
| 129|0x00000000e8100000, 0x00000000e8100000, 0x00000000e8200000|  0%| F|  |TAMS 0x00000000e8100000, 0x00000000e8100000| Untracked 
| 130|0x00000000e8200000, 0x00000000e8200000, 0x00000000e8300000|  0%| F|  |TAMS 0x00000000e8200000, 0x00000000e8200000| Untracked 
| 131|0x00000000e8300000, 0x00000000e8300000, 0x00000000e8400000|  0%| F|  |TAMS 0x00000000e8300000, 0x00000000e8300000| Untracked 
| 132|0x00000000e8400000, 0x00000000e8400000, 0x00000000e8500000|  0%| F|  |TAMS 0x00000000e8400000, 0x00000000e8400000| Untracked 
| 133|0x00000000e8500000, 0x00000000e8500000, 0x00000000e8600000|  0%| F|  |TAMS 0x00000000e8500000, 0x00000000e8500000| Untracked 
| 134|0x00000000e8600000, 0x00000000e8600000, 0x00000000e8700000|  0%| F|  |TAMS 0x00000000e8600000, 0x00000000e8600000| Untracked 
| 135|0x00000000e8700000, 0x00000000e8700000, 0x00000000e8800000|  0%| F|  |TAMS 0x00000000e8700000, 0x00000000e8700000| Untracked 
| 136|0x00000000e8800000, 0x00000000e8800000, 0x00000000e8900000|  0%| F|  |TAMS 0x00000000e8800000, 0x00000000e8800000| Untracked 
| 137|0x00000000e8900000, 0x00000000e8900000, 0x00000000e8a00000|  0%| F|  |TAMS 0x00000000e8900000, 0x00000000e8900000| Untracked 
| 138|0x00000000e8a00000, 0x00000000e8a00000, 0x00000000e8b00000|  0%| F|  |TAMS 0x00000000e8a00000, 0x00000000e8a00000| Untracked 
| 139|0x00000000e8b00000, 0x00000000e8b00000, 0x00000000e8c00000|  0%| F|  |TAMS 0x00000000e8b00000, 0x00000000e8b00000| Untracked 
| 140|0x00000000e8c00000, 0x00000000e8c00000, 0x00000000e8d00000|  0%| F|  |TAMS 0x00000000e8c00000, 0x00000000e8c00000| Untracked 
| 141|0x00000000e8d00000, 0x00000000e8d00000, 0x00000000e8e00000|  0%| F|  |TAMS 0x00000000e8d00000, 0x00000000e8d00000| Untracked 
| 142|0x00000000e8e00000, 0x00000000e8e00000, 0x00000000e8f00000|  0%| F|  |TAMS 0x00000000e8e00000, 0x00000000e8e00000| Untracked 
| 143|0x00000000e8f00000, 0x00000000e8f00000, 0x00000000e9000000|  0%| F|  |TAMS 0x00000000e8f00000, 0x00000000e8f00000| Untracked 
| 144|0x00000000e9000000, 0x00000000e9000000, 0x00000000e9100000|  0%| F|  |TAMS 0x00000000e9000000, 0x00000000e9000000| Untracked 
| 145|0x00000000e9100000, 0x00000000e9100000, 0x00000000e9200000|  0%| F|  |TAMS 0x00000000e9100000, 0x00000000e9100000| Untracked 
| 146|0x00000000e9200000, 0x00000000e9200000, 0x00000000e9300000|  0%| F|  |TAMS 0x00000000e9200000, 0x00000000e9200000| Untracked 
| 147|0x00000000e9300000, 0x00000000e9300000, 0x00000000e9400000|  0%| F|  |TAMS 0x00000000e9300000, 0x00000000e9300000| Untracked 
| 148|0x00000000e9400000, 0x00000000e9400000, 0x00000000e9500000|  0%| F|  |TAMS 0x00000000e9400000, 0x00000000e9400000| Untracked 
| 149|0x00000000e9500000, 0x00000000e9500000, 0x00000000e9600000|  0%| F|  |TAMS 0x00000000e9500000, 0x00000000e9500000| Untracked 
| 150|0x00000000e9600000, 0x00000000e9600000, 0x00000000e9700000|  0%| F|  |TAMS 0x00000000e9600000, 0x00000000e9600000| Untracked 
| 151|0x00000000e9700000, 0x00000000e9700000, 0x00000000e9800000|  0%| F|  |TAMS 0x00000000e9700000, 0x00000000e9700000| Untracked 
| 152|0x00000000e9800000, 0x00000000e9800000, 0x00000000e9900000|  0%| F|  |TAMS 0x00000000e9800000, 0x00000000e9800000| Untracked 
| 153|0x00000000e9900000, 0x00000000e9900000, 0x00000000e9a00000|  0%| F|  |TAMS 0x00000000e9900000, 0x00000000e9900000| Untracked 
| 154|0x00000000e9a00000, 0x00000000e9a00000, 0x00000000e9b00000|  0%| F|  |TAMS 0x00000000e9a00000, 0x00000000e9a00000| Untracked 
| 155|0x00000000e9b00000, 0x00000000e9b00000, 0x00000000e9c00000|  0%| F|  |TAMS 0x00000000e9b00000, 0x00000000e9b00000| Untracked 
| 156|0x00000000e9c00000, 0x00000000e9c00000, 0x00000000e9d00000|  0%| F|  |TAMS 0x00000000e9c00000, 0x00000000e9c00000| Untracked 
| 157|0x00000000e9d00000, 0x00000000e9d00000, 0x00000000e9e00000|  0%| F|  |TAMS 0x00000000e9d00000, 0x00000000e9d00000| Untracked 
| 158|0x00000000e9e00000, 0x00000000e9e00000, 0x00000000e9f00000|  0%| F|  |TAMS 0x00000000e9e00000, 0x00000000e9e00000| Untracked 
| 159|0x00000000e9f00000, 0x00000000e9f00000, 0x00000000ea000000|  0%| F|  |TAMS 0x00000000e9f00000, 0x00000000e9f00000| Untracked 
| 160|0x00000000ea000000, 0x00000000ea000000, 0x00000000ea100000|  0%| F|  |TAMS 0x00000000ea000000, 0x00000000ea000000| Untracked 
| 161|0x00000000ea100000, 0x00000000ea100000, 0x00000000ea200000|  0%| F|  |TAMS 0x00000000ea100000, 0x00000000ea100000| Untracked 
| 162|0x00000000ea200000, 0x00000000ea200000, 0x00000000ea300000|  0%| F|  |TAMS 0x00000000ea200000, 0x00000000ea200000| Untracked 
| 163|0x00000000ea300000, 0x00000000ea300000, 0x00000000ea400000|  0%| F|  |TAMS 0x00000000ea300000, 0x00000000ea300000| Untracked 
| 164|0x00000000ea400000, 0x00000000ea400000, 0x00000000ea500000|  0%| F|  |TAMS 0x00000000ea400000, 0x00000000ea400000| Untracked 
| 165|0x00000000ea500000, 0x00000000ea500000, 0x00000000ea600000|  0%| F|  |TAMS 0x00000000ea500000, 0x00000000ea500000| Untracked 
| 166|0x00000000ea600000, 0x00000000ea600000, 0x00000000ea700000|  0%| F|  |TAMS 0x00000000ea600000, 0x00000000ea600000| Untracked 
| 167|0x00000000ea700000, 0x00000000ea700000, 0x00000000ea800000|  0%| F|  |TAMS 0x00000000ea700000, 0x00000000ea700000| Untracked 
| 168|0x00000000ea800000, 0x00000000ea800000, 0x00000000ea900000|  0%| F|  |TAMS 0x00000000ea800000, 0x00000000ea800000| Untracked 
| 169|0x00000000ea900000, 0x00000000ea900000, 0x00000000eaa00000|  0%| F|  |TAMS 0x00000000ea900000, 0x00000000ea900000| Untracked 
| 170|0x00000000eaa00000, 0x00000000eaa00000, 0x00000000eab00000|  0%| F|  |TAMS 0x00000000eaa00000, 0x00000000eaa00000| Untracked 
| 171|0x00000000eab00000, 0x00000000eab00000, 0x00000000eac00000|  0%| F|  |TAMS 0x00000000eab00000, 0x00000000eab00000| Untracked 
| 172|0x00000000eac00000, 0x00000000eac00000, 0x00000000ead00000|  0%| F|  |TAMS 0x00000000eac00000, 0x00000000eac00000| Untracked 
| 173|0x00000000ead00000, 0x00000000ead00000, 0x00000000eae00000|  0%| F|  |TAMS 0x00000000ead00000, 0x00000000ead00000| Untracked 
| 174|0x00000000eae00000, 0x00000000eae00000, 0x00000000eaf00000|  0%| F|  |TAMS 0x00000000eae00000, 0x00000000eae00000| Untracked 
| 175|0x00000000eaf00000, 0x00000000eaf00000, 0x00000000eb000000|  0%| F|  |TAMS 0x00000000eaf00000, 0x00000000eaf00000| Untracked 
| 176|0x00000000eb000000, 0x00000000eb000000, 0x00000000eb100000|  0%| F|  |TAMS 0x00000000eb000000, 0x00000000eb000000| Untracked 
| 177|0x00000000eb100000, 0x00000000eb100000, 0x00000000eb200000|  0%| F|  |TAMS 0x00000000eb100000, 0x00000000eb100000| Untracked 
| 178|0x00000000eb200000, 0x00000000eb200000, 0x00000000eb300000|  0%| F|  |TAMS 0x00000000eb200000, 0x00000000eb200000| Untracked 
| 179|0x00000000eb300000, 0x00000000eb300000, 0x00000000eb400000|  0%| F|  |TAMS 0x00000000eb300000, 0x00000000eb300000| Untracked 
| 180|0x00000000eb400000, 0x00000000eb400000, 0x00000000eb500000|  0%| F|  |TAMS 0x00000000eb400000, 0x00000000eb400000| Untracked 
| 181|0x00000000eb500000, 0x00000000eb500000, 0x00000000eb600000|  0%| F|  |TAMS 0x00000000eb500000, 0x00000000eb500000| Untracked 
| 182|0x00000000eb600000, 0x00000000eb600000, 0x00000000eb700000|  0%| F|  |TAMS 0x00000000eb600000, 0x00000000eb600000| Untracked 
| 183|0x00000000eb700000, 0x00000000eb700000, 0x00000000eb800000|  0%| F|  |TAMS 0x00000000eb700000, 0x00000000eb700000| Untracked 
| 184|0x00000000eb800000, 0x00000000eb800000, 0x00000000eb900000|  0%| F|  |TAMS 0x00000000eb800000, 0x00000000eb800000| Untracked 
| 185|0x00000000eb900000, 0x00000000eb900000, 0x00000000eba00000|  0%| F|  |TAMS 0x00000000eb900000, 0x00000000eb900000| Untracked 
| 186|0x00000000eba00000, 0x00000000eba00000, 0x00000000ebb00000|  0%| F|  |TAMS 0x00000000eba00000, 0x00000000eba00000| Untracked 
| 187|0x00000000ebb00000, 0x00000000ebb00000, 0x00000000ebc00000|  0%| F|  |TAMS 0x00000000ebb00000, 0x00000000ebb00000| Untracked 
| 188|0x00000000ebc00000, 0x00000000ebc00000, 0x00000000ebd00000|  0%| F|  |TAMS 0x00000000ebc00000, 0x00000000ebc00000| Untracked 
| 189|0x00000000ebd00000, 0x00000000ebd00000, 0x00000000ebe00000|  0%| F|  |TAMS 0x00000000ebd00000, 0x00000000ebd00000| Untracked 
| 190|0x00000000ebe00000, 0x00000000ebe00000, 0x00000000ebf00000|  0%| F|  |TAMS 0x00000000ebe00000, 0x00000000ebe00000| Untracked 
| 191|0x00000000ebf00000, 0x00000000ebf00000, 0x00000000ec000000|  0%| F|  |TAMS 0x00000000ebf00000, 0x00000000ebf00000| Untracked 
| 192|0x00000000ec000000, 0x00000000ec000000, 0x00000000ec100000|  0%| F|  |TAMS 0x00000000ec000000, 0x00000000ec000000| Untracked 
| 193|0x00000000ec100000, 0x00000000ec100000, 0x00000000ec200000|  0%| F|  |TAMS 0x00000000ec100000, 0x00000000ec100000| Untracked 
| 194|0x00000000ec200000, 0x00000000ec200000, 0x00000000ec300000|  0%| F|  |TAMS 0x00000000ec200000, 0x00000000ec200000| Untracked 
| 195|0x00000000ec300000, 0x00000000ec300000, 0x00000000ec400000|  0%| F|  |TAMS 0x00000000ec300000, 0x00000000ec300000| Untracked 
| 196|0x00000000ec400000, 0x00000000ec400000, 0x00000000ec500000|  0%| F|  |TAMS 0x00000000ec400000, 0x00000000ec400000| Untracked 
| 197|0x00000000ec500000, 0x00000000ec500000, 0x00000000ec600000|  0%| F|  |TAMS 0x00000000ec500000, 0x00000000ec500000| Untracked 
| 198|0x00000000ec600000, 0x00000000ec600000, 0x00000000ec700000|  0%| F|  |TAMS 0x00000000ec600000, 0x00000000ec600000| Untracked 
| 199|0x00000000ec700000, 0x00000000ec700000, 0x00000000ec800000|  0%| F|  |TAMS 0x00000000ec700000, 0x00000000ec700000| Untracked 
| 200|0x00000000ec800000, 0x00000000ec892b30, 0x00000000ec900000| 57%| S|CS|TAMS 0x00000000ec800000, 0x00000000ec800000| Complete 
| 201|0x00000000ec900000, 0x00000000eca00000, 0x00000000eca00000|100%| S|CS|TAMS 0x00000000ec900000, 0x00000000ec900000| Complete 
| 202|0x00000000eca00000, 0x00000000ecb00000, 0x00000000ecb00000|100%| S|CS|TAMS 0x00000000eca00000, 0x00000000eca00000| Complete 
| 203|0x00000000ecb00000, 0x00000000ecc00000, 0x00000000ecc00000|100%| S|CS|TAMS 0x00000000ecb00000, 0x00000000ecb00000| Complete 
| 204|0x00000000ecc00000, 0x00000000ecd00000, 0x00000000ecd00000|100%| S|CS|TAMS 0x00000000ecc00000, 0x00000000ecc00000| Complete 
| 205|0x00000000ecd00000, 0x00000000ecd00000, 0x00000000ece00000|  0%| F|  |TAMS 0x00000000ecd00000, 0x00000000ecd00000| Untracked 
| 206|0x00000000ece00000, 0x00000000ece00000, 0x00000000ecf00000|  0%| F|  |TAMS 0x00000000ece00000, 0x00000000ece00000| Untracked 
| 207|0x00000000ecf00000, 0x00000000ecf00000, 0x00000000ed000000|  0%| F|  |TAMS 0x00000000ecf00000, 0x00000000ecf00000| Untracked 
| 208|0x00000000ed000000, 0x00000000ed000000, 0x00000000ed100000|  0%| F|  |TAMS 0x00000000ed000000, 0x00000000ed000000| Untracked 
| 209|0x00000000ed100000, 0x00000000ed100000, 0x00000000ed200000|  0%| F|  |TAMS 0x00000000ed100000, 0x00000000ed100000| Untracked 
| 210|0x00000000ed200000, 0x00000000ed200000, 0x00000000ed300000|  0%| F|  |TAMS 0x00000000ed200000, 0x00000000ed200000| Untracked 
| 211|0x00000000ed300000, 0x00000000ed300000, 0x00000000ed400000|  0%| F|  |TAMS 0x00000000ed300000, 0x00000000ed300000| Untracked 
| 212|0x00000000ed400000, 0x00000000ed400000, 0x00000000ed500000|  0%| F|  |TAMS 0x00000000ed400000, 0x00000000ed400000| Untracked 
| 213|0x00000000ed500000, 0x00000000ed500000, 0x00000000ed600000|  0%| F|  |TAMS 0x00000000ed500000, 0x00000000ed500000| Untracked 
| 214|0x00000000ed600000, 0x00000000ed600000, 0x00000000ed700000|  0%| F|  |TAMS 0x00000000ed600000, 0x00000000ed600000| Untracked 
| 215|0x00000000ed700000, 0x00000000ed700000, 0x00000000ed800000|  0%| F|  |TAMS 0x00000000ed700000, 0x00000000ed700000| Untracked 
| 216|0x00000000ed800000, 0x00000000ed900000, 0x00000000ed900000|100%| E|  |TAMS 0x00000000ed800000, 0x00000000ed800000| Complete 
| 217|0x00000000ed900000, 0x00000000eda00000, 0x00000000eda00000|100%| E|CS|TAMS 0x00000000ed900000, 0x00000000ed900000| Complete 
| 218|0x00000000eda00000, 0x00000000edb00000, 0x00000000edb00000|100%| E|CS|TAMS 0x00000000eda00000, 0x00000000eda00000| Complete 
| 219|0x00000000edb00000, 0x00000000edc00000, 0x00000000edc00000|100%| E|CS|TAMS 0x00000000edb00000, 0x00000000edb00000| Complete 
| 220|0x00000000edc00000, 0x00000000edd00000, 0x00000000edd00000|100%| E|CS|TAMS 0x00000000edc00000, 0x00000000edc00000| Complete 
| 221|0x00000000edd00000, 0x00000000ede00000, 0x00000000ede00000|100%| E|CS|TAMS 0x00000000edd00000, 0x00000000edd00000| Complete 
| 222|0x00000000ede00000, 0x00000000edf00000, 0x00000000edf00000|100%| E|CS|TAMS 0x00000000ede00000, 0x00000000ede00000| Complete 
| 223|0x00000000edf00000, 0x00000000ee000000, 0x00000000ee000000|100%| E|CS|TAMS 0x00000000edf00000, 0x00000000edf00000| Complete 
| 224|0x00000000ee000000, 0x00000000ee100000, 0x00000000ee100000|100%| E|CS|TAMS 0x00000000ee000000, 0x00000000ee000000| Complete 
| 225|0x00000000ee100000, 0x00000000ee200000, 0x00000000ee200000|100%| E|CS|TAMS 0x00000000ee100000, 0x00000000ee100000| Complete 
| 226|0x00000000ee200000, 0x00000000ee300000, 0x00000000ee300000|100%| E|CS|TAMS 0x00000000ee200000, 0x00000000ee200000| Complete 
| 227|0x00000000ee300000, 0x00000000ee400000, 0x00000000ee400000|100%| E|CS|TAMS 0x00000000ee300000, 0x00000000ee300000| Complete 
| 228|0x00000000ee400000, 0x00000000ee500000, 0x00000000ee500000|100%| E|CS|TAMS 0x00000000ee400000, 0x00000000ee400000| Complete 
| 229|0x00000000ee500000, 0x00000000ee600000, 0x00000000ee600000|100%| E|CS|TAMS 0x00000000ee500000, 0x00000000ee500000| Complete 
| 230|0x00000000ee600000, 0x00000000ee700000, 0x00000000ee700000|100%| E|CS|TAMS 0x00000000ee600000, 0x00000000ee600000| Complete 
| 231|0x00000000ee700000, 0x00000000ee800000, 0x00000000ee800000|100%| E|CS|TAMS 0x00000000ee700000, 0x00000000ee700000| Complete 
| 232|0x00000000ee800000, 0x00000000ee900000, 0x00000000ee900000|100%| E|CS|TAMS 0x00000000ee800000, 0x00000000ee800000| Complete 
| 233|0x00000000ee900000, 0x00000000eea00000, 0x00000000eea00000|100%| E|CS|TAMS 0x00000000ee900000, 0x00000000ee900000| Complete 
| 234|0x00000000eea00000, 0x00000000eeb00000, 0x00000000eeb00000|100%| E|CS|TAMS 0x00000000eea00000, 0x00000000eea00000| Complete 
| 235|0x00000000eeb00000, 0x00000000eec00000, 0x00000000eec00000|100%| E|CS|TAMS 0x00000000eeb00000, 0x00000000eeb00000| Complete 
| 236|0x00000000eec00000, 0x00000000eed00000, 0x00000000eed00000|100%| E|CS|TAMS 0x00000000eec00000, 0x00000000eec00000| Complete 
| 237|0x00000000eed00000, 0x00000000eee00000, 0x00000000eee00000|100%| E|CS|TAMS 0x00000000eed00000, 0x00000000eed00000| Complete 
| 238|0x00000000eee00000, 0x00000000eef00000, 0x00000000eef00000|100%| E|CS|TAMS 0x00000000eee00000, 0x00000000eee00000| Complete 
| 239|0x00000000eef00000, 0x00000000ef000000, 0x00000000ef000000|100%| E|CS|TAMS 0x00000000eef00000, 0x00000000eef00000| Complete 
| 240|0x00000000ef000000, 0x00000000ef100000, 0x00000000ef100000|100%| E|CS|TAMS 0x00000000ef000000, 0x00000000ef000000| Complete 
| 241|0x00000000ef100000, 0x00000000ef200000, 0x00000000ef200000|100%| E|CS|TAMS 0x00000000ef100000, 0x00000000ef100000| Complete 
| 242|0x00000000ef200000, 0x00000000ef300000, 0x00000000ef300000|100%| E|CS|TAMS 0x00000000ef200000, 0x00000000ef200000| Complete 
| 243|0x00000000ef300000, 0x00000000ef400000, 0x00000000ef400000|100%| E|CS|TAMS 0x00000000ef300000, 0x00000000ef300000| Complete 
| 244|0x00000000ef400000, 0x00000000ef500000, 0x00000000ef500000|100%| E|CS|TAMS 0x00000000ef400000, 0x00000000ef400000| Complete 
| 245|0x00000000ef500000, 0x00000000ef600000, 0x00000000ef600000|100%| E|CS|TAMS 0x00000000ef500000, 0x00000000ef500000| Complete 
| 246|0x00000000ef600000, 0x00000000ef700000, 0x00000000ef700000|100%| E|CS|TAMS 0x00000000ef600000, 0x00000000ef600000| Complete 
| 247|0x00000000ef700000, 0x00000000ef800000, 0x00000000ef800000|100%| E|CS|TAMS 0x00000000ef700000, 0x00000000ef700000| Complete 
| 248|0x00000000ef800000, 0x00000000ef900000, 0x00000000ef900000|100%| E|CS|TAMS 0x00000000ef800000, 0x00000000ef800000| Complete 
| 249|0x00000000ef900000, 0x00000000efa00000, 0x00000000efa00000|100%| E|CS|TAMS 0x00000000ef900000, 0x00000000ef900000| Complete 
| 250|0x00000000efa00000, 0x00000000efb00000, 0x00000000efb00000|100%| E|CS|TAMS 0x00000000efa00000, 0x00000000efa00000| Complete 
| 251|0x00000000efb00000, 0x00000000efc00000, 0x00000000efc00000|100%| E|CS|TAMS 0x00000000efb00000, 0x00000000efb00000| Complete 
| 252|0x00000000efc00000, 0x00000000efd00000, 0x00000000efd00000|100%| E|CS|TAMS 0x00000000efc00000, 0x00000000efc00000| Complete 
| 253|0x00000000efd00000, 0x00000000efe00000, 0x00000000efe00000|100%| E|CS|TAMS 0x00000000efd00000, 0x00000000efd00000| Complete 
| 254|0x00000000efe00000, 0x00000000eff00000, 0x00000000eff00000|100%| E|CS|TAMS 0x00000000efe00000, 0x00000000efe00000| Complete 
| 255|0x00000000eff00000, 0x00000000f0000000, 0x00000000f0000000|100%| E|CS|TAMS 0x00000000eff00000, 0x00000000eff00000| Complete 

Card table byte_map: [0x0000027854890000,0x0000027854990000] _byte_map_base: 0x0000027854190000

Marking Bits (Prev, Next): (CMBitMap*) 0x000002783dbe73a0, (CMBitMap*) 0x000002783dbe73e0
 Prev Bits: [0x0000027854a90000, 0x0000027855290000)
 Next Bits: [0x0000027855290000, 0x0000027855a90000)

Polling page: 0x000002783d380000

Metaspace:

Usage:
  Non-class:     11.19 MB used.
      Class:      1.77 MB used.
       Both:     12.97 MB used.

Virtual space:
  Non-class space:       64.00 MB reserved,      11.31 MB ( 18%) committed,  1 nodes.
      Class space:      320.00 MB reserved,       1.94 MB ( <1%) committed,  1 nodes.
             Both:      384.00 MB reserved,      13.25 MB (  3%) committed. 

Chunk freelists:
   Non-Class:  4.28 MB
       Class:  14.09 MB
        Both:  18.38 MB

MaxMetaspaceSize: 384.00 MB
CompressedClassSpaceSize: 320.00 MB
Initial GC threshold: 21.00 MB
Current GC threshold: 21.00 MB
CDS: on
MetaspaceReclaimPolicy: balanced
 - commit_granule_bytes: 65536.
 - commit_granule_words: 8192.
 - virtual_space_node_default_size: 8388608.
 - enlarge_chunks_in_place: 1.
 - new_chunks_are_fully_committed: 0.
 - uncommit_free_chunks: 1.
 - use_allocation_guard: 0.
 - handle_deallocations: 1.


Internal statistics:

num_allocs_failed_limit: 0.
num_arena_births: 168.
num_arena_deaths: 0.
num_vsnodes_births: 2.
num_vsnodes_deaths: 0.
num_space_committed: 212.
num_space_uncommitted: 0.
num_chunks_returned_to_freelist: 0.
num_chunks_taken_from_freelist: 555.
num_chunk_merges: 0.
num_chunk_splits: 380.
num_chunks_enlarged: 293.
num_inconsistent_stats: 0.

CodeHeap 'non-profiled nmethods': size=120000Kb used=1144Kb max_used=1144Kb free=118855Kb
 bounds [0x000002784cf30000, 0x000002784d1a0000, 0x0000027854460000]
CodeHeap 'profiled nmethods': size=120000Kb used=4668Kb max_used=4668Kb free=115331Kb
 bounds [0x0000027845460000, 0x00000278458f0000, 0x000002784c990000]
CodeHeap 'non-nmethods': size=5760Kb used=1216Kb max_used=1236Kb free=4543Kb
 bounds [0x000002784c990000, 0x000002784cc00000, 0x000002784cf30000]
 total_blobs=2846 nmethods=2326 adapters=432
 compilation: enabled
              stopped_count=0, restarted_count=0
 full_count=0

Compilation events (20 events):
Event: 34.372 Thread 0x00000278584c9f90 2321       3       jdk.internal.org.objectweb.asm.Handler::<init> (32 bytes)
Event: 34.373 Thread 0x00000278584c9f90 nmethod 2321 0x00000278458e8190 code [0x00000278458e8340, 0x00000278458e8618]
Event: 34.374 Thread 0x00000278584c9f90 2322       3       org.gradle.internal.service.DefaultServiceRegistry$FactoryService::<init> (14 bytes)
Event: 34.374 Thread 0x00000278584c9f90 nmethod 2322 0x00000278458e8710 code [0x00000278458e88c0, 0x00000278458e8a68]
Event: 34.374 Thread 0x00000278584c9f90 2324       3       org.gradle.internal.service.DefaultServiceRegistry::validateImplementationForServiceTypes (84 bytes)
Event: 34.376 Thread 0x00000278584c9f90 nmethod 2324 0x00000278458e8b10 code [0x00000278458e8e20, 0x00000278458ea058]
Event: 34.376 Thread 0x00000278584c9f90 2325       3       java.lang.Class::createAnnotationData (195 bytes)
Event: 34.377 Thread 0x00000278584c9f90 nmethod 2325 0x00000278458ea690 code [0x00000278458eaa00, 0x00000278458ebfd8]
Event: 34.378 Thread 0x00000278584c9f90 2326       3       java.lang.Class$Atomic::casAnnotationData (13 bytes)
Event: 34.378 Thread 0x00000278584c9f90 nmethod 2326 0x00000278458ec690 code [0x00000278458ec820, 0x00000278458ec978]
Event: 34.378 Thread 0x00000278584c9f90 2323       3       org.gradle.internal.service.DefaultServiceRegistry::access$2700 (6 bytes)
Event: 34.378 Thread 0x00000278584c9f90 nmethod 2323 0x00000278458eca10 code [0x00000278458ecba0, 0x00000278458ecca8]
Event: 34.451 Thread 0x00000278584c9f90 2327   !   3       java.util.stream.ReferencePipeline$7$1::accept (127 bytes)
Event: 34.452 Thread 0x00000278584c9f90 nmethod 2327 0x00000278458ecd90 code [0x00000278458ed020, 0x00000278458edfd8]
Event: 34.452 Thread 0x00000278584c9f90 2328       3       java.util.stream.AbstractPipeline::sequential (10 bytes)
Event: 34.452 Thread 0x00000278584c9f90 nmethod 2328 0x00000278458ee610 code [0x00000278458ee7a0, 0x00000278458ee8b8]
Event: 34.452 Thread 0x00000278584c9f90 2329       3       java.util.stream.AbstractPipeline::close (48 bytes)
Event: 34.453 Thread 0x00000278584c9f90 nmethod 2329 0x00000278458ee990 code [0x00000278458eeb40, 0x00000278458eede8]
Event: 34.453 Thread 0x00000278584c9f90 2330       3       sun.management.MemoryPoolImpl::getType (15 bytes)
Event: 34.454 Thread 0x00000278584c9f90 nmethod 2330 0x00000278458eef10 code [0x00000278458ef0a0, 0x00000278458ef238]

GC Heap History (6 events):
Event: 3.592 GC heap before
{Heap before GC invocations=0 (full 0):
 garbage-first heap   total 262144K, used 22528K [0x00000000e0000000, 0x0000000100000000)
  region size 1024K, 23 young (23552K), 0 survivors (0K)
 Metaspace       used 1081K, committed 1216K, reserved 393216K
  class space    used 73K, committed 128K, reserved 327680K
}
Event: 3.847 GC heap after
{Heap after GC invocations=1 (full 0):
 garbage-first heap   total 262144K, used 3909K [0x00000000e0000000, 0x0000000100000000)
  region size 1024K, 3 young (3072K), 3 survivors (3072K)
 Metaspace       used 1081K, committed 1216K, reserved 393216K
  class space    used 73K, committed 128K, reserved 327680K
}
Event: 9.093 GC heap before
{Heap before GC invocations=1 (full 0):
 garbage-first heap   total 262144K, used 40773K [0x00000000e0000000, 0x0000000100000000)
  region size 1024K, 36 young (36864K), 3 survivors (3072K)
 Metaspace       used 4334K, committed 4544K, reserved 393216K
  class space    used 542K, committed 640K, reserved 327680K
}
Event: 9.098 GC heap after
{Heap after GC invocations=2 (full 0):
 garbage-first heap   total 262144K, used 10995K [0x00000000e0000000, 0x0000000100000000)
  region size 1024K, 5 young (5120K), 5 survivors (5120K)
 Metaspace       used 4334K, committed 4544K, reserved 393216K
  class space    used 542K, committed 640K, reserved 327680K
}
Event: 16.499 GC heap before
{Heap before GC invocations=2 (full 0):
 garbage-first heap   total 262144K, used 60147K [0x00000000e0000000, 0x0000000100000000)
  region size 1024K, 51 young (52224K), 5 survivors (5120K)
 Metaspace       used 4865K, committed 5056K, reserved 393216K
  class space    used 629K, committed 704K, reserved 327680K
}
Event: 16.506 GC heap after
{Heap after GC invocations=3 (full 0):
 garbage-first heap   total 262144K, used 16675K [0x00000000e0000000, 0x0000000100000000)
  region size 1024K, 5 young (5120K), 5 survivors (5120K)
 Metaspace       used 4865K, committed 5056K, reserved 393216K
  class space    used 629K, committed 704K, reserved 327680K
}

Deoptimization events (20 events):
Event: 30.241 Thread 0x0000027872b74200 Uncommon trap: trap_request=0xffffff45 fr.pc=0x000002784cf50114 relative=0x0000000000000434
Event: 30.241 Thread 0x0000027872b74200 Uncommon trap: reason=unstable_if action=reinterpret pc=0x000002784cf50114 method=java.util.regex.Matcher.match(II)Z @ 76 c2
Event: 30.241 Thread 0x0000027872b74200 DEOPT PACKING pc=0x000002784cf50114 sp=0x000000efaf1fdc40
Event: 30.242 Thread 0x0000027872b74200 DEOPT UNPACKING pc=0x000002784c9e23a3 sp=0x000000efaf1fdc10 mode 2
Event: 30.444 Thread 0x0000027872c58ef0 Uncommon trap: trap_request=0xffffffc6 fr.pc=0x000002784d0181ac relative=0x0000000000000dac
Event: 30.444 Thread 0x0000027872c58ef0 Uncommon trap: reason=bimorphic_or_optimized_type_check action=maybe_recompile pc=0x000002784d0181ac method=java.util.HashMap.getNode(Ljava/lang/Object;)Ljava/util/HashMap$Node; @ 128 c2
Event: 30.444 Thread 0x0000027872c58ef0 DEOPT PACKING pc=0x000002784d0181ac sp=0x000000efaf0fe540
Event: 30.444 Thread 0x0000027872c58ef0 DEOPT UNPACKING pc=0x000002784c9e23a3 sp=0x000000efaf0fe488 mode 2
Event: 32.874 Thread 0x00000278735c14b0 Uncommon trap: trap_request=0xffffff45 fr.pc=0x000002784d017810 relative=0x0000000000000410
Event: 32.874 Thread 0x00000278735c14b0 Uncommon trap: reason=unstable_if action=reinterpret pc=0x000002784d017810 method=java.util.HashMap.getNode(Ljava/lang/Object;)Ljava/util/HashMap$Node; @ 66 c2
Event: 32.874 Thread 0x00000278735c14b0 DEOPT PACKING pc=0x000002784d017810 sp=0x000000efaf3fc290
Event: 32.874 Thread 0x00000278735c14b0 DEOPT UNPACKING pc=0x000002784c9e23a3 sp=0x000000efaf3fc1e0 mode 2
Event: 32.875 Thread 0x00000278735c14b0 Uncommon trap: trap_request=0xffffff45 fr.pc=0x000002784cf7aee0 relative=0x0000000000000420
Event: 32.875 Thread 0x00000278735c14b0 Uncommon trap: reason=unstable_if action=reinterpret pc=0x000002784cf7aee0 method=java.util.HashMap.getNode(Ljava/lang/Object;)Ljava/util/HashMap$Node; @ 66 c2
Event: 32.875 Thread 0x00000278735c14b0 DEOPT PACKING pc=0x000002784cf7aee0 sp=0x000000efaf3fc250
Event: 32.875 Thread 0x00000278735c14b0 DEOPT UNPACKING pc=0x000002784c9e23a3 sp=0x000000efaf3fc1e0 mode 2
Event: 32.896 Thread 0x00000278735c14b0 Uncommon trap: trap_request=0xffffff45 fr.pc=0x000002784cff7478 relative=0x0000000000000258
Event: 32.896 Thread 0x00000278735c14b0 Uncommon trap: reason=unstable_if action=reinterpret pc=0x000002784cff7478 method=java.util.concurrent.ConcurrentHashMap.get(Ljava/lang/Object;)Ljava/lang/Object; @ 76 c2
Event: 32.896 Thread 0x00000278735c14b0 DEOPT PACKING pc=0x000002784cff7478 sp=0x000000efaf3fb730
Event: 32.897 Thread 0x00000278735c14b0 DEOPT UNPACKING pc=0x000002784c9e23a3 sp=0x000000efaf3fb698 mode 2

Classes unloaded (0 events):
No events

Classes redefined (0 events):
No events

Internal exceptions (20 events):
Event: 6.082 Thread 0x000002783dbba250 Exception <a 'java/lang/NoSuchMethodError'{0x00000000ef67d190}: 'int java.lang.invoke.DirectMethodHandle$Holder.invokeStatic(java.lang.Object)'> (0x00000000ef67d190) 
thrown [s\open\src\hotspot\share\interpreter\linkResolver.cpp, line 759]
Event: 6.083 Thread 0x000002783dbba250 Exception <a 'java/lang/NoSuchMethodError'{0x00000000ef6808a0}: 'int java.lang.invoke.DirectMethodHandle$Holder.invokeStaticInit(java.lang.Object)'> (0x00000000ef6808a0) 
thrown [s\open\src\hotspot\share\interpreter\linkResolver.cpp, line 759]
Event: 7.693 Thread 0x000002783dbba250 Exception <a 'java/lang/NoSuchMethodError'{0x00000000eed73748}: 'void java.lang.invoke.DirectMethodHandle$Holder.invokeInterface(java.lang.Object, java.lang.Object, java.lang.Object)'> (0x00000000eed73748) 
thrown [s\open\src\hotspot\share\interpreter\linkResolver.cpp, line 759]
Event: 17.770 Thread 0x000002783dbba250 Exception <a 'java/lang/NoSuchMethodError'{0x00000000ef81d1f0}: 'java.lang.Object java.lang.invoke.DirectMethodHandle$Holder.invokeStaticInit(java.lang.Object)'> (0x00000000ef81d1f0) 
thrown [s\open\src\hotspot\share\interpreter\linkResolver.cpp, line 759]
Event: 18.344 Thread 0x000002783dbba250 Exception <a 'java/lang/NoSuchMethodError'{0x00000000ef8a6530}: 'java.lang.Object java.lang.invoke.DirectMethodHandle$Holder.invokeInterface(java.lang.Object, java.lang.Object)'> (0x00000000ef8a6530) 
thrown [s\open\src\hotspot\share\interpreter\linkResolver.cpp, line 759]
Event: 19.636 Thread 0x000002783dbba250 Exception <a 'java/lang/NoSuchMethodError'{0x00000000ef260288}: 'java.lang.Object java.lang.invoke.DirectMethodHandle$Holder.invokeStaticInit(java.lang.Object, int, int, int, int)'> (0x00000000ef260288) 
thrown [s\open\src\hotspot\share\interpreter\linkResolver.cpp, line 759]
Event: 22.950 Thread 0x000002783dbba250 Exception <a 'java/lang/NoSuchMethodError'{0x00000000ef2cc578}: 'java.lang.Object java.lang.invoke.DirectMethodHandle$Holder.invokeStaticInit(java.lang.Object, java.lang.Object, int, int, int, int)'> (0x00000000ef2cc578) 
thrown [s\open\src\hotspot\share\interpreter\linkResolver.cpp, line 759]
Event: 28.186 Thread 0x000002783dbba250 Exception <a 'java/lang/NoSuchMethodError'{0x00000000ef0e78c8}: 'void java.lang.invoke.DirectMethodHandle$Holder.invokeStatic(java.lang.Object, java.lang.Object, java.lang.Object)'> (0x00000000ef0e78c8) 
thrown [s\open\src\hotspot\share\interpreter\linkResolver.cpp, line 759]
Event: 28.389 Thread 0x000002783dbba250 Exception <a 'java/io/IOException'{0x00000000eee09430}> (0x00000000eee09430) 
thrown [s\open\src\hotspot\share\prims\jni.cpp, line 516]
Event: 28.564 Thread 0x000002783dbba250 Implicit null exception at 0x000002784cf9b772 to 0x000002784cf9bd8c
Event: 28.581 Thread 0x000002783dbba250 Exception <a 'java/lang/NoSuchMethodError'{0x00000000eee68c68}: 'java.lang.Object java.lang.invoke.DirectMethodHandle$Holder.newInvokeSpecial(java.lang.Object, java.lang.Object, java.lang.Object, java.lang.Object, java.lang.Object)'> (0x00000000eee68c68) 
thrown [s\open\src\hotspot\share\interpreter\linkResolver.cpp, line 759]
Event: 30.448 Thread 0x0000027872c58ef0 Exception <a 'java/lang/NoSuchMethodError'{0x00000000eeb77d08}: 'void java.lang.invoke.DirectMethodHandle$Holder.invokeSpecial(java.lang.Object, java.lang.Object, java.lang.Object)'> (0x00000000eeb77d08) 
thrown [s\open\src\hotspot\share\interpreter\linkResolver.cpp, line 759]
Event: 31.511 Thread 0x00000278735c14b0 Exception <a 'java/lang/NoSuchMethodError'{0x00000000ee666d60}: 'long java.lang.invoke.DirectMethodHandle$Holder.invokeInterface(java.lang.Object, java.lang.Object)'> (0x00000000ee666d60) 
thrown [s\open\src\hotspot\share\interpreter\linkResolver.cpp, line 759]
Event: 32.532 Thread 0x00000278735c14b0 Exception <a 'java/lang/NoSuchMethodError'{0x00000000ee2d8460}: 'void java.lang.invoke.DirectMethodHandle$Holder.invokeStatic(java.lang.Object, java.lang.Object)'> (0x00000000ee2d8460) 
thrown [s\open\src\hotspot\share\interpreter\linkResolver.cpp, line 759]
Event: 33.019 Thread 0x00000278735c14b0 Exception <a 'java/lang/NoSuchMethodError'{0x00000000ee0f1f90}: 'int java.lang.invoke.DirectMethodHandle$Holder.invokeVirtual(java.lang.Object, java.lang.Object, java.lang.Object)'> (0x00000000ee0f1f90) 
thrown [s\open\src\hotspot\share\interpreter\linkResolver.cpp, line 759]
Event: 33.326 Thread 0x00000278735c14b0 Exception <a 'java/lang/NoSuchMethodError'{0x00000000edd7b088}: 'java.lang.Object java.lang.invoke.DirectMethodHandle$Holder.newInvokeSpecial(java.lang.Object, java.lang.Object, java.lang.Object, java.lang.Object, java.lang.Object, java.lang.Object)'> (0x00000000edd7b088) 
thrown [s\open\src\hotspot\share\interpreter\linkResolver.cpp, line 759]
Event: 34.062 Thread 0x00000278735c14b0 Exception <a 'java/lang/NoSuchMethodError'{0x00000000eda7d190}: 'void java.lang.invoke.DelegatingMethodHandle$Holder.reinvoke_L(java.lang.Object, java.lang.Object, java.lang.Object, java.lang.Object, java.lang.Object, java.lang.Object, java.lang.Object, java.lang.Object, java.lang.Object, java.lang.Object)'> (0x00000000eda7d190) 
thrown [s\open\src\hotspot\share\interpreter\linkResolver.cpp, line 759]
Event: 34.063 Thread 0x00000278735c14b0 Exception <a 'java/lang/NoSuchMethodError'{0x00000000eda85840}: 'java.lang.Object java.lang.invoke.DirectMethodHandle$Holder.invokeSpecial(java.lang.Object, java.lang.Object, java.lang.Object, java.lang.Object, java.lang.Object, java.lang.Object, java.lang.Object, java.lang.Object, java.lang.Object, java.lang.Object)'> (0x00000000eda85840) 
thrown [s\open\src\hotspot\share\interpreter\linkResolver.cpp, line 759]
Event: 34.063 Thread 0x00000278735c14b0 Exception <a 'java/lang/NoSuchMethodError'{0x00000000eda8a110}: 'java.lang.Object java.lang.invoke.Invokers$Holder.invoker(java.lang.Object, java.lang.Object, java.lang.Object, java.lang.Object, java.lang.Object, java.lang.Object, java.lang.Object, java.lang.Object, java.lang.Object, java.lang.Object)'> (0x00000000eda8a110) 
thrown [s\open\src\hotspot\share\interpreter\linkResolver.cpp, line 759]
Event: 34.064 Thread 0x00000278735c14b0 Exception <a 'java/lang/NoSuchMethodError'{0x00000000eda8fd18}: 'java.lang.Object java.lang.invoke.DirectMethodHandle$Holder.invokeSpecial(java.lang.Object, java.lang.Object, java.lang.Object, java.lang.Object, java.lang.Object, java.lang.Object, java.lang.Object, java.lang.Object, java.lang.Object, java.lang.Object, java.lang.Object)'> (0x00000000eda8fd18) 
thrown [s\open\src\hotspot\share\interpreter\linkResolver.cpp, line 759]

VM Operations (20 events):
Event: 25.840 Executing VM operation: Cleanup
Event: 25.840 Executing VM operation: Cleanup done
Event: 26.843 Executing VM operation: Cleanup
Event: 26.843 Executing VM operation: Cleanup done
Event: 27.847 Executing VM operation: Cleanup
Event: 27.894 Executing VM operation: Cleanup done
Event: 28.183 Executing VM operation: HandshakeAllThreads
Event: 28.183 Executing VM operation: HandshakeAllThreads done
Event: 29.196 Executing VM operation: Cleanup
Event: 29.196 Executing VM operation: Cleanup done
Event: 29.416 Executing VM operation: HandshakeAllThreads
Event: 29.416 Executing VM operation: HandshakeAllThreads done
Event: 30.420 Executing VM operation: Cleanup
Event: 30.420 Executing VM operation: Cleanup done
Event: 31.421 Executing VM operation: Cleanup
Event: 31.504 Executing VM operation: Cleanup done
Event: 32.516 Executing VM operation: Cleanup
Event: 32.517 Executing VM operation: Cleanup done
Event: 33.520 Executing VM operation: Cleanup
Event: 33.567 Executing VM operation: Cleanup done

Events (20 events):
Event: 32.895 loading class jdk/internal/vm/annotation/IntrinsicCandidate
Event: 32.895 loading class jdk/internal/vm/annotation/IntrinsicCandidate done
Event: 32.901 loading class java/util/stream/MatchOps$MatchKind
Event: 32.901 loading class java/util/stream/MatchOps$MatchKind done
Event: 32.901 loading class java/util/stream/MatchOps
Event: 32.901 loading class java/util/stream/MatchOps done
Event: 32.902 loading class java/util/stream/MatchOps$MatchOp
Event: 32.902 loading class java/util/stream/MatchOps$MatchOp done
Event: 32.902 loading class java/util/stream/MatchOps$BooleanTerminalSink
Event: 32.902 loading class java/util/stream/MatchOps$BooleanTerminalSink done
Event: 32.903 loading class java/util/stream/MatchOps$1MatchSink
Event: 32.903 loading class java/util/stream/MatchOps$1MatchSink done
Event: 33.162 loading class java/lang/TypeNotPresentException
Event: 33.163 loading class java/lang/TypeNotPresentException done
Event: 33.381 loading class java/lang/invoke/MethodHandle$1
Event: 33.381 loading class java/lang/invoke/MethodHandle$1 done
Event: 33.571 loading class java/util/ConcurrentModificationException
Event: 33.571 loading class java/util/ConcurrentModificationException done
Event: 33.778 loading class sun/reflect/generics/scope/ConstructorScope
Event: 33.778 loading class sun/reflect/generics/scope/ConstructorScope done


Dynamic libraries:
0x00007ff6970e0000 - 0x00007ff6970f0000 	D:\programfile\java17\bin\java.exe
0x00007ff9003f0000 - 0x00007ff900607000 	C:\WINDOWS\SYSTEM32\ntdll.dll
0x00007ff8fe420000 - 0x00007ff8fe4e4000 	C:\WINDOWS\System32\KERNEL32.DLL
0x00007ff8fd990000 - 0x00007ff8fdd60000 	C:\WINDOWS\System32\KERNELBASE.dll
0x00007ff8fd7f0000 - 0x00007ff8fd901000 	C:\WINDOWS\System32\ucrtbase.dll
0x00007ff8e3e90000 - 0x00007ff8e3ea9000 	D:\programfile\java17\bin\jli.dll
0x00007ff900200000 - 0x00007ff9002b1000 	C:\WINDOWS\System32\ADVAPI32.dll
0x00007ff8fe370000 - 0x00007ff8fe417000 	C:\WINDOWS\System32\msvcrt.dll
0x00007ff8ffae0000 - 0x00007ff8ffb87000 	C:\WINDOWS\System32\sechost.dll
0x00007ff8fd6a0000 - 0x00007ff8fd6c8000 	C:\WINDOWS\System32\bcrypt.dll
0x00007ff8ff590000 - 0x00007ff8ff6a4000 	C:\WINDOWS\System32\RPCRT4.dll
0x00007ff8feb10000 - 0x00007ff8fecbe000 	C:\WINDOWS\System32\USER32.dll
0x00007ff8fdf40000 - 0x00007ff8fdf66000 	C:\WINDOWS\System32\win32u.dll
0x00007ff900020000 - 0x00007ff900049000 	C:\WINDOWS\System32\GDI32.dll
0x00007ff8fde20000 - 0x00007ff8fdf3b000 	C:\WINDOWS\System32\gdi32full.dll
0x00007ff8fd6d0000 - 0x00007ff8fd76a000 	C:\WINDOWS\System32\msvcp_win.dll
0x00007ff8e1ac0000 - 0x00007ff8e1adb000 	D:\programfile\java17\bin\VCRUNTIME140.dll
0x00007ff8e5e80000 - 0x00007ff8e6112000 	C:\WINDOWS\WinSxS\amd64_microsoft.windows.common-controls_6595b64144ccf1df_6.0.22621.4830_none_270fe7d773858e80\COMCTL32.dll
0x00007ff8f4870000 - 0x00007ff8f487a000 	C:\WINDOWS\SYSTEM32\VERSION.dll
0x00007ff900370000 - 0x00007ff9003a1000 	C:\WINDOWS\System32\IMM32.DLL
0x00007ff8e3f90000 - 0x00007ff8e3f9c000 	D:\programfile\java17\bin\vcruntime140_1.dll
0x00007ff8e0b80000 - 0x00007ff8e0c0e000 	D:\programfile\java17\bin\msvcp140.dll
0x00007ff85f570000 - 0x00007ff86014f000 	D:\programfile\java17\bin\server\jvm.dll
0x00007ff8fe9a0000 - 0x00007ff8fe9a8000 	C:\WINDOWS\System32\PSAPI.DLL
0x00007ff8d3e30000 - 0x00007ff8d3e39000 	C:\WINDOWS\SYSTEM32\WSOCK32.dll
0x00007ff8f8f80000 - 0x00007ff8f8fb4000 	C:\WINDOWS\SYSTEM32\WINMM.dll
0x00007ff8fffa0000 - 0x00007ff900011000 	C:\WINDOWS\System32\WS2_32.dll
0x00007ff8fc6a0000 - 0x00007ff8fc6b8000 	C:\WINDOWS\SYSTEM32\kernel.appcore.dll
0x00007ff8e1470000 - 0x00007ff8e147a000 	D:\programfile\java17\bin\jimage.dll
0x00007ff8faff0000 - 0x00007ff8fb222000 	C:\WINDOWS\SYSTEM32\DBGHELP.DLL
0x00007ff8ffbb0000 - 0x00007ff8fff40000 	C:\WINDOWS\System32\combase.dll
0x00007ff8ffa00000 - 0x00007ff8ffad7000 	C:\WINDOWS\System32\OLEAUT32.dll
0x00007ff8e75a0000 - 0x00007ff8e75d2000 	C:\WINDOWS\SYSTEM32\dbgcore.DLL
0x00007ff8fd770000 - 0x00007ff8fd7eb000 	C:\WINDOWS\System32\bcryptPrimitives.dll
0x00007ff8e10d0000 - 0x00007ff8e10de000 	D:\programfile\java17\bin\instrument.dll
0x00007ff8decf0000 - 0x00007ff8ded15000 	D:\programfile\java17\bin\java.dll
0x00007ff8d0d50000 - 0x00007ff8d0e27000 	D:\programfile\java17\bin\jsvml.dll
0x00007ff8fecc0000 - 0x00007ff8ff538000 	C:\WINDOWS\System32\SHELL32.dll
0x00007ff8fb5a0000 - 0x00007ff8fbeb0000 	C:\WINDOWS\SYSTEM32\windows.storage.dll
0x00007ff8fb460000 - 0x00007ff8fb59f000 	C:\WINDOWS\SYSTEM32\wintypes.dll
0x00007ff8ff8f0000 - 0x00007ff8ff9fa000 	C:\WINDOWS\System32\SHCORE.dll
0x00007ff8ff6d0000 - 0x00007ff8ff72e000 	C:\WINDOWS\System32\shlwapi.dll
0x00007ff8fd5d0000 - 0x00007ff8fd5fb000 	C:\WINDOWS\SYSTEM32\profapi.dll
0x00007ff8de8f0000 - 0x00007ff8de908000 	D:\programfile\java17\bin\zip.dll
0x00007ff8de4c0000 - 0x00007ff8de4d9000 	D:\programfile\java17\bin\net.dll
0x00007ff8fa1e0000 - 0x00007ff8fa30c000 	C:\WINDOWS\SYSTEM32\WINHTTP.dll
0x00007ff8fcb10000 - 0x00007ff8fcb7a000 	C:\WINDOWS\system32\mswsock.dll
0x00007ff8de4a0000 - 0x00007ff8de4b6000 	D:\programfile\java17\bin\nio.dll
0x00007ff8e3f40000 - 0x00007ff8e3f50000 	D:\programfile\java17\bin\verify.dll
0x00007ff8e41e0000 - 0x00007ff8e4207000 	C:\Users\nvhai\.gradle\native\c067742578af261105cb4f569cf0c3c89f3d7b1fecec35dd04571415982c5e48\windows-amd64\native-platform.dll
0x00007ff8c5130000 - 0x00007ff8c5274000 	C:\Users\nvhai\.gradle\native\100fb08df4bc3b14c8652ba06237920a3bd2aa13389f12d3474272988ae205f9\windows-amd64\native-platform-file-events.dll
0x00007ff8e3f30000 - 0x00007ff8e3f3a000 	D:\programfile\java17\bin\management.dll
0x00007ff8e3f20000 - 0x00007ff8e3f2b000 	D:\programfile\java17\bin\management_ext.dll
0x00007ff8fce60000 - 0x00007ff8fce7b000 	C:\WINDOWS\SYSTEM32\CRYPTSP.dll
0x00007ff8fc600000 - 0x00007ff8fc635000 	C:\WINDOWS\system32\rsaenh.dll
0x00007ff8fcbb0000 - 0x00007ff8fcbd8000 	C:\WINDOWS\SYSTEM32\USERENV.dll
0x00007ff8fce40000 - 0x00007ff8fce4c000 	C:\WINDOWS\SYSTEM32\CRYPTBASE.dll
0x00007ff8fc110000 - 0x00007ff8fc13d000 	C:\WINDOWS\SYSTEM32\IPHLPAPI.DLL
0x00007ff8ff6c0000 - 0x00007ff8ff6c9000 	C:\WINDOWS\System32\NSI.dll
0x00007ff8f9230000 - 0x00007ff8f9249000 	C:\WINDOWS\SYSTEM32\dhcpcsvc6.DLL
0x00007ff8f91f0000 - 0x00007ff8f920f000 	C:\WINDOWS\SYSTEM32\dhcpcsvc.DLL
0x00007ff8fc140000 - 0x00007ff8fc242000 	C:\WINDOWS\SYSTEM32\DNSAPI.dll
0x00007ff8e10c0000 - 0x00007ff8e10ce000 	D:\programfile\java17\bin\sunmscapi.dll
0x00007ff8fdf70000 - 0x00007ff8fe0d6000 	C:\WINDOWS\System32\CRYPT32.dll
0x00007ff8fcf70000 - 0x00007ff8fcf9d000 	C:\WINDOWS\SYSTEM32\ncrypt.dll
0x00007ff8fcf30000 - 0x00007ff8fcf67000 	C:\WINDOWS\SYSTEM32\NTASN1.dll
0x00007ff8e4c30000 - 0x00007ff8e4c38000 	C:\WINDOWS\system32\wshunix.dll

dbghelp: loaded successfully - version: 4.0.5 - missing functions: none
symbol engine: initialized successfully - sym options: 0x614 - pdb path: .;D:\programfile\java17\bin;C:\WINDOWS\SYSTEM32;C:\WINDOWS\WinSxS\amd64_microsoft.windows.common-controls_6595b64144ccf1df_6.0.22621.4830_none_270fe7d773858e80;D:\programfile\java17\bin\server;C:\Users\nvhai\.gradle\native\c067742578af261105cb4f569cf0c3c89f3d7b1fecec35dd04571415982c5e48\windows-amd64;C:\Users\nvhai\.gradle\native\100fb08df4bc3b14c8652ba06237920a3bd2aa13389f12d3474272988ae205f9\windows-amd64

VM Arguments:
jvm_args: --add-opens=java.base/java.lang=ALL-UNNAMED --add-opens=java.base/java.lang.invoke=ALL-UNNAMED --add-opens=java.base/java.util=ALL-UNNAMED --add-opens=java.prefs/java.util.prefs=ALL-UNNAMED --add-exports=jdk.compiler/com.sun.tools.javac.api=ALL-UNNAMED --add-exports=jdk.compiler/com.sun.tools.javac.util=ALL-UNNAMED --add-opens=java.base/java.util=ALL-UNNAMED --add-opens=java.prefs/java.util.prefs=ALL-UNNAMED --add-opens=java.base/java.nio.charset=ALL-UNNAMED --add-opens=java.base/java.net=ALL-UNNAMED --add-opens=java.base/java.util.concurrent.atomic=ALL-UNNAMED --add-opens=java.xml/javax.xml.namespace=ALL-UNNAMED -XX:MaxMetaspaceSize=384m -XX:+HeapDumpOnOutOfMemoryError -Xms256m -Xmx512m -Dfile.encoding=UTF-8 -Duser.country=US -Duser.language=en -Duser.variant -javaagent:C:\Users\nvhai\.gradle\wrapper\dists\gradle-8.11.1-bin\bpt9gzteqjrbo1mjrsomdt32c\gradle-8.11.1\lib\agents\gradle-instrumentation-agent-8.11.1.jar 
java_command: org.gradle.launcher.daemon.bootstrap.GradleDaemon 8.11.1
java_class_path (initial): C:\Users\nvhai\.gradle\wrapper\dists\gradle-8.11.1-bin\bpt9gzteqjrbo1mjrsomdt32c\gradle-8.11.1\lib\gradle-daemon-main-8.11.1.jar
Launcher Type: SUN_STANDARD

[Global flags]
     intx CICompilerCount                          = 4                                         {product} {ergonomic}
   size_t CompressedClassSpaceSize                 = 335544320                                 {product} {ergonomic}
     uint ConcGCThreads                            = 2                                         {product} {ergonomic}
     uint G1ConcRefinementThreads                  = 8                                         {product} {ergonomic}
   size_t G1HeapRegionSize                         = 1048576                                   {product} {ergonomic}
    uintx GCDrainStackTargetSize                   = 64                                        {product} {ergonomic}
     bool HeapDumpOnOutOfMemoryError               = true                                   {manageable} {command line}
   size_t InitialHeapSize                          = 268435456                                 {product} {command line}
   size_t MarkStackSize                            = 4194304                                   {product} {ergonomic}
   size_t MaxHeapSize                              = 536870912                                 {product} {command line}
   size_t MaxMetaspaceSize                         = 402653184                                 {product} {command line}
   size_t MaxNewSize                               = 321912832                                 {product} {ergonomic}
   size_t MinHeapDeltaBytes                        = 1048576                                   {product} {ergonomic}
   size_t MinHeapSize                              = 268435456                                 {product} {command line}
    uintx NonNMethodCodeHeapSize                   = 5839372                                {pd product} {ergonomic}
    uintx NonProfiledCodeHeapSize                  = 122909434                              {pd product} {ergonomic}
    uintx ProfiledCodeHeapSize                     = 122909434                              {pd product} {ergonomic}
    uintx ReservedCodeCacheSize                    = 251658240                              {pd product} {ergonomic}
     bool SegmentedCodeCache                       = true                                      {product} {ergonomic}
   size_t SoftMaxHeapSize                          = 536870912                              {manageable} {ergonomic}
     bool UseCompressedClassPointers               = true                           {product lp64_product} {ergonomic}
     bool UseCompressedOops                        = true                           {product lp64_product} {ergonomic}
     bool UseG1GC                                  = true                                      {product} {ergonomic}
     bool UseLargePagesIndividualAllocation        = false                                  {pd product} {ergonomic}

Logging:
Log output configuration:
 #0: stdout all=warning uptime,level,tags
 #1: stderr all=off uptime,level,tags

Environment Variables:
JAVA_HOME=D:\programfile\java17\
PATH=D:\programfile\oracle\WINDOWS.X64_213000_db_home\bin;D:\programfile\Python313\Scripts\;D:\programfile\Python313\;C:\Program Files\Python313\Scripts\;C:\Program Files\Python313\;c:\Users\nvhai\AppData\Local\Programs\cursor\resources\app\bin;D:\programfile\VMware\bin\;C:\Windows\system32;C:\Windows;C:\Windows\System32\Wbem;C:\Windows\System32\WindowsPowerShell\v1.0\;C:\Windows\System32\OpenSSH\;D:\programfile\xampp\php;D:\programfile\Git\cmd;D:\programfile\apache-maven-3.9.7\bin;D:\programfile\spring-2.7.13\bin;D:\programfile\gradle-8.10.2-all\gradle-8.10.2\bin;D:\programfile\OpenSSL-Win64\bin;C:\Users\nvhai\AppData\Local\Microsoft\WindowsApps;C:\Users\nvhai\AppData\Roaming\Composer\vendor\bin;D:\programfile\JetBrains\IntelliJ IDEA 2024.1.2\bin;D:\programfile\Sdk\platform-tools;D:\programfile\cmake\bin;D:\programfile\Git LFS;D:\programfile\redis\;C:\Program Files (x86)\dotnet\;D:\Program Files\Docker\resources\bin;C:\Users\nvhai\AppData\Local\Programs\Microsoft VS Code\bin;D:\Program Files\JetBrains\IntelliJ IDEA 2024.1.2\bin;D:\programfile\mongosh\;D:\programfile\msys64\ucrt64\bin;D:\programfile\npm\npm-global\bin;D:\WinUtils;C:\Users\nvhai\AppData\Roaming\npm;D:\programfile\npm\npm-global;D:\Program Files\choco\bin;C:\WINDOWS\system32;C:\WINDOWS;C:\WINDOWS\System32\Wbem;C:\WINDOWS\System32\WindowsPowerShell\v1.0\;C:\WINDOWS\System32\OpenSSH\;D:\programfile\java17\\bin;D:\Program Files\node_modules;D:\programfile\spring-boot-cli-3.4.2-bin\spring-3.4.2\bin;%NVM_HOME%;%NVM_SYMLINK%;D:\Program Files\nodejs\;C:\Users\nvhai\AppData\Local\Microsoft\WindowsApps;C:\Users\nvhai\AppData\Local\Programs\Microsoft VS Code\bin;D:\programfile\JetBrains\IntelliJ IDEA 2024.3.1.1\bin;;D:\programfile\mongosh\;D:\programfile\msys64\ucrt64\bin;D:\programfile\npm\npm-global\bin;D:\WinUtils;D:\programfile\Python313\;D:\programfile\Python313\Scripts\;C:\Users\nvhai\AppData\Roaming\npm;D:\programfile\npm\npm-global;D:\Program Files\IntelliJ IDEA Community Edition 2024.3.1.1\bin;;D:\program
USERNAME=nvhai
OS=Windows_NT
PROCESSOR_IDENTIFIER=Intel64 Family 6 Model 142 Stepping 12, GenuineIntel



---------------  S Y S T E M  ---------------

OS:
 Windows 11 , 64 bit Build 22621 (10.0.22621.4830)
OS uptime: 1 days 20:51 hours
Hyper-V role detected

CPU: total 8 (initial active 8) (4 cores per cpu, 2 threads per core) family 6 model 142 stepping 12 microcode 0xf0, cx8, cmov, fxsr, ht, mmx, 3dnowpref, sse, sse2, sse3, ssse3, sse4.1, sse4.2, popcnt, lzcnt, tsc, tscinvbit, avx, avx2, aes, erms, clmul, bmi1, bmi2, adx, fma, vzeroupper, clflush, clflushopt, hv

Memory: 4k page, system-wide physical 16194M (1685M free)
TotalPageFile size 26169M (AvailPageFile size 5M)
current process WorkingSet (physical memory assigned to process): 158M, peak: 160M
current process commit charge ("private bytes"): 400M, peak: 403M

vm_info: Java HotSpot(TM) 64-Bit Server VM (17.0.10+11-LTS-240) for windows-amd64 JRE (17.0.10+11-LTS-240), built on Dec 19 2023 21:47:25 by "mach5one" with MS VC++ 17.1 (VS2022)

END.
