#
# There is insufficient memory for the Java Runtime Environment to continue.
# Native memory allocation (malloc) failed to allocate 1104176 bytes for Chunk::new
# Possible reasons:
#   The system is out of physical RAM or swap space
#   The process is running with CompressedOops enabled, and the Java Heap may be blocking the growth of the native heap
# Possible solutions:
#   Reduce memory load on the system
#   Increase physical memory or swap space
#   Check if swap backing store is full
#   Decrease Java heap size (-Xmx/-Xms)
#   Decrease number of Java threads
#   Decrease Java thread stack sizes (-Xss)
#   Set larger code cache with -XX:ReservedCodeCacheSize=
#   JVM is running with Unscaled Compressed Oops mode in which the Java heap is
#     placed in the first 4GB address space. The Java Heap base address is the
#     maximum limit for the native heap growth. Please use -XX:HeapBaseMinAddress
#     to set the Java Heap base and to place the Java Heap above 4GB virtual address.
# This output file may be truncated or incomplete.
#
#  Out of Memory Error (arena.cpp:189), pid=12820, tid=20444
#
# JRE version: Java(TM) SE Runtime Environment (17.0.10+11) (build 17.0.10+11-LTS-240)
# Java VM: Java HotSpot(TM) 64-Bit Server VM (17.0.10+11-LTS-240, mixed mode, sharing, tiered, compressed oops, compressed class ptrs, g1 gc, windows-amd64)
# No core dump will be written. Minidumps are not enabled by default on client versions of Windows
#

---------------  S U M M A R Y ------------

Command Line: --add-opens=java.base/java.lang=ALL-UNNAMED --add-opens=java.base/java.lang.invoke=ALL-UNNAMED --add-opens=java.base/java.util=ALL-UNNAMED --add-opens=java.prefs/java.util.prefs=ALL-UNNAMED --add-exports=jdk.compiler/com.sun.tools.javac.api=ALL-UNNAMED --add-exports=jdk.compiler/com.sun.tools.javac.util=ALL-UNNAMED --add-opens=java.base/java.util=ALL-UNNAMED --add-opens=java.prefs/java.util.prefs=ALL-UNNAMED --add-opens=java.base/java.nio.charset=ALL-UNNAMED --add-opens=java.base/java.net=ALL-UNNAMED --add-opens=java.base/java.util.concurrent.atomic=ALL-UNNAMED --add-opens=java.xml/javax.xml.namespace=ALL-UNNAMED -XX:MaxMetaspaceSize=384m -XX:+HeapDumpOnOutOfMemoryError -Xms256m -Xmx512m -Dfile.encoding=UTF-8 -Duser.country=US -Duser.language=en -Duser.variant -javaagent:C:\Users\nvhai\.gradle\wrapper\dists\gradle-8.11.1-bin\bpt9gzteqjrbo1mjrsomdt32c\gradle-8.11.1\lib\agents\gradle-instrumentation-agent-8.11.1.jar org.gradle.launcher.daemon.bootstrap.GradleDaemon 8.11.1

Host: Intel(R) Core(TM) i5-8365U CPU @ 1.60GHz, 8 cores, 15G,  Windows 11 , 64 bit Build 22621 (10.0.22621.4830)
Time: Mon Feb 17 00:03:13 2025 SE Asia Standard Time elapsed time: 51.113604 seconds (0d 0h 0m 51s)

---------------  T H R E A D  ---------------

Current thread (0x000001e4a67b9b10):  JavaThread "C2 CompilerThread0" daemon [_thread_in_native, id=20444, stack(0x000000563cb00000,0x000000563cc00000)]


Current CompileTask:
C2:  51113 5266       4       java.util.regex.Pattern::compile (500 bytes)

Stack: [0x000000563cb00000,0x000000563cc00000]
Native frames: (J=compiled Java code, j=interpreted, Vv=VM code, C=native code)
V  [jvm.dll+0x677a5a]
V  [jvm.dll+0x7d8b2d]
V  [jvm.dll+0x7da48e]
V  [jvm.dll+0x7daaf3]
V  [jvm.dll+0x2455ff]
V  [jvm.dll+0xaaafb]
V  [jvm.dll+0xab09c]
V  [jvm.dll+0x361b5f]
V  [jvm.dll+0x32c211]
V  [jvm.dll+0x32b6aa]
V  [jvm.dll+0x21794f]
V  [jvm.dll+0x216d81]
V  [jvm.dll+0x1a3410]
V  [jvm.dll+0x226aeb]
V  [jvm.dll+0x224cab]
V  [jvm.dll+0x78e45c]
V  [jvm.dll+0x78888a]
V  [jvm.dll+0x676935]
C  [ucrtbase.dll+0x29333]
C  [KERNEL32.DLL+0x1259d]
C  [ntdll.dll+0x5af38]


---------------  P R O C E S S  ---------------

Threads class SMR info:
_java_thread_list=0x000001e4c386f100, length=44, elements={
0x000001e48beaaee0, 0x000001e4a679d360, 0x000001e4a679e700, 0x000001e4a67b42d0,
0x000001e4a67b7cc0, 0x000001e4a67b8590, 0x000001e4a67b8e60, 0x000001e4a67b9b10,
0x000001e4a67ba4d0, 0x000001e4a6930040, 0x000001e4a69b9ea0, 0x000001e4a6aed650,
0x000001e4c12d7bd0, 0x000001e4c0150cb0, 0x000001e4c0ec2830, 0x000001e4a6ccce40,
0x000001e4c1cb0490, 0x000001e4c15d66f0, 0x000001e4c15d5cd0, 0x000001e4c15d52b0,
0x000001e4c15d57c0, 0x000001e4c15d61e0, 0x000001e4c15d2f40, 0x000001e4c15d3450,
0x000001e4c15d4890, 0x000001e4c15d3960, 0x000001e4c15d3e70, 0x000001e4c15d4da0,
0x000001e4c34fbfd0, 0x000001e4c34f78f0, 0x000001e4c34f8d30, 0x000001e4c34f8310,
0x000001e4c34f9240, 0x000001e4c34fa170, 0x000001e4c34f64b0, 0x000001e4c34f73e0,
0x000001e4c34f9c60, 0x000001e4c34fa680, 0x000001e4c34fab90, 0x000001e4c34f5580,
0x000001e4c34f8820, 0x000001e4c34fb0a0, 0x000001e4c34f5a90, 0x000001e4c34f69c0
}

Java Threads: ( => current thread )
  0x000001e48beaaee0 JavaThread "main" [_thread_blocked, id=20900, stack(0x000000563be00000,0x000000563bf00000)]
  0x000001e4a679d360 JavaThread "Reference Handler" daemon [_thread_blocked, id=12684, stack(0x000000563c500000,0x000000563c600000)]
  0x000001e4a679e700 JavaThread "Finalizer" daemon [_thread_blocked, id=4116, stack(0x000000563c600000,0x000000563c700000)]
  0x000001e4a67b42d0 JavaThread "Signal Dispatcher" daemon [_thread_blocked, id=7956, stack(0x000000563c700000,0x000000563c800000)]
  0x000001e4a67b7cc0 JavaThread "Attach Listener" daemon [_thread_blocked, id=15980, stack(0x000000563c800000,0x000000563c900000)]
  0x000001e4a67b8590 JavaThread "Service Thread" daemon [_thread_blocked, id=19800, stack(0x000000563c900000,0x000000563ca00000)]
  0x000001e4a67b8e60 JavaThread "Monitor Deflation Thread" daemon [_thread_blocked, id=10004, stack(0x000000563ca00000,0x000000563cb00000)]
=>0x000001e4a67b9b10 JavaThread "C2 CompilerThread0" daemon [_thread_in_native, id=20444, stack(0x000000563cb00000,0x000000563cc00000)]
  0x000001e4a67ba4d0 JavaThread "C1 CompilerThread0" daemon [_thread_blocked, id=12376, stack(0x000000563cc00000,0x000000563cd00000)]
  0x000001e4a6930040 JavaThread "Sweeper thread" daemon [_thread_blocked, id=19236, stack(0x000000563cd00000,0x000000563ce00000)]
  0x000001e4a69b9ea0 JavaThread "Common-Cleaner" daemon [_thread_blocked, id=4544, stack(0x000000563ce00000,0x000000563cf00000)]
  0x000001e4a6aed650 JavaThread "Notification Thread" daemon [_thread_blocked, id=20020, stack(0x000000563d000000,0x000000563d100000)]
  0x000001e4c12d7bd0 JavaThread "Daemon health stats" [_thread_blocked, id=5748, stack(0x000000563d200000,0x000000563d300000)]
  0x000001e4c0150cb0 JavaThread "Incoming local TCP Connector on port 55062" [_thread_in_native, id=2100, stack(0x000000563d800000,0x000000563d900000)]
  0x000001e4c0ec2830 JavaThread "Daemon periodic checks" [_thread_blocked, id=16568, stack(0x000000563d900000,0x000000563da00000)]
  0x000001e4a6ccce40 JavaThread "Daemon" [_thread_blocked, id=22868, stack(0x000000563db00000,0x000000563dc00000)]
  0x000001e4c1cb0490 JavaThread "Handler for socket connection from /127.0.0.1:55062 to /127.0.0.1:55063" [_thread_in_native, id=21608, stack(0x000000563dc00000,0x000000563dd00000)]
  0x000001e4c15d66f0 JavaThread "Cancel handler" [_thread_blocked, id=20732, stack(0x000000563da00000,0x000000563db00000)]
  0x000001e4c15d5cd0 JavaThread "Daemon worker" [_thread_in_vm, id=21880, stack(0x000000563dd00000,0x000000563de00000)]
  0x000001e4c15d52b0 JavaThread "Asynchronous log dispatcher for DefaultDaemonConnection: socket connection from /127.0.0.1:55062 to /127.0.0.1:55063" [_thread_blocked, id=22976, stack(0x000000563de00000,0x000000563df00000)]
  0x000001e4c15d57c0 JavaThread "Stdin handler" [_thread_blocked, id=19828, stack(0x000000563df00000,0x000000563e000000)]
  0x000001e4c15d61e0 JavaThread "Daemon client event forwarder" [_thread_blocked, id=5800, stack(0x000000563e000000,0x000000563e100000)]
  0x000001e4c15d2f40 JavaThread "Cache worker for journal cache (C:\Users\nvhai\.gradle\caches\journal-1)" [_thread_blocked, id=10352, stack(0x000000563e100000,0x000000563e200000)]
  0x000001e4c15d3450 JavaThread "File lock request listener" [_thread_in_native, id=16052, stack(0x000000563e200000,0x000000563e300000)]
  0x000001e4c15d4890 JavaThread "Cache worker for file hash cache (C:\Users\nvhai\.gradle\caches\8.11.1\fileHashes)" [_thread_blocked, id=15468, stack(0x000000563e300000,0x000000563e400000)]
  0x000001e4c15d3960 JavaThread "Cache worker for file content cache (C:\Users\nvhai\.gradle\caches\8.11.1\fileContent)" [_thread_blocked, id=12216, stack(0x000000563e400000,0x000000563e500000)]
  0x000001e4c15d3e70 JavaThread "Cache worker for file hash cache (D:\codevs\springboot\ideaSwap\.gradle\8.11.1\fileHashes)" [_thread_blocked, id=19220, stack(0x000000563e500000,0x000000563e600000)]
  0x000001e4c15d4da0 JavaThread "Cache worker for Build Output Cleanup Cache (D:\codevs\springboot\ideaSwap\.gradle\buildOutputCleanup)" [_thread_blocked, id=13160, stack(0x000000563e600000,0x000000563e700000)]
  0x000001e4c34fbfd0 JavaThread "File watcher server" daemon [_thread_in_native, id=13100, stack(0x000000563e700000,0x000000563e800000)]
  0x000001e4c34f78f0 JavaThread "File watcher consumer" daemon [_thread_blocked, id=22284, stack(0x000000563e800000,0x000000563e900000)]
  0x000001e4c34f8d30 JavaThread "Cache worker for checksums cache (D:\codevs\springboot\ideaSwap\.gradle\8.11.1\checksums)" [_thread_blocked, id=4996, stack(0x000000563ec00000,0x000000563ed00000)]
  0x000001e4c34f8310 JavaThread "File lock release action executor" [_thread_in_vm, id=4984, stack(0x000000563ed00000,0x000000563ee00000)]
  0x000001e4c34f9240 JavaThread "Cache worker for cache directory md-rule (C:\Users\nvhai\.gradle\caches\8.11.1\md-rule)" [_thread_blocked, id=22840, stack(0x000000563ee00000,0x000000563ef00000)]
  0x000001e4c34fa170 JavaThread "Cache worker for cache directory md-supplier (C:\Users\nvhai\.gradle\caches\8.11.1\md-supplier)" [_thread_blocked, id=13064, stack(0x000000563ef00000,0x000000563f000000)]
  0x000001e4c34f64b0 JavaThread "jar transforms" [_thread_blocked, id=18084, stack(0x000000563f000000,0x000000563f100000)]
  0x000001e4c34f73e0 JavaThread "jar transforms Thread 2" [_thread_blocked, id=14716, stack(0x000000563f200000,0x000000563f300000)]
  0x000001e4c34f9c60 JavaThread "jar transforms Thread 3" [_thread_blocked, id=17716, stack(0x000000563f100000,0x000000563f200000)]
  0x000001e4c34fa680 JavaThread "Unconstrained build operations" [_thread_blocked, id=23300, stack(0x000000563f300000,0x000000563f400000)]
  0x000001e4c34fab90 JavaThread "Unconstrained build operations Thread 2" [_thread_blocked, id=8344, stack(0x000000563f500000,0x000000563f600000)]
  0x000001e4c34f5580 JavaThread "jar transforms Thread 4" [_thread_blocked, id=11024, stack(0x000000563f400000,0x000000563f500000)]
  0x000001e4c34f8820 JavaThread "jar transforms Thread 5" [_thread_blocked, id=8840, stack(0x000000563f800000,0x000000563f900000)]
  0x000001e4c34fb0a0 JavaThread "jar transforms Thread 6" [_thread_blocked, id=20400, stack(0x000000563f900000,0x000000563fa00000)]
  0x000001e4c34f5a90 JavaThread "jar transforms Thread 7" [_thread_blocked, id=6080, stack(0x000000563fa00000,0x000000563fb00000)]
  0x000001e4c34f69c0 JavaThread "jar transforms Thread 8" [_thread_blocked, id=22780, stack(0x000000563fb00000,0x000000563fc00000)]

Other Threads:
  0x000001e4a67980a0 VMThread "VM Thread" [stack: 0x000000563c400000,0x000000563c500000] [id=21876]
  0x000001e4a6af4b70 WatcherThread [stack: 0x000000563d100000,0x000000563d200000] [id=13580]
  0x000001e48bed7920 GCTaskThread "GC Thread#0" [stack: 0x000000563bf00000,0x000000563c000000] [id=20644]
  0x000001e4c0042360 GCTaskThread "GC Thread#1" [stack: 0x000000563d300000,0x000000563d400000] [id=13560]
  0x000001e4a6d0eb10 GCTaskThread "GC Thread#2" [stack: 0x000000563d400000,0x000000563d500000] [id=21916]
  0x000001e4a6b7e3c0 GCTaskThread "GC Thread#3" [stack: 0x000000563d500000,0x000000563d600000] [id=2360]
  0x000001e4c0340460 GCTaskThread "GC Thread#4" [stack: 0x000000563d600000,0x000000563d700000] [id=19044]
  0x000001e4c0340720 GCTaskThread "GC Thread#5" [stack: 0x000000563d700000,0x000000563d800000] [id=12644]
  0x000001e4c4371310 GCTaskThread "GC Thread#6" [stack: 0x000000563e900000,0x000000563ea00000] [id=10400]
  0x000001e4c4370550 GCTaskThread "GC Thread#7" [stack: 0x000000563ea00000,0x000000563eb00000] [id=13032]
  0x000001e48bedc780 ConcurrentGCThread "G1 Main Marker" [stack: 0x000000563c000000,0x000000563c100000] [id=11220]
  0x000001e48bedd0a0 ConcurrentGCThread "G1 Conc#0" [stack: 0x000000563c100000,0x000000563c200000] [id=14496]
  0x000001e4c4370810 ConcurrentGCThread "G1 Conc#1" [stack: 0x000000563eb00000,0x000000563ec00000] [id=18104]
  0x000001e48bf6e640 ConcurrentGCThread "G1 Refine#0" [stack: 0x000000563c200000,0x000000563c300000] [id=6888]
  0x000001e4a665a100 ConcurrentGCThread "G1 Service" [stack: 0x000000563c300000,0x000000563c400000] [id=17320]

Threads with active compile tasks:
C2 CompilerThread0    51175 5266       4       java.util.regex.Pattern::compile (500 bytes)

VM state: not at safepoint (normal execution)

VM Mutex/Monitor currently owned by a thread: None

Heap address: 0x00000000e0000000, size: 512 MB, Compressed Oops mode: 32-bit

CDS archive(s) mapped at: [0x000001e4a7000000-0x000001e4a7bd0000-0x000001e4a7bd0000), size 12386304, SharedBaseAddress: 0x000001e4a7000000, ArchiveRelocationMode: 1.
Compressed class space mapped at: 0x000001e4a8000000-0x000001e4bc000000, reserved size: 335544320
Narrow klass base: 0x000001e4a7000000, Narrow klass shift: 0, Narrow klass range: 0x100000000

GC Precious Log:
 CPUs: 8 total, 8 available
 Memory: 16194M
 Large Page Support: Disabled
 NUMA Support: Disabled
 Compressed Oops: Enabled (32-bit)
 Heap Region Size: 1M
 Heap Min Capacity: 256M
 Heap Initial Capacity: 256M
 Heap Max Capacity: 512M
 Pre-touch: Disabled
 Parallel Workers: 8
 Concurrent Workers: 2
 Concurrent Refinement Workers: 8
 Periodic GC: Disabled

Heap:
 garbage-first heap   total 262144K, used 131948K [0x00000000e0000000, 0x0000000100000000)
  region size 1024K, 113 young (115712K), 17 survivors (17408K)
 Metaspace       used 45290K, committed 45824K, reserved 393216K
  class space    used 6407K, committed 6656K, reserved 327680K

Heap Regions: E=young(eden), S=young(survivor), O=old, HS=humongous(starts), HC=humongous(continues), CS=collection set, F=free, OA=open archive, CA=closed archive, TAMS=top-at-mark-start (previous, next)
|   0|0x00000000e0000000, 0x00000000e0100000, 0x00000000e0100000|100%| O|  |TAMS 0x00000000e0100000, 0x00000000e0000000| Untracked 
|   1|0x00000000e0100000, 0x00000000e0200000, 0x00000000e0200000|100%|HS|  |TAMS 0x00000000e0200000, 0x00000000e0100000| Complete 
|   2|0x00000000e0200000, 0x00000000e0300000, 0x00000000e0300000|100%|HC|  |TAMS 0x00000000e0300000, 0x00000000e0200000| Complete 
|   3|0x00000000e0300000, 0x00000000e0400000, 0x00000000e0400000|100%|HC|  |TAMS 0x00000000e0400000, 0x00000000e0300000| Complete 
|   4|0x00000000e0400000, 0x00000000e0500000, 0x00000000e0500000|100%| O|  |TAMS 0x00000000e0500000, 0x00000000e0400000| Untracked 
|   5|0x00000000e0500000, 0x00000000e0600000, 0x00000000e0600000|100%| O|  |TAMS 0x00000000e0600000, 0x00000000e0500000| Untracked 
|   6|0x00000000e0600000, 0x00000000e0700000, 0x00000000e0700000|100%| O|  |TAMS 0x00000000e0700000, 0x00000000e0600000| Untracked 
|   7|0x00000000e0700000, 0x00000000e0800000, 0x00000000e0800000|100%|HS|  |TAMS 0x00000000e0800000, 0x00000000e0700000| Complete 
|   8|0x00000000e0800000, 0x00000000e0900000, 0x00000000e0900000|100%|HS|  |TAMS 0x00000000e0800000, 0x00000000e0800000| Complete 
|   9|0x00000000e0900000, 0x00000000e0a00000, 0x00000000e0a00000|100%| O|  |TAMS 0x00000000e0a00000, 0x00000000e0900000| Untracked 
|  10|0x00000000e0a00000, 0x00000000e0b00000, 0x00000000e0b00000|100%| O|  |TAMS 0x00000000e0b00000, 0x00000000e0a00000| Untracked 
|  11|0x00000000e0b00000, 0x00000000e0c00000, 0x00000000e0c00000|100%| O|  |TAMS 0x00000000e0c00000, 0x00000000e0b00000| Untracked 
|  12|0x00000000e0c00000, 0x00000000e0d00000, 0x00000000e0d00000|100%| O|  |TAMS 0x00000000e0d00000, 0x00000000e0c00000| Untracked 
|  13|0x00000000e0d00000, 0x00000000e0e00000, 0x00000000e0e00000|100%| O|  |TAMS 0x00000000e0d06200, 0x00000000e0d00000| Untracked 
|  14|0x00000000e0e00000, 0x00000000e0f00000, 0x00000000e0f00000|100%|HS|  |TAMS 0x00000000e0e00000, 0x00000000e0e00000| Complete 
|  15|0x00000000e0f00000, 0x00000000e0f00000, 0x00000000e1000000|  0%| F|  |TAMS 0x00000000e0f00000, 0x00000000e0f00000| Untracked 
|  16|0x00000000e1000000, 0x00000000e1000000, 0x00000000e1100000|  0%| F|  |TAMS 0x00000000e1000000, 0x00000000e1000000| Untracked 
|  17|0x00000000e1100000, 0x00000000e1100000, 0x00000000e1200000|  0%| F|  |TAMS 0x00000000e1100000, 0x00000000e1100000| Untracked 
|  18|0x00000000e1200000, 0x00000000e1300000, 0x00000000e1300000|100%| O|  |TAMS 0x00000000e1200000, 0x00000000e1200000| Untracked 
|  19|0x00000000e1300000, 0x00000000e1400000, 0x00000000e1400000|100%| O|  |TAMS 0x00000000e1300000, 0x00000000e1300000| Untracked 
|  20|0x00000000e1400000, 0x00000000e1500000, 0x00000000e1500000|100%| O|  |TAMS 0x00000000e1400000, 0x00000000e1400000| Untracked 
|  21|0x00000000e1500000, 0x00000000e1565200, 0x00000000e1600000| 39%| O|  |TAMS 0x00000000e1500000, 0x00000000e1500000| Untracked 
|  22|0x00000000e1600000, 0x00000000e1600000, 0x00000000e1700000|  0%| F|  |TAMS 0x00000000e1600000, 0x00000000e1600000| Untracked 
|  23|0x00000000e1700000, 0x00000000e1700000, 0x00000000e1800000|  0%| F|  |TAMS 0x00000000e1700000, 0x00000000e1700000| Untracked 
|  24|0x00000000e1800000, 0x00000000e1800000, 0x00000000e1900000|  0%| F|  |TAMS 0x00000000e1800000, 0x00000000e1800000| Untracked 
|  25|0x00000000e1900000, 0x00000000e1900000, 0x00000000e1a00000|  0%| F|  |TAMS 0x00000000e1900000, 0x00000000e1900000| Untracked 
|  26|0x00000000e1a00000, 0x00000000e1a00000, 0x00000000e1b00000|  0%| F|  |TAMS 0x00000000e1a00000, 0x00000000e1a00000| Untracked 
|  27|0x00000000e1b00000, 0x00000000e1b00000, 0x00000000e1c00000|  0%| F|  |TAMS 0x00000000e1b00000, 0x00000000e1b00000| Untracked 
|  28|0x00000000e1c00000, 0x00000000e1c00000, 0x00000000e1d00000|  0%| F|  |TAMS 0x00000000e1c00000, 0x00000000e1c00000| Untracked 
|  29|0x00000000e1d00000, 0x00000000e1d00000, 0x00000000e1e00000|  0%| F|  |TAMS 0x00000000e1d00000, 0x00000000e1d00000| Untracked 
|  30|0x00000000e1e00000, 0x00000000e1e00000, 0x00000000e1f00000|  0%| F|  |TAMS 0x00000000e1e00000, 0x00000000e1e00000| Untracked 
|  31|0x00000000e1f00000, 0x00000000e1f00000, 0x00000000e2000000|  0%| F|  |TAMS 0x00000000e1f00000, 0x00000000e1f00000| Untracked 
|  32|0x00000000e2000000, 0x00000000e2000000, 0x00000000e2100000|  0%| F|  |TAMS 0x00000000e2000000, 0x00000000e2000000| Untracked 
|  33|0x00000000e2100000, 0x00000000e2100000, 0x00000000e2200000|  0%| F|  |TAMS 0x00000000e2100000, 0x00000000e2100000| Untracked 
|  34|0x00000000e2200000, 0x00000000e2200000, 0x00000000e2300000|  0%| F|  |TAMS 0x00000000e2200000, 0x00000000e2200000| Untracked 
|  35|0x00000000e2300000, 0x00000000e2300000, 0x00000000e2400000|  0%| F|  |TAMS 0x00000000e2300000, 0x00000000e2300000| Untracked 
|  36|0x00000000e2400000, 0x00000000e2400000, 0x00000000e2500000|  0%| F|  |TAMS 0x00000000e2400000, 0x00000000e2400000| Untracked 
|  37|0x00000000e2500000, 0x00000000e2500000, 0x00000000e2600000|  0%| F|  |TAMS 0x00000000e2500000, 0x00000000e2500000| Untracked 
|  38|0x00000000e2600000, 0x00000000e2600000, 0x00000000e2700000|  0%| F|  |TAMS 0x00000000e2600000, 0x00000000e2600000| Untracked 
|  39|0x00000000e2700000, 0x00000000e2700000, 0x00000000e2800000|  0%| F|  |TAMS 0x00000000e2700000, 0x00000000e2700000| Untracked 
|  40|0x00000000e2800000, 0x00000000e2800000, 0x00000000e2900000|  0%| F|  |TAMS 0x00000000e2800000, 0x00000000e2800000| Untracked 
|  41|0x00000000e2900000, 0x00000000e2900000, 0x00000000e2a00000|  0%| F|  |TAMS 0x00000000e2900000, 0x00000000e2900000| Untracked 
|  42|0x00000000e2a00000, 0x00000000e2a00000, 0x00000000e2b00000|  0%| F|  |TAMS 0x00000000e2a00000, 0x00000000e2a00000| Untracked 
|  43|0x00000000e2b00000, 0x00000000e2b00000, 0x00000000e2c00000|  0%| F|  |TAMS 0x00000000e2b00000, 0x00000000e2b00000| Untracked 
|  44|0x00000000e2c00000, 0x00000000e2c00000, 0x00000000e2d00000|  0%| F|  |TAMS 0x00000000e2c00000, 0x00000000e2c00000| Untracked 
|  45|0x00000000e2d00000, 0x00000000e2d00000, 0x00000000e2e00000|  0%| F|  |TAMS 0x00000000e2d00000, 0x00000000e2d00000| Untracked 
|  46|0x00000000e2e00000, 0x00000000e2e00000, 0x00000000e2f00000|  0%| F|  |TAMS 0x00000000e2e00000, 0x00000000e2e00000| Untracked 
|  47|0x00000000e2f00000, 0x00000000e2f00000, 0x00000000e3000000|  0%| F|  |TAMS 0x00000000e2f00000, 0x00000000e2f00000| Untracked 
|  48|0x00000000e3000000, 0x00000000e3000000, 0x00000000e3100000|  0%| F|  |TAMS 0x00000000e3000000, 0x00000000e3000000| Untracked 
|  49|0x00000000e3100000, 0x00000000e3100000, 0x00000000e3200000|  0%| F|  |TAMS 0x00000000e3100000, 0x00000000e3100000| Untracked 
|  50|0x00000000e3200000, 0x00000000e3200000, 0x00000000e3300000|  0%| F|  |TAMS 0x00000000e3200000, 0x00000000e3200000| Untracked 
|  51|0x00000000e3300000, 0x00000000e3300000, 0x00000000e3400000|  0%| F|  |TAMS 0x00000000e3300000, 0x00000000e3300000| Untracked 
|  52|0x00000000e3400000, 0x00000000e3400000, 0x00000000e3500000|  0%| F|  |TAMS 0x00000000e3400000, 0x00000000e3400000| Untracked 
|  53|0x00000000e3500000, 0x00000000e3500000, 0x00000000e3600000|  0%| F|  |TAMS 0x00000000e3500000, 0x00000000e3500000| Untracked 
|  54|0x00000000e3600000, 0x00000000e3600000, 0x00000000e3700000|  0%| F|  |TAMS 0x00000000e3600000, 0x00000000e3600000| Untracked 
|  55|0x00000000e3700000, 0x00000000e3700000, 0x00000000e3800000|  0%| F|  |TAMS 0x00000000e3700000, 0x00000000e3700000| Untracked 
|  56|0x00000000e3800000, 0x00000000e3800000, 0x00000000e3900000|  0%| F|  |TAMS 0x00000000e3800000, 0x00000000e3800000| Untracked 
|  57|0x00000000e3900000, 0x00000000e3900000, 0x00000000e3a00000|  0%| F|  |TAMS 0x00000000e3900000, 0x00000000e3900000| Untracked 
|  58|0x00000000e3a00000, 0x00000000e3a00000, 0x00000000e3b00000|  0%| F|  |TAMS 0x00000000e3a00000, 0x00000000e3a00000| Untracked 
|  59|0x00000000e3b00000, 0x00000000e3b00000, 0x00000000e3c00000|  0%| F|  |TAMS 0x00000000e3b00000, 0x00000000e3b00000| Untracked 
|  60|0x00000000e3c00000, 0x00000000e3c00000, 0x00000000e3d00000|  0%| F|  |TAMS 0x00000000e3c00000, 0x00000000e3c00000| Untracked 
|  61|0x00000000e3d00000, 0x00000000e3d00000, 0x00000000e3e00000|  0%| F|  |TAMS 0x00000000e3d00000, 0x00000000e3d00000| Untracked 
|  62|0x00000000e3e00000, 0x00000000e3e00000, 0x00000000e3f00000|  0%| F|  |TAMS 0x00000000e3e00000, 0x00000000e3e00000| Untracked 
|  63|0x00000000e3f00000, 0x00000000e3f00000, 0x00000000e4000000|  0%| F|  |TAMS 0x00000000e3f00000, 0x00000000e3f00000| Untracked 
|  64|0x00000000e4000000, 0x00000000e4000000, 0x00000000e4100000|  0%| F|  |TAMS 0x00000000e4000000, 0x00000000e4000000| Untracked 
|  65|0x00000000e4100000, 0x00000000e4100000, 0x00000000e4200000|  0%| F|  |TAMS 0x00000000e4100000, 0x00000000e4100000| Untracked 
|  66|0x00000000e4200000, 0x00000000e4200000, 0x00000000e4300000|  0%| F|  |TAMS 0x00000000e4200000, 0x00000000e4200000| Untracked 
|  67|0x00000000e4300000, 0x00000000e4300000, 0x00000000e4400000|  0%| F|  |TAMS 0x00000000e4300000, 0x00000000e4300000| Untracked 
|  68|0x00000000e4400000, 0x00000000e4400000, 0x00000000e4500000|  0%| F|  |TAMS 0x00000000e4400000, 0x00000000e4400000| Untracked 
|  69|0x00000000e4500000, 0x00000000e4500000, 0x00000000e4600000|  0%| F|  |TAMS 0x00000000e4500000, 0x00000000e4500000| Untracked 
|  70|0x00000000e4600000, 0x00000000e4600000, 0x00000000e4700000|  0%| F|  |TAMS 0x00000000e4600000, 0x00000000e4600000| Untracked 
|  71|0x00000000e4700000, 0x00000000e4700000, 0x00000000e4800000|  0%| F|  |TAMS 0x00000000e4700000, 0x00000000e4700000| Untracked 
|  72|0x00000000e4800000, 0x00000000e4800000, 0x00000000e4900000|  0%| F|  |TAMS 0x00000000e4800000, 0x00000000e4800000| Untracked 
|  73|0x00000000e4900000, 0x00000000e4900000, 0x00000000e4a00000|  0%| F|  |TAMS 0x00000000e4900000, 0x00000000e4900000| Untracked 
|  74|0x00000000e4a00000, 0x00000000e4a00000, 0x00000000e4b00000|  0%| F|  |TAMS 0x00000000e4a00000, 0x00000000e4a00000| Untracked 
|  75|0x00000000e4b00000, 0x00000000e4b00000, 0x00000000e4c00000|  0%| F|  |TAMS 0x00000000e4b00000, 0x00000000e4b00000| Untracked 
|  76|0x00000000e4c00000, 0x00000000e4c00000, 0x00000000e4d00000|  0%| F|  |TAMS 0x00000000e4c00000, 0x00000000e4c00000| Untracked 
|  77|0x00000000e4d00000, 0x00000000e4d00000, 0x00000000e4e00000|  0%| F|  |TAMS 0x00000000e4d00000, 0x00000000e4d00000| Untracked 
|  78|0x00000000e4e00000, 0x00000000e4e00000, 0x00000000e4f00000|  0%| F|  |TAMS 0x00000000e4e00000, 0x00000000e4e00000| Untracked 
|  79|0x00000000e4f00000, 0x00000000e4f00000, 0x00000000e5000000|  0%| F|  |TAMS 0x00000000e4f00000, 0x00000000e4f00000| Untracked 
|  80|0x00000000e5000000, 0x00000000e5000000, 0x00000000e5100000|  0%| F|  |TAMS 0x00000000e5000000, 0x00000000e5000000| Untracked 
|  81|0x00000000e5100000, 0x00000000e5100000, 0x00000000e5200000|  0%| F|  |TAMS 0x00000000e5100000, 0x00000000e5100000| Untracked 
|  82|0x00000000e5200000, 0x00000000e5200000, 0x00000000e5300000|  0%| F|  |TAMS 0x00000000e5200000, 0x00000000e5200000| Untracked 
|  83|0x00000000e5300000, 0x00000000e5300000, 0x00000000e5400000|  0%| F|  |TAMS 0x00000000e5300000, 0x00000000e5300000| Untracked 
|  84|0x00000000e5400000, 0x00000000e5400000, 0x00000000e5500000|  0%| F|  |TAMS 0x00000000e5400000, 0x00000000e5400000| Untracked 
|  85|0x00000000e5500000, 0x00000000e5500000, 0x00000000e5600000|  0%| F|  |TAMS 0x00000000e5500000, 0x00000000e5500000| Untracked 
|  86|0x00000000e5600000, 0x00000000e5600000, 0x00000000e5700000|  0%| F|  |TAMS 0x00000000e5600000, 0x00000000e5600000| Untracked 
|  87|0x00000000e5700000, 0x00000000e5700000, 0x00000000e5800000|  0%| F|  |TAMS 0x00000000e5700000, 0x00000000e5700000| Untracked 
|  88|0x00000000e5800000, 0x00000000e5800000, 0x00000000e5900000|  0%| F|  |TAMS 0x00000000e5800000, 0x00000000e5800000| Untracked 
|  89|0x00000000e5900000, 0x00000000e5900000, 0x00000000e5a00000|  0%| F|  |TAMS 0x00000000e5900000, 0x00000000e5900000| Untracked 
|  90|0x00000000e5a00000, 0x00000000e5a00000, 0x00000000e5b00000|  0%| F|  |TAMS 0x00000000e5a00000, 0x00000000e5a00000| Untracked 
|  91|0x00000000e5b00000, 0x00000000e5b00000, 0x00000000e5c00000|  0%| F|  |TAMS 0x00000000e5b00000, 0x00000000e5b00000| Untracked 
|  92|0x00000000e5c00000, 0x00000000e5c00000, 0x00000000e5d00000|  0%| F|  |TAMS 0x00000000e5c00000, 0x00000000e5c00000| Untracked 
|  93|0x00000000e5d00000, 0x00000000e5d00000, 0x00000000e5e00000|  0%| F|  |TAMS 0x00000000e5d00000, 0x00000000e5d00000| Untracked 
|  94|0x00000000e5e00000, 0x00000000e5e00000, 0x00000000e5f00000|  0%| F|  |TAMS 0x00000000e5e00000, 0x00000000e5e00000| Untracked 
|  95|0x00000000e5f00000, 0x00000000e5f00000, 0x00000000e6000000|  0%| F|  |TAMS 0x00000000e5f00000, 0x00000000e5f00000| Untracked 
|  96|0x00000000e6000000, 0x00000000e6000000, 0x00000000e6100000|  0%| F|  |TAMS 0x00000000e6000000, 0x00000000e6000000| Untracked 
|  97|0x00000000e6100000, 0x00000000e6100000, 0x00000000e6200000|  0%| F|  |TAMS 0x00000000e6100000, 0x00000000e6100000| Untracked 
|  98|0x00000000e6200000, 0x00000000e6200000, 0x00000000e6300000|  0%| F|  |TAMS 0x00000000e6200000, 0x00000000e6200000| Untracked 
|  99|0x00000000e6300000, 0x00000000e6300000, 0x00000000e6400000|  0%| F|  |TAMS 0x00000000e6300000, 0x00000000e6300000| Untracked 
| 100|0x00000000e6400000, 0x00000000e6400000, 0x00000000e6500000|  0%| F|  |TAMS 0x00000000e6400000, 0x00000000e6400000| Untracked 
| 101|0x00000000e6500000, 0x00000000e6500000, 0x00000000e6600000|  0%| F|  |TAMS 0x00000000e6500000, 0x00000000e6500000| Untracked 
| 102|0x00000000e6600000, 0x00000000e6600000, 0x00000000e6700000|  0%| F|  |TAMS 0x00000000e6600000, 0x00000000e6600000| Untracked 
| 103|0x00000000e6700000, 0x00000000e6700000, 0x00000000e6800000|  0%| F|  |TAMS 0x00000000e6700000, 0x00000000e6700000| Untracked 
| 104|0x00000000e6800000, 0x00000000e6800000, 0x00000000e6900000|  0%| F|  |TAMS 0x00000000e6800000, 0x00000000e6800000| Untracked 
| 105|0x00000000e6900000, 0x00000000e6900000, 0x00000000e6a00000|  0%| F|  |TAMS 0x00000000e6900000, 0x00000000e6900000| Untracked 
| 106|0x00000000e6a00000, 0x00000000e6a00000, 0x00000000e6b00000|  0%| F|  |TAMS 0x00000000e6a00000, 0x00000000e6a00000| Untracked 
| 107|0x00000000e6b00000, 0x00000000e6b00000, 0x00000000e6c00000|  0%| F|  |TAMS 0x00000000e6b00000, 0x00000000e6b00000| Untracked 
| 108|0x00000000e6c00000, 0x00000000e6c00000, 0x00000000e6d00000|  0%| F|  |TAMS 0x00000000e6c00000, 0x00000000e6c00000| Untracked 
| 109|0x00000000e6d00000, 0x00000000e6d00000, 0x00000000e6e00000|  0%| F|  |TAMS 0x00000000e6d00000, 0x00000000e6d00000| Untracked 
| 110|0x00000000e6e00000, 0x00000000e6e00000, 0x00000000e6f00000|  0%| F|  |TAMS 0x00000000e6e00000, 0x00000000e6e00000| Untracked 
| 111|0x00000000e6f00000, 0x00000000e6f00000, 0x00000000e7000000|  0%| F|  |TAMS 0x00000000e6f00000, 0x00000000e6f00000| Untracked 
| 112|0x00000000e7000000, 0x00000000e7000000, 0x00000000e7100000|  0%| F|  |TAMS 0x00000000e7000000, 0x00000000e7000000| Untracked 
| 113|0x00000000e7100000, 0x00000000e7176190, 0x00000000e7200000| 46%| S|CS|TAMS 0x00000000e7100000, 0x00000000e7100000| Complete 
| 114|0x00000000e7200000, 0x00000000e7300000, 0x00000000e7300000|100%| S|CS|TAMS 0x00000000e7200000, 0x00000000e7200000| Complete 
| 115|0x00000000e7300000, 0x00000000e7400000, 0x00000000e7400000|100%| S|CS|TAMS 0x00000000e7300000, 0x00000000e7300000| Complete 
| 116|0x00000000e7400000, 0x00000000e7500000, 0x00000000e7500000|100%| S|CS|TAMS 0x00000000e7400000, 0x00000000e7400000| Complete 
| 117|0x00000000e7500000, 0x00000000e7600000, 0x00000000e7600000|100%| S|CS|TAMS 0x00000000e7500000, 0x00000000e7500000| Complete 
| 118|0x00000000e7600000, 0x00000000e7700000, 0x00000000e7700000|100%| S|CS|TAMS 0x00000000e7600000, 0x00000000e7600000| Complete 
| 119|0x00000000e7700000, 0x00000000e7800000, 0x00000000e7800000|100%| S|CS|TAMS 0x00000000e7700000, 0x00000000e7700000| Complete 
| 120|0x00000000e7800000, 0x00000000e7900000, 0x00000000e7900000|100%| S|CS|TAMS 0x00000000e7800000, 0x00000000e7800000| Complete 
| 121|0x00000000e7900000, 0x00000000e7a00000, 0x00000000e7a00000|100%| S|CS|TAMS 0x00000000e7900000, 0x00000000e7900000| Complete 
| 122|0x00000000e7a00000, 0x00000000e7b00000, 0x00000000e7b00000|100%| S|CS|TAMS 0x00000000e7a00000, 0x00000000e7a00000| Complete 
| 123|0x00000000e7b00000, 0x00000000e7c00000, 0x00000000e7c00000|100%| S|CS|TAMS 0x00000000e7b00000, 0x00000000e7b00000| Complete 
| 124|0x00000000e7c00000, 0x00000000e7d00000, 0x00000000e7d00000|100%| S|CS|TAMS 0x00000000e7c00000, 0x00000000e7c00000| Complete 
| 125|0x00000000e7d00000, 0x00000000e7e00000, 0x00000000e7e00000|100%| S|CS|TAMS 0x00000000e7d00000, 0x00000000e7d00000| Complete 
| 126|0x00000000e7e00000, 0x00000000e7f00000, 0x00000000e7f00000|100%| S|CS|TAMS 0x00000000e7e00000, 0x00000000e7e00000| Complete 
| 127|0x00000000e7f00000, 0x00000000e8000000, 0x00000000e8000000|100%| S|CS|TAMS 0x00000000e7f00000, 0x00000000e7f00000| Complete 
| 128|0x00000000e8000000, 0x00000000e8100000, 0x00000000e8100000|100%| S|CS|TAMS 0x00000000e8000000, 0x00000000e8000000| Complete 
| 129|0x00000000e8100000, 0x00000000e8200000, 0x00000000e8200000|100%| S|CS|TAMS 0x00000000e8100000, 0x00000000e8100000| Complete 
| 130|0x00000000e8200000, 0x00000000e8200000, 0x00000000e8300000|  0%| F|  |TAMS 0x00000000e8200000, 0x00000000e8200000| Untracked 
| 131|0x00000000e8300000, 0x00000000e8300000, 0x00000000e8400000|  0%| F|  |TAMS 0x00000000e8300000, 0x00000000e8300000| Untracked 
| 132|0x00000000e8400000, 0x00000000e8400000, 0x00000000e8500000|  0%| F|  |TAMS 0x00000000e8400000, 0x00000000e8400000| Untracked 
| 133|0x00000000e8500000, 0x00000000e8500000, 0x00000000e8600000|  0%| F|  |TAMS 0x00000000e8500000, 0x00000000e8500000| Untracked 
| 134|0x00000000e8600000, 0x00000000e8600000, 0x00000000e8700000|  0%| F|  |TAMS 0x00000000e8600000, 0x00000000e8600000| Untracked 
| 135|0x00000000e8700000, 0x00000000e8700000, 0x00000000e8800000|  0%| F|  |TAMS 0x00000000e8700000, 0x00000000e8700000| Untracked 
| 136|0x00000000e8800000, 0x00000000e8800000, 0x00000000e8900000|  0%| F|  |TAMS 0x00000000e8800000, 0x00000000e8800000| Untracked 
| 137|0x00000000e8900000, 0x00000000e8900000, 0x00000000e8a00000|  0%| F|  |TAMS 0x00000000e8900000, 0x00000000e8900000| Untracked 
| 138|0x00000000e8a00000, 0x00000000e8a00000, 0x00000000e8b00000|  0%| F|  |TAMS 0x00000000e8a00000, 0x00000000e8a00000| Untracked 
| 139|0x00000000e8b00000, 0x00000000e8b00000, 0x00000000e8c00000|  0%| F|  |TAMS 0x00000000e8b00000, 0x00000000e8b00000| Untracked 
| 140|0x00000000e8c00000, 0x00000000e8c00000, 0x00000000e8d00000|  0%| F|  |TAMS 0x00000000e8c00000, 0x00000000e8c00000| Untracked 
| 141|0x00000000e8d00000, 0x00000000e8d00000, 0x00000000e8e00000|  0%| F|  |TAMS 0x00000000e8d00000, 0x00000000e8d00000| Untracked 
| 142|0x00000000e8e00000, 0x00000000e8e00000, 0x00000000e8f00000|  0%| F|  |TAMS 0x00000000e8e00000, 0x00000000e8e00000| Untracked 
| 143|0x00000000e8f00000, 0x00000000e8f00000, 0x00000000e9000000|  0%| F|  |TAMS 0x00000000e8f00000, 0x00000000e8f00000| Untracked 
| 144|0x00000000e9000000, 0x00000000e9000000, 0x00000000e9100000|  0%| F|  |TAMS 0x00000000e9000000, 0x00000000e9000000| Untracked 
| 145|0x00000000e9100000, 0x00000000e9100000, 0x00000000e9200000|  0%| F|  |TAMS 0x00000000e9100000, 0x00000000e9100000| Untracked 
| 146|0x00000000e9200000, 0x00000000e9200000, 0x00000000e9300000|  0%| F|  |TAMS 0x00000000e9200000, 0x00000000e9200000| Untracked 
| 147|0x00000000e9300000, 0x00000000e9300000, 0x00000000e9400000|  0%| F|  |TAMS 0x00000000e9300000, 0x00000000e9300000| Untracked 
| 148|0x00000000e9400000, 0x00000000e9400000, 0x00000000e9500000|  0%| F|  |TAMS 0x00000000e9400000, 0x00000000e9400000| Untracked 
| 149|0x00000000e9500000, 0x00000000e9500000, 0x00000000e9600000|  0%| F|  |TAMS 0x00000000e9500000, 0x00000000e9500000| Untracked 
| 150|0x00000000e9600000, 0x00000000e9600000, 0x00000000e9700000|  0%| F|  |TAMS 0x00000000e9600000, 0x00000000e9600000| Untracked 
| 151|0x00000000e9700000, 0x00000000e9700000, 0x00000000e9800000|  0%| F|  |TAMS 0x00000000e9700000, 0x00000000e9700000| Untracked 
| 152|0x00000000e9800000, 0x00000000e9800000, 0x00000000e9900000|  0%| F|  |TAMS 0x00000000e9800000, 0x00000000e9800000| Untracked 
| 153|0x00000000e9900000, 0x00000000e9900000, 0x00000000e9a00000|  0%| F|  |TAMS 0x00000000e9900000, 0x00000000e9900000| Untracked 
| 154|0x00000000e9a00000, 0x00000000e9a00000, 0x00000000e9b00000|  0%| F|  |TAMS 0x00000000e9a00000, 0x00000000e9a00000| Untracked 
| 155|0x00000000e9b00000, 0x00000000e9b00000, 0x00000000e9c00000|  0%| F|  |TAMS 0x00000000e9b00000, 0x00000000e9b00000| Untracked 
| 156|0x00000000e9c00000, 0x00000000e9c00000, 0x00000000e9d00000|  0%| F|  |TAMS 0x00000000e9c00000, 0x00000000e9c00000| Untracked 
| 157|0x00000000e9d00000, 0x00000000e9d00000, 0x00000000e9e00000|  0%| F|  |TAMS 0x00000000e9d00000, 0x00000000e9d00000| Untracked 
| 158|0x00000000e9e00000, 0x00000000e9e00000, 0x00000000e9f00000|  0%| F|  |TAMS 0x00000000e9e00000, 0x00000000e9e00000| Untracked 
| 159|0x00000000e9f00000, 0x00000000e9f00000, 0x00000000ea000000|  0%| F|  |TAMS 0x00000000e9f00000, 0x00000000e9f00000| Untracked 
| 160|0x00000000ea000000, 0x00000000ea080800, 0x00000000ea100000| 50%| E|  |TAMS 0x00000000ea000000, 0x00000000ea000000| Complete 
| 161|0x00000000ea100000, 0x00000000ea200000, 0x00000000ea200000|100%| E|CS|TAMS 0x00000000ea100000, 0x00000000ea100000| Complete 
| 162|0x00000000ea200000, 0x00000000ea300000, 0x00000000ea300000|100%| E|CS|TAMS 0x00000000ea200000, 0x00000000ea200000| Complete 
| 163|0x00000000ea300000, 0x00000000ea400000, 0x00000000ea400000|100%| E|CS|TAMS 0x00000000ea300000, 0x00000000ea300000| Complete 
| 164|0x00000000ea400000, 0x00000000ea500000, 0x00000000ea500000|100%| E|CS|TAMS 0x00000000ea400000, 0x00000000ea400000| Complete 
| 165|0x00000000ea500000, 0x00000000ea600000, 0x00000000ea600000|100%| E|CS|TAMS 0x00000000ea500000, 0x00000000ea500000| Complete 
| 166|0x00000000ea600000, 0x00000000ea700000, 0x00000000ea700000|100%| E|CS|TAMS 0x00000000ea600000, 0x00000000ea600000| Complete 
| 167|0x00000000ea700000, 0x00000000ea800000, 0x00000000ea800000|100%| E|CS|TAMS 0x00000000ea700000, 0x00000000ea700000| Complete 
| 168|0x00000000ea800000, 0x00000000ea900000, 0x00000000ea900000|100%| E|CS|TAMS 0x00000000ea800000, 0x00000000ea800000| Complete 
| 169|0x00000000ea900000, 0x00000000eaa00000, 0x00000000eaa00000|100%| E|CS|TAMS 0x00000000ea900000, 0x00000000ea900000| Complete 
| 170|0x00000000eaa00000, 0x00000000eab00000, 0x00000000eab00000|100%| E|CS|TAMS 0x00000000eaa00000, 0x00000000eaa00000| Complete 
| 171|0x00000000eab00000, 0x00000000eac00000, 0x00000000eac00000|100%| E|CS|TAMS 0x00000000eab00000, 0x00000000eab00000| Complete 
| 172|0x00000000eac00000, 0x00000000ead00000, 0x00000000ead00000|100%| E|CS|TAMS 0x00000000eac00000, 0x00000000eac00000| Complete 
| 173|0x00000000ead00000, 0x00000000eae00000, 0x00000000eae00000|100%| E|CS|TAMS 0x00000000ead00000, 0x00000000ead00000| Complete 
| 174|0x00000000eae00000, 0x00000000eaf00000, 0x00000000eaf00000|100%| E|CS|TAMS 0x00000000eae00000, 0x00000000eae00000| Complete 
| 175|0x00000000eaf00000, 0x00000000eb000000, 0x00000000eb000000|100%| E|CS|TAMS 0x00000000eaf00000, 0x00000000eaf00000| Complete 
| 176|0x00000000eb000000, 0x00000000eb100000, 0x00000000eb100000|100%| E|CS|TAMS 0x00000000eb000000, 0x00000000eb000000| Complete 
| 177|0x00000000eb100000, 0x00000000eb200000, 0x00000000eb200000|100%| E|  |TAMS 0x00000000eb100000, 0x00000000eb100000| Complete 
| 178|0x00000000eb200000, 0x00000000eb300000, 0x00000000eb300000|100%| E|CS|TAMS 0x00000000eb200000, 0x00000000eb200000| Complete 
| 179|0x00000000eb300000, 0x00000000eb400000, 0x00000000eb400000|100%| E|CS|TAMS 0x00000000eb300000, 0x00000000eb300000| Complete 
| 180|0x00000000eb400000, 0x00000000eb500000, 0x00000000eb500000|100%| E|CS|TAMS 0x00000000eb400000, 0x00000000eb400000| Complete 
| 181|0x00000000eb500000, 0x00000000eb600000, 0x00000000eb600000|100%| E|CS|TAMS 0x00000000eb500000, 0x00000000eb500000| Complete 
| 182|0x00000000eb600000, 0x00000000eb700000, 0x00000000eb700000|100%| E|CS|TAMS 0x00000000eb600000, 0x00000000eb600000| Complete 
| 183|0x00000000eb700000, 0x00000000eb800000, 0x00000000eb800000|100%| E|CS|TAMS 0x00000000eb700000, 0x00000000eb700000| Complete 
| 184|0x00000000eb800000, 0x00000000eb900000, 0x00000000eb900000|100%| E|CS|TAMS 0x00000000eb800000, 0x00000000eb800000| Complete 
| 185|0x00000000eb900000, 0x00000000eba00000, 0x00000000eba00000|100%| E|CS|TAMS 0x00000000eb900000, 0x00000000eb900000| Complete 
| 186|0x00000000eba00000, 0x00000000ebb00000, 0x00000000ebb00000|100%| E|CS|TAMS 0x00000000eba00000, 0x00000000eba00000| Complete 
| 187|0x00000000ebb00000, 0x00000000ebc00000, 0x00000000ebc00000|100%| E|CS|TAMS 0x00000000ebb00000, 0x00000000ebb00000| Complete 
| 188|0x00000000ebc00000, 0x00000000ebd00000, 0x00000000ebd00000|100%| E|CS|TAMS 0x00000000ebc00000, 0x00000000ebc00000| Complete 
| 189|0x00000000ebd00000, 0x00000000ebe00000, 0x00000000ebe00000|100%| E|CS|TAMS 0x00000000ebd00000, 0x00000000ebd00000| Complete 
| 190|0x00000000ebe00000, 0x00000000ebf00000, 0x00000000ebf00000|100%| E|CS|TAMS 0x00000000ebe00000, 0x00000000ebe00000| Complete 
| 191|0x00000000ebf00000, 0x00000000ec000000, 0x00000000ec000000|100%| E|CS|TAMS 0x00000000ebf00000, 0x00000000ebf00000| Complete 
| 192|0x00000000ec000000, 0x00000000ec100000, 0x00000000ec100000|100%| E|CS|TAMS 0x00000000ec000000, 0x00000000ec000000| Complete 
| 193|0x00000000ec100000, 0x00000000ec200000, 0x00000000ec200000|100%| E|CS|TAMS 0x00000000ec100000, 0x00000000ec100000| Complete 
| 194|0x00000000ec200000, 0x00000000ec300000, 0x00000000ec300000|100%| E|CS|TAMS 0x00000000ec200000, 0x00000000ec200000| Complete 
| 195|0x00000000ec300000, 0x00000000ec400000, 0x00000000ec400000|100%| E|CS|TAMS 0x00000000ec300000, 0x00000000ec300000| Complete 
| 196|0x00000000ec400000, 0x00000000ec500000, 0x00000000ec500000|100%| E|CS|TAMS 0x00000000ec400000, 0x00000000ec400000| Complete 
| 197|0x00000000ec500000, 0x00000000ec600000, 0x00000000ec600000|100%| E|CS|TAMS 0x00000000ec500000, 0x00000000ec500000| Complete 
| 198|0x00000000ec600000, 0x00000000ec700000, 0x00000000ec700000|100%| E|CS|TAMS 0x00000000ec600000, 0x00000000ec600000| Complete 
| 199|0x00000000ec700000, 0x00000000ec800000, 0x00000000ec800000|100%| E|CS|TAMS 0x00000000ec700000, 0x00000000ec700000| Complete 
| 200|0x00000000ec800000, 0x00000000ec900000, 0x00000000ec900000|100%| E|CS|TAMS 0x00000000ec800000, 0x00000000ec800000| Complete 
| 201|0x00000000ec900000, 0x00000000eca00000, 0x00000000eca00000|100%| E|CS|TAMS 0x00000000ec900000, 0x00000000ec900000| Complete 
| 202|0x00000000eca00000, 0x00000000ecb00000, 0x00000000ecb00000|100%| E|CS|TAMS 0x00000000eca00000, 0x00000000eca00000| Complete 
| 203|0x00000000ecb00000, 0x00000000ecc00000, 0x00000000ecc00000|100%| E|CS|TAMS 0x00000000ecb00000, 0x00000000ecb00000| Complete 
| 204|0x00000000ecc00000, 0x00000000ecd00000, 0x00000000ecd00000|100%| E|CS|TAMS 0x00000000ecc00000, 0x00000000ecc00000| Complete 
| 205|0x00000000ecd00000, 0x00000000ece00000, 0x00000000ece00000|100%| E|CS|TAMS 0x00000000ecd00000, 0x00000000ecd00000| Complete 
| 206|0x00000000ece00000, 0x00000000ecf00000, 0x00000000ecf00000|100%| E|CS|TAMS 0x00000000ece00000, 0x00000000ece00000| Complete 
| 207|0x00000000ecf00000, 0x00000000ed000000, 0x00000000ed000000|100%| E|CS|TAMS 0x00000000ecf00000, 0x00000000ecf00000| Complete 
| 208|0x00000000ed000000, 0x00000000ed100000, 0x00000000ed100000|100%| E|CS|TAMS 0x00000000ed000000, 0x00000000ed000000| Complete 
| 209|0x00000000ed100000, 0x00000000ed200000, 0x00000000ed200000|100%| E|CS|TAMS 0x00000000ed100000, 0x00000000ed100000| Complete 
| 210|0x00000000ed200000, 0x00000000ed300000, 0x00000000ed300000|100%| E|CS|TAMS 0x00000000ed200000, 0x00000000ed200000| Complete 
| 211|0x00000000ed300000, 0x00000000ed400000, 0x00000000ed400000|100%| E|CS|TAMS 0x00000000ed300000, 0x00000000ed300000| Complete 
| 212|0x00000000ed400000, 0x00000000ed500000, 0x00000000ed500000|100%| E|CS|TAMS 0x00000000ed400000, 0x00000000ed400000| Complete 
| 213|0x00000000ed500000, 0x00000000ed600000, 0x00000000ed600000|100%| E|CS|TAMS 0x00000000ed500000, 0x00000000ed500000| Complete 
| 214|0x00000000ed600000, 0x00000000ed700000, 0x00000000ed700000|100%| E|CS|TAMS 0x00000000ed600000, 0x00000000ed600000| Complete 
| 215|0x00000000ed700000, 0x00000000ed800000, 0x00000000ed800000|100%| E|CS|TAMS 0x00000000ed700000, 0x00000000ed700000| Complete 
| 216|0x00000000ed800000, 0x00000000ed900000, 0x00000000ed900000|100%| E|CS|TAMS 0x00000000ed800000, 0x00000000ed800000| Complete 
| 217|0x00000000ed900000, 0x00000000eda00000, 0x00000000eda00000|100%| E|CS|TAMS 0x00000000ed900000, 0x00000000ed900000| Complete 
| 218|0x00000000eda00000, 0x00000000edb00000, 0x00000000edb00000|100%| E|CS|TAMS 0x00000000eda00000, 0x00000000eda00000| Complete 
| 219|0x00000000edb00000, 0x00000000edc00000, 0x00000000edc00000|100%| E|CS|TAMS 0x00000000edb00000, 0x00000000edb00000| Complete 
| 220|0x00000000edc00000, 0x00000000edd00000, 0x00000000edd00000|100%| E|CS|TAMS 0x00000000edc00000, 0x00000000edc00000| Complete 
| 221|0x00000000edd00000, 0x00000000ede00000, 0x00000000ede00000|100%| E|CS|TAMS 0x00000000edd00000, 0x00000000edd00000| Complete 
| 222|0x00000000ede00000, 0x00000000edf00000, 0x00000000edf00000|100%| E|CS|TAMS 0x00000000ede00000, 0x00000000ede00000| Complete 
| 223|0x00000000edf00000, 0x00000000ee000000, 0x00000000ee000000|100%| E|CS|TAMS 0x00000000edf00000, 0x00000000edf00000| Complete 
| 224|0x00000000ee000000, 0x00000000ee100000, 0x00000000ee100000|100%| E|CS|TAMS 0x00000000ee000000, 0x00000000ee000000| Complete 
| 225|0x00000000ee100000, 0x00000000ee200000, 0x00000000ee200000|100%| E|CS|TAMS 0x00000000ee100000, 0x00000000ee100000| Complete 
| 226|0x00000000ee200000, 0x00000000ee300000, 0x00000000ee300000|100%| E|CS|TAMS 0x00000000ee200000, 0x00000000ee200000| Complete 
| 227|0x00000000ee300000, 0x00000000ee400000, 0x00000000ee400000|100%| E|CS|TAMS 0x00000000ee300000, 0x00000000ee300000| Complete 
| 228|0x00000000ee400000, 0x00000000ee500000, 0x00000000ee500000|100%| E|CS|TAMS 0x00000000ee400000, 0x00000000ee400000| Complete 
| 229|0x00000000ee500000, 0x00000000ee600000, 0x00000000ee600000|100%| E|CS|TAMS 0x00000000ee500000, 0x00000000ee500000| Complete 
| 230|0x00000000ee600000, 0x00000000ee700000, 0x00000000ee700000|100%| E|CS|TAMS 0x00000000ee600000, 0x00000000ee600000| Complete 
| 231|0x00000000ee700000, 0x00000000ee800000, 0x00000000ee800000|100%| E|CS|TAMS 0x00000000ee700000, 0x00000000ee700000| Complete 
| 232|0x00000000ee800000, 0x00000000ee900000, 0x00000000ee900000|100%| E|CS|TAMS 0x00000000ee800000, 0x00000000ee800000| Complete 
| 233|0x00000000ee900000, 0x00000000eea00000, 0x00000000eea00000|100%| E|CS|TAMS 0x00000000ee900000, 0x00000000ee900000| Complete 
| 234|0x00000000eea00000, 0x00000000eeb00000, 0x00000000eeb00000|100%| E|CS|TAMS 0x00000000eea00000, 0x00000000eea00000| Complete 
| 235|0x00000000eeb00000, 0x00000000eec00000, 0x00000000eec00000|100%| E|CS|TAMS 0x00000000eeb00000, 0x00000000eeb00000| Complete 
| 236|0x00000000eec00000, 0x00000000eed00000, 0x00000000eed00000|100%| E|CS|TAMS 0x00000000eec00000, 0x00000000eec00000| Complete 
| 237|0x00000000eed00000, 0x00000000eee00000, 0x00000000eee00000|100%| E|CS|TAMS 0x00000000eed00000, 0x00000000eed00000| Complete 
| 238|0x00000000eee00000, 0x00000000eef00000, 0x00000000eef00000|100%| E|CS|TAMS 0x00000000eee00000, 0x00000000eee00000| Complete 
| 239|0x00000000eef00000, 0x00000000ef000000, 0x00000000ef000000|100%| E|CS|TAMS 0x00000000eef00000, 0x00000000eef00000| Complete 
| 240|0x00000000ef000000, 0x00000000ef100000, 0x00000000ef100000|100%| E|CS|TAMS 0x00000000ef000000, 0x00000000ef000000| Complete 
| 241|0x00000000ef100000, 0x00000000ef200000, 0x00000000ef200000|100%| E|CS|TAMS 0x00000000ef100000, 0x00000000ef100000| Complete 
| 242|0x00000000ef200000, 0x00000000ef300000, 0x00000000ef300000|100%| E|CS|TAMS 0x00000000ef200000, 0x00000000ef200000| Complete 
| 243|0x00000000ef300000, 0x00000000ef400000, 0x00000000ef400000|100%| E|CS|TAMS 0x00000000ef300000, 0x00000000ef300000| Complete 
| 244|0x00000000ef400000, 0x00000000ef500000, 0x00000000ef500000|100%| E|CS|TAMS 0x00000000ef400000, 0x00000000ef400000| Complete 
| 245|0x00000000ef500000, 0x00000000ef600000, 0x00000000ef600000|100%| E|CS|TAMS 0x00000000ef500000, 0x00000000ef500000| Complete 
| 246|0x00000000ef600000, 0x00000000ef700000, 0x00000000ef700000|100%| E|CS|TAMS 0x00000000ef600000, 0x00000000ef600000| Complete 
| 247|0x00000000ef700000, 0x00000000ef800000, 0x00000000ef800000|100%| E|CS|TAMS 0x00000000ef700000, 0x00000000ef700000| Complete 
| 248|0x00000000ef800000, 0x00000000ef900000, 0x00000000ef900000|100%| E|CS|TAMS 0x00000000ef800000, 0x00000000ef800000| Complete 
| 249|0x00000000ef900000, 0x00000000efa00000, 0x00000000efa00000|100%| E|CS|TAMS 0x00000000ef900000, 0x00000000ef900000| Complete 
| 250|0x00000000efa00000, 0x00000000efb00000, 0x00000000efb00000|100%| E|CS|TAMS 0x00000000efa00000, 0x00000000efa00000| Complete 
| 251|0x00000000efb00000, 0x00000000efc00000, 0x00000000efc00000|100%| E|CS|TAMS 0x00000000efb00000, 0x00000000efb00000| Complete 
| 252|0x00000000efc00000, 0x00000000efd00000, 0x00000000efd00000|100%| E|CS|TAMS 0x00000000efc00000, 0x00000000efc00000| Complete 
| 253|0x00000000efd00000, 0x00000000efe00000, 0x00000000efe00000|100%| E|CS|TAMS 0x00000000efd00000, 0x00000000efd00000| Complete 
| 254|0x00000000efe00000, 0x00000000eff00000, 0x00000000eff00000|100%| E|CS|TAMS 0x00000000efe00000, 0x00000000efe00000| Complete 
| 255|0x00000000eff00000, 0x00000000f0000000, 0x00000000f0000000|100%| E|CS|TAMS 0x00000000eff00000, 0x00000000eff00000| Complete 

Card table byte_map: [0x000001e4a2b80000,0x000001e4a2c80000] _byte_map_base: 0x000001e4a2480000

Marking Bits (Prev, Next): (CMBitMap*) 0x000001e48bed7e50, (CMBitMap*) 0x000001e48bed7e90
 Prev Bits: [0x000001e4a2d80000, 0x000001e4a3580000)
 Next Bits: [0x000001e4a3580000, 0x000001e4a3d80000)

Polling page: 0x000001e489eb0000

Metaspace:

Usage:
  Non-class:     38.02 MB used.
      Class:      6.26 MB used.
       Both:     44.28 MB used.

Virtual space:
  Non-class space:       64.00 MB reserved,      38.31 MB ( 60%) committed,  1 nodes.
      Class space:      320.00 MB reserved,       6.50 MB (  2%) committed,  1 nodes.
             Both:      384.00 MB reserved,      44.81 MB ( 12%) committed. 

Chunk freelists:
   Non-Class:  9.11 MB
       Class:  9.48 MB
        Both:  18.58 MB

MaxMetaspaceSize: 384.00 MB
CompressedClassSpaceSize: 320.00 MB
Initial GC threshold: 21.00 MB
Current GC threshold: 59.00 MB
CDS: on
MetaspaceReclaimPolicy: balanced
 - commit_granule_bytes: 65536.
 - commit_granule_words: 8192.
 - virtual_space_node_default_size: 8388608.
 - enlarge_chunks_in_place: 1.
 - new_chunks_are_fully_committed: 0.
 - uncommit_free_chunks: 1.
 - use_allocation_guard: 0.
 - handle_deallocations: 1.


Internal statistics:

num_allocs_failed_limit: 6.
num_arena_births: 538.
num_arena_deaths: 0.
num_vsnodes_births: 2.
num_vsnodes_deaths: 0.
num_space_committed: 717.
num_space_uncommitted: 0.
num_chunks_returned_to_freelist: 6.
num_chunks_taken_from_freelist: 2353.
num_chunk_merges: 6.
num_chunk_splits: 1536.
num_chunks_enlarged: 1043.
num_inconsistent_stats: 0.

CodeHeap 'non-profiled nmethods': size=120000Kb used=2621Kb max_used=3218Kb free=117378Kb
 bounds [0x000001e49b220000, 0x000001e49b550000, 0x000001e4a2750000]
CodeHeap 'profiled nmethods': size=120000Kb used=8764Kb max_used=10350Kb free=111235Kb
 bounds [0x000001e493750000, 0x000001e494190000, 0x000001e49ac80000]
CodeHeap 'non-nmethods': size=5760Kb used=2316Kb max_used=2379Kb free=3443Kb
 bounds [0x000001e49ac80000, 0x000001e49aef0000, 0x000001e49b220000]
 total_blobs=5287 nmethods=4456 adapters=743
 compilation: enabled
              stopped_count=0, restarted_count=0
 full_count=0

Compilation events (20 events):
Event: 50.612 Thread 0x000001e4a67ba4d0 5261       3       org.gradle.internal.instantiation.generator.ParamsMatchingConstructorSelector::forParams (481 bytes)
Event: 50.616 Thread 0x000001e4a67ba4d0 nmethod 5261 0x000001e493be5590 code [0x000001e493be5b00, 0x000001e493be8dd8]
Event: 50.616 Thread 0x000001e4a67ba4d0 5262       3       org.gradle.internal.instantiation.generator.ParamsMatchingConstructorSelector::vetoParameters (1 bytes)
Event: 50.617 Thread 0x000001e4a67ba4d0 nmethod 5262 0x000001e493aacd90 code [0x000001e493aacf20, 0x000001e493aad038]
Event: 50.693 Thread 0x000001e4a67ba4d0 5263       3       java.util.HashMap::keysToArray (81 bytes)
Event: 50.694 Thread 0x000001e4a67ba4d0 nmethod 5263 0x000001e493cb6b10 code [0x000001e493cb6ce0, 0x000001e493cb7198]
Event: 50.702 Thread 0x000001e4a67b9b10 nmethod 5252 0x000001e49b2ba890 code [0x000001e49b2babe0, 0x000001e49b2bd6e8]
Event: 50.702 Thread 0x000001e4a67b9b10 5243       4       java.lang.Class::getGenericInfo (52 bytes)
Event: 50.705 Thread 0x000001e4a67b9b10 nmethod 5243 0x000001e49b23e090 code [0x000001e49b23e240, 0x000001e49b23e448]
Event: 50.705 Thread 0x000001e4a67b9b10 5254       4       org.objectweb.asm.MethodVisitor::<init> (79 bytes)
Event: 50.708 Thread 0x000001e4a67b9b10 nmethod 5254 0x000001e49b23dc90 code [0x000001e49b23de00, 0x000001e49b23df98]
Event: 50.708 Thread 0x000001e4a67b9b10 5259       4       java.lang.reflect.Array::newInstance (6 bytes)
Event: 50.710 Thread 0x000001e4a67b9b10 nmethod 5259 0x000001e49b23d810 code [0x000001e49b23d980, 0x000001e49b23db58]
Event: 50.812 Thread 0x000001e4a67ba4d0 5264   !   3       sun.invoke.util.VerifyAccess$1::run (16 bytes)
Event: 50.813 Thread 0x000001e4a67ba4d0 nmethod 5264 0x000001e493baff10 code [0x000001e493bb00c0, 0x000001e493bb0268]
Event: 50.960 Thread 0x000001e4a67ba4d0 5265       3       java.lang.invoke.LambdaFormEditor::getInCache (165 bytes)
Event: 50.961 Thread 0x000001e4a67b9b10 5266       4       java.util.regex.Pattern::compile (500 bytes)
Event: 50.962 Thread 0x000001e4a67ba4d0 nmethod 5265 0x000001e493760810 code [0x000001e493760a80, 0x000001e493761978]
Event: 50.962 Thread 0x000001e4a67ba4d0 5267       3       java.util.regex.Pattern::range (294 bytes)
Event: 50.964 Thread 0x000001e4a67ba4d0 nmethod 5267 0x000001e493829c10 code [0x000001e49382a040, 0x000001e49382b898]

GC Heap History (10 events):
Event: 3.611 GC heap before
{Heap before GC invocations=0 (full 0):
 garbage-first heap   total 262144K, used 22528K [0x00000000e0000000, 0x0000000100000000)
  region size 1024K, 23 young (23552K), 0 survivors (0K)
 Metaspace       used 1084K, committed 1216K, reserved 393216K
  class space    used 73K, committed 128K, reserved 327680K
}
Event: 3.669 GC heap after
{Heap after GC invocations=1 (full 0):
 garbage-first heap   total 262144K, used 3623K [0x00000000e0000000, 0x0000000100000000)
  region size 1024K, 3 young (3072K), 3 survivors (3072K)
 Metaspace       used 1084K, committed 1216K, reserved 393216K
  class space    used 73K, committed 128K, reserved 327680K
}
Event: 7.261 GC heap before
{Heap before GC invocations=1 (full 0):
 garbage-first heap   total 262144K, used 40487K [0x00000000e0000000, 0x0000000100000000)
  region size 1024K, 36 young (36864K), 3 survivors (3072K)
 Metaspace       used 4385K, committed 4544K, reserved 393216K
  class space    used 541K, committed 640K, reserved 327680K
}
Event: 7.267 GC heap after
{Heap after GC invocations=2 (full 0):
 garbage-first heap   total 262144K, used 11478K [0x00000000e0000000, 0x0000000100000000)
  region size 1024K, 5 young (5120K), 5 survivors (5120K)
 Metaspace       used 4385K, committed 4544K, reserved 393216K
  class space    used 541K, committed 640K, reserved 327680K
}
Event: 11.727 GC heap before
{Heap before GC invocations=2 (full 0):
 garbage-first heap   total 262144K, used 60630K [0x00000000e0000000, 0x0000000100000000)
  region size 1024K, 51 young (52224K), 5 survivors (5120K)
 Metaspace       used 4868K, committed 5056K, reserved 393216K
  class space    used 628K, committed 704K, reserved 327680K
}
Event: 11.732 GC heap after
{Heap after GC invocations=3 (full 0):
 garbage-first heap   total 262144K, used 17181K [0x00000000e0000000, 0x0000000100000000)
  region size 1024K, 5 young (5120K), 5 survivors (5120K)
 Metaspace       used 4868K, committed 5056K, reserved 393216K
  class space    used 628K, committed 704K, reserved 327680K
}
Event: 28.920 GC heap before
{Heap before GC invocations=3 (full 0):
 garbage-first heap   total 262144K, used 121629K [0x00000000e0000000, 0x0000000100000000)
  region size 1024K, 108 young (110592K), 5 survivors (5120K)
 Metaspace       used 21193K, committed 21504K, reserved 393216K
  class space    used 3092K, committed 3200K, reserved 327680K
}
Event: 29.010 GC heap after
{Heap after GC invocations=4 (full 0):
 garbage-first heap   total 262144K, used 24485K [0x00000000e0000000, 0x0000000100000000)
  region size 1024K, 12 young (12288K), 12 survivors (12288K)
 Metaspace       used 21193K, committed 21504K, reserved 393216K
  class space    used 3092K, committed 3200K, reserved 327680K
}
Event: 40.420 GC heap before
{Heap before GC invocations=5 (full 0):
 garbage-first heap   total 262144K, used 144293K [0x00000000e0000000, 0x0000000100000000)
  region size 1024K, 126 young (129024K), 12 survivors (12288K)
 Metaspace       used 35701K, committed 36160K, reserved 393216K
  class space    used 4960K, committed 5184K, reserved 327680K
}
Event: 40.443 GC heap after
{Heap after GC invocations=6 (full 0):
 garbage-first heap   total 262144K, used 33644K [0x00000000e0000000, 0x0000000100000000)
  region size 1024K, 17 young (17408K), 17 survivors (17408K)
 Metaspace       used 35701K, committed 36160K, reserved 393216K
  class space    used 4960K, committed 5184K, reserved 327680K
}

Deoptimization events (20 events):
Event: 47.834 Thread 0x000001e4c15d5cd0 DEOPT PACKING pc=0x000001e49b4f8e74 sp=0x000000563ddf9010
Event: 47.834 Thread 0x000001e4c15d5cd0 DEOPT UNPACKING pc=0x000001e49acd23a3 sp=0x000000563ddf8fc8 mode 2
Event: 47.835 Thread 0x000001e4c15d5cd0 Uncommon trap: trap_request=0xffffff45 fr.pc=0x000001e49b3d88ec relative=0x00000000000000ec
Event: 47.835 Thread 0x000001e4c15d5cd0 Uncommon trap: reason=unstable_if action=reinterpret pc=0x000001e49b3d88ec method=org.objectweb.asm.ByteVector.putShort(I)Lorg/objectweb/asm/ByteVector; @ 13 c2
Event: 47.835 Thread 0x000001e4c15d5cd0 DEOPT PACKING pc=0x000001e49b3d88ec sp=0x000000563ddf8f40
Event: 47.835 Thread 0x000001e4c15d5cd0 DEOPT UNPACKING pc=0x000001e49acd23a3 sp=0x000000563ddf8ed8 mode 2
Event: 48.691 Thread 0x000001e4c15d5cd0 DEOPT PACKING pc=0x000001e493eb475b sp=0x000000563ddf9eb0
Event: 48.691 Thread 0x000001e4c15d5cd0 DEOPT UNPACKING pc=0x000001e49acd2b43 sp=0x000000563ddf9390 mode 0
Event: 48.703 Thread 0x000001e4c15d5cd0 Uncommon trap: trap_request=0xffffff45 fr.pc=0x000001e49b2aa604 relative=0x00000000000001e4
Event: 48.703 Thread 0x000001e4c15d5cd0 Uncommon trap: reason=unstable_if action=reinterpret pc=0x000001e49b2aa604 method=java.net.URI$Parser.scan(IILjava/lang/String;)I @ 26 c2
Event: 48.703 Thread 0x000001e4c15d5cd0 DEOPT PACKING pc=0x000001e49b2aa604 sp=0x000000563ddf98e0
Event: 48.703 Thread 0x000001e4c15d5cd0 DEOPT UNPACKING pc=0x000001e49acd23a3 sp=0x000000563ddf9870 mode 2
Event: 48.703 Thread 0x000001e4c15d5cd0 Uncommon trap: trap_request=0xffffff45 fr.pc=0x000001e49b2a8958 relative=0x0000000000000138
Event: 48.703 Thread 0x000001e4c15d5cd0 Uncommon trap: reason=unstable_if action=reinterpret pc=0x000001e49b2a8958 method=java.net.URI.match(CJJ)Z @ 45 c2
Event: 48.703 Thread 0x000001e4c15d5cd0 DEOPT PACKING pc=0x000001e49b2a8958 sp=0x000000563ddf9650
Event: 48.703 Thread 0x000001e4c15d5cd0 DEOPT UNPACKING pc=0x000001e49acd23a3 sp=0x000000563ddf9588 mode 2
Event: 48.703 Thread 0x000001e4c15d5cd0 Uncommon trap: trap_request=0xffffff45 fr.pc=0x000001e49b24e84c relative=0x000000000000004c
Event: 48.703 Thread 0x000001e4c15d5cd0 Uncommon trap: reason=unstable_if action=reinterpret pc=0x000001e49b24e84c method=java.net.URI.match(CJJ)Z @ 19 c2
Event: 48.703 Thread 0x000001e4c15d5cd0 DEOPT PACKING pc=0x000001e49b24e84c sp=0x000000563ddf9660
Event: 48.703 Thread 0x000001e4c15d5cd0 DEOPT UNPACKING pc=0x000001e49acd23a3 sp=0x000000563ddf9610 mode 2

Classes unloaded (0 events):
No events

Classes redefined (0 events):
No events

Internal exceptions (20 events):
Event: 46.042 Thread 0x000001e4c15d5cd0 Exception <a 'java/lang/ClassNotFoundException'{0x00000000ecaf0558}: org/gradle/initialization/SettingsScriptCustomizer> (0x00000000ecaf0558) 
thrown [s\open\src\hotspot\share\classfile\systemDictionary.cpp, line 256]
Event: 46.043 Thread 0x000001e4c15d5cd0 Exception <a 'java/lang/ClassNotFoundException'{0x00000000ecafe6a0}: settings_1ptwzadh96nhpsuxvt9jgnpjkCustomizer> (0x00000000ecafe6a0) 
thrown [s\open\src\hotspot\share\classfile\systemDictionary.cpp, line 256]
Event: 46.056 Thread 0x000001e4c15d5cd0 Exception <a 'java/lang/ClassNotFoundException'{0x00000000ec990a80}: org/gradle/initialization/DefaultSettings_DecoratedBeanInfo> (0x00000000ec990a80) 
thrown [s\open\src\hotspot\share\classfile\systemDictionary.cpp, line 256]
Event: 46.057 Thread 0x000001e4c15d5cd0 Exception <a 'java/lang/ClassNotFoundException'{0x00000000ec9a0358}: org/gradle/initialization/DefaultSettingsBeanInfo> (0x00000000ec9a0358) 
thrown [s\open\src\hotspot\share\classfile\systemDictionary.cpp, line 256]
Event: 46.059 Thread 0x000001e4c15d5cd0 Exception <a 'java/lang/ClassNotFoundException'{0x00000000ec9af6d0}: org/gradle/initialization/DefaultSettingsCustomizer> (0x00000000ec9af6d0) 
thrown [s\open\src\hotspot\share\classfile\systemDictionary.cpp, line 256]
Event: 46.090 Thread 0x000001e4c15d5cd0 Exception <a 'java/lang/ClassNotFoundException'{0x00000000ec9f7d78}: org/gradle/initialization/DefaultSettings_DecoratedCustomizer> (0x00000000ec9f7d78) 
thrown [s\open\src\hotspot\share\classfile\systemDictionary.cpp, line 256]
Event: 46.102 Thread 0x000001e4c15d5cd0 Exception <a 'java/lang/ClassNotFoundException'{0x00000000ec871f38}: org/gradle/initialization/DefaultProjectDescriptorBeanInfo> (0x00000000ec871f38) 
thrown [s\open\src\hotspot\share\classfile\systemDictionary.cpp, line 256]
Event: 46.104 Thread 0x000001e4c15d5cd0 Exception <a 'java/lang/ClassNotFoundException'{0x00000000ec881238}: org/gradle/initialization/DefaultProjectDescriptorCustomizer> (0x00000000ec881238) 
thrown [s\open\src\hotspot\share\classfile\systemDictionary.cpp, line 256]
Event: 46.118 Thread 0x000001e4c15d5cd0 Exception <a 'java/lang/NoSuchMethodError'{0x00000000ec8d0c88}: 'void java.lang.invoke.DirectMethodHandle$Holder.invokeInterface(java.lang.Object, java.lang.Object)'> (0x00000000ec8d0c88) 
thrown [s\open\src\hotspot\share\interpreter\linkResolver.cpp, line 759]
Event: 47.764 Thread 0x000001e4c15d5cd0 Exception <a 'java/lang/NoSuchMethodError'{0x00000000eb8e0a28}: 'long java.lang.invoke.DirectMethodHandle$Holder.invokeStatic(java.lang.Object, long)'> (0x00000000eb8e0a28) 
thrown [s\open\src\hotspot\share\interpreter\linkResolver.cpp, line 759]
Event: 47.834 Thread 0x000001e4c15d5cd0 Implicit null exception at 0x000001e49b4f8b8a to 0x000001e49b4f8e68
Event: 47.917 Thread 0x000001e4c15d5cd0 Exception <a 'java/lang/NoSuchMethodError'{0x00000000eb58b068}: 'java.lang.Object java.lang.invoke.DirectMethodHandle$Holder.invokeInterface(java.lang.Object, java.lang.Object, int)'> (0x00000000eb58b068) 
thrown [s\open\src\hotspot\share\interpreter\linkResolver.cpp, line 759]
Event: 50.119 Thread 0x000001e4c15d5cd0 Exception <a 'java/lang/ClassNotFoundException'{0x00000000eabbf068}: build_8dv8vx1i0inycz7t5monh8keaBeanInfo> (0x00000000eabbf068) 
thrown [s\open\src\hotspot\share\classfile\systemDictionary.cpp, line 256]
Event: 50.120 Thread 0x000001e4c15d5cd0 Exception <a 'java/lang/ClassNotFoundException'{0x00000000eabc9eb8}: org/gradle/api/internal/project/ProjectScriptBeanInfo> (0x00000000eabc9eb8) 
thrown [s\open\src\hotspot\share\classfile\systemDictionary.cpp, line 256]
Event: 50.121 Thread 0x000001e4c15d5cd0 Exception <a 'java/lang/ClassNotFoundException'{0x00000000eabd4de8}: org/gradle/api/internal/project/ProjectScriptCustomizer> (0x00000000eabd4de8) 
thrown [s\open\src\hotspot\share\classfile\systemDictionary.cpp, line 256]
Event: 50.122 Thread 0x000001e4c15d5cd0 Exception <a 'java/lang/ClassNotFoundException'{0x00000000eabece28}: build_8dv8vx1i0inycz7t5monh8keaCustomizer> (0x00000000eabece28) 
thrown [s\open\src\hotspot\share\classfile\systemDictionary.cpp, line 256]
Event: 50.135 Thread 0x000001e4c15d5cd0 Exception <a 'java/lang/ClassNotFoundException'{0x00000000eaa48398}: org/gradle/plugin/use/internal/PluginRequestCollector$PluginDependenciesSpecImplBeanInfo> (0x00000000eaa48398) 
thrown [s\open\src\hotspot\share\classfile\systemDictionary.cpp, line 256]
Event: 50.136 Thread 0x000001e4c15d5cd0 Exception <a 'java/lang/ClassNotFoundException'{0x00000000eaa59e40}: org/gradle/plugin/use/internal/PluginRequestCollector$PluginDependenciesSpecImplCustomizer> (0x00000000eaa59e40) 
thrown [s\open\src\hotspot\share\classfile\systemDictionary.cpp, line 256]
Event: 50.183 Thread 0x000001e4c15d5cd0 Exception <a 'java/lang/ClassNotFoundException'{0x00000000eaa9f110}: org/gradle/plugin/use/internal/PluginRequestCollector$PluginDependencySpecImplBeanInfo> (0x00000000eaa9f110) 
thrown [s\open\src\hotspot\share\classfile\systemDictionary.cpp, line 256]
Event: 50.184 Thread 0x000001e4c15d5cd0 Exception <a 'java/lang/ClassNotFoundException'{0x00000000eaab0680}: org/gradle/plugin/use/internal/PluginRequestCollector$PluginDependencySpecImplCustomizer> (0x00000000eaab0680) 
thrown [s\open\src\hotspot\share\classfile\systemDictionary.cpp, line 256]

VM Operations (20 events):
Event: 45.238 Executing VM operation: Cleanup
Event: 45.253 Executing VM operation: Cleanup done
Event: 46.235 Executing VM operation: HandshakeAllThreads
Event: 46.236 Executing VM operation: HandshakeAllThreads done
Event: 46.250 Executing VM operation: HandshakeAllThreads
Event: 46.250 Executing VM operation: HandshakeAllThreads done
Event: 46.546 Executing VM operation: HandshakeAllThreads
Event: 46.616 Executing VM operation: HandshakeAllThreads done
Event: 46.616 Executing VM operation: Cleanup
Event: 46.654 Executing VM operation: Cleanup done
Event: 46.697 Executing VM operation: HandshakeAllThreads
Event: 46.697 Executing VM operation: HandshakeAllThreads done
Event: 47.712 Executing VM operation: Cleanup
Event: 47.743 Executing VM operation: Cleanup done
Event: 48.743 Executing VM operation: Cleanup
Event: 48.761 Executing VM operation: Cleanup done
Event: 49.762 Executing VM operation: Cleanup
Event: 49.762 Executing VM operation: Cleanup done
Event: 50.766 Executing VM operation: Cleanup
Event: 50.782 Executing VM operation: Cleanup done

Events (20 events):
Event: 47.763 loading class java/util/function/LongUnaryOperator
Event: 47.764 loading class java/util/function/LongUnaryOperator done
Event: 48.763 loading class javax/net/ssl/HostnameVerifier
Event: 48.763 loading class javax/net/ssl/HostnameVerifier done
Event: 48.770 loading class javax/net/ssl/TrustManager
Event: 48.770 loading class javax/net/ssl/TrustManager done
Event: 48.770 loading class javax/net/ssl/X509TrustManager
Event: 48.770 loading class javax/net/ssl/X509TrustManager done
Event: 48.775 loading class javax/net/ssl/SSLException
Event: 48.775 loading class javax/net/ssl/SSLException done
Event: 48.775 loading class javax/naming/NamingException
Event: 48.776 loading class javax/naming/NamingException done
Event: 48.776 loading class javax/naming/InvalidNameException
Event: 48.776 loading class javax/naming/InvalidNameException done
Event: 48.776 loading class java/security/cert/CertificateParsingException
Event: 48.776 loading class java/security/cert/CertificateException
Event: 48.776 loading class java/security/cert/CertificateException done
Event: 48.776 loading class java/security/cert/CertificateParsingException done
Event: 48.776 loading class javax/net/ssl/SSLPeerUnverifiedException
Event: 48.776 loading class javax/net/ssl/SSLPeerUnverifiedException done


Dynamic libraries:
0x00007ff6970e0000 - 0x00007ff6970f0000 	D:\programfile\java17\bin\java.exe
0x00007ff9003f0000 - 0x00007ff900607000 	C:\WINDOWS\SYSTEM32\ntdll.dll
0x00007ff8fe420000 - 0x00007ff8fe4e4000 	C:\WINDOWS\System32\KERNEL32.DLL
0x00007ff8fd990000 - 0x00007ff8fdd60000 	C:\WINDOWS\System32\KERNELBASE.dll
0x00007ff8fd7f0000 - 0x00007ff8fd901000 	C:\WINDOWS\System32\ucrtbase.dll
0x00007ff8e3e90000 - 0x00007ff8e3ea9000 	D:\programfile\java17\bin\jli.dll
0x00007ff900200000 - 0x00007ff9002b1000 	C:\WINDOWS\System32\ADVAPI32.dll
0x00007ff8fe370000 - 0x00007ff8fe417000 	C:\WINDOWS\System32\msvcrt.dll
0x00007ff8ffae0000 - 0x00007ff8ffb87000 	C:\WINDOWS\System32\sechost.dll
0x00007ff8fd6a0000 - 0x00007ff8fd6c8000 	C:\WINDOWS\System32\bcrypt.dll
0x00007ff8ff590000 - 0x00007ff8ff6a4000 	C:\WINDOWS\System32\RPCRT4.dll
0x00007ff8feb10000 - 0x00007ff8fecbe000 	C:\WINDOWS\System32\USER32.dll
0x00007ff8fdf40000 - 0x00007ff8fdf66000 	C:\WINDOWS\System32\win32u.dll
0x00007ff900020000 - 0x00007ff900049000 	C:\WINDOWS\System32\GDI32.dll
0x00007ff8fde20000 - 0x00007ff8fdf3b000 	C:\WINDOWS\System32\gdi32full.dll
0x00007ff8fd6d0000 - 0x00007ff8fd76a000 	C:\WINDOWS\System32\msvcp_win.dll
0x00007ff8e1ac0000 - 0x00007ff8e1adb000 	D:\programfile\java17\bin\VCRUNTIME140.dll
0x00007ff8e5e80000 - 0x00007ff8e6112000 	C:\WINDOWS\WinSxS\amd64_microsoft.windows.common-controls_6595b64144ccf1df_6.0.22621.4830_none_270fe7d773858e80\COMCTL32.dll
0x00007ff8f4870000 - 0x00007ff8f487a000 	C:\WINDOWS\SYSTEM32\VERSION.dll
0x00007ff900370000 - 0x00007ff9003a1000 	C:\WINDOWS\System32\IMM32.DLL
0x00007ff8e3f90000 - 0x00007ff8e3f9c000 	D:\programfile\java17\bin\vcruntime140_1.dll
0x00007ff8e0b80000 - 0x00007ff8e0c0e000 	D:\programfile\java17\bin\msvcp140.dll
0x00007ff85f570000 - 0x00007ff86014f000 	D:\programfile\java17\bin\server\jvm.dll
0x00007ff8fe9a0000 - 0x00007ff8fe9a8000 	C:\WINDOWS\System32\PSAPI.DLL
0x00007ff8d3e30000 - 0x00007ff8d3e39000 	C:\WINDOWS\SYSTEM32\WSOCK32.dll
0x00007ff8fffa0000 - 0x00007ff900011000 	C:\WINDOWS\System32\WS2_32.dll
0x00007ff8f8f80000 - 0x00007ff8f8fb4000 	C:\WINDOWS\SYSTEM32\WINMM.dll
0x00007ff8fc6a0000 - 0x00007ff8fc6b8000 	C:\WINDOWS\SYSTEM32\kernel.appcore.dll
0x00007ff8e1470000 - 0x00007ff8e147a000 	D:\programfile\java17\bin\jimage.dll
0x00007ff8faff0000 - 0x00007ff8fb222000 	C:\WINDOWS\SYSTEM32\DBGHELP.DLL
0x00007ff8ffbb0000 - 0x00007ff8fff40000 	C:\WINDOWS\System32\combase.dll
0x00007ff8ffa00000 - 0x00007ff8ffad7000 	C:\WINDOWS\System32\OLEAUT32.dll
0x00007ff8e75a0000 - 0x00007ff8e75d2000 	C:\WINDOWS\SYSTEM32\dbgcore.DLL
0x00007ff8fd770000 - 0x00007ff8fd7eb000 	C:\WINDOWS\System32\bcryptPrimitives.dll
0x00007ff8e10d0000 - 0x00007ff8e10de000 	D:\programfile\java17\bin\instrument.dll
0x00007ff8decf0000 - 0x00007ff8ded15000 	D:\programfile\java17\bin\java.dll
0x00007ff8d0d50000 - 0x00007ff8d0e27000 	D:\programfile\java17\bin\jsvml.dll
0x00007ff8fecc0000 - 0x00007ff8ff538000 	C:\WINDOWS\System32\SHELL32.dll
0x00007ff8fb5a0000 - 0x00007ff8fbeb0000 	C:\WINDOWS\SYSTEM32\windows.storage.dll
0x00007ff8fb460000 - 0x00007ff8fb59f000 	C:\WINDOWS\SYSTEM32\wintypes.dll
0x00007ff8ff8f0000 - 0x00007ff8ff9fa000 	C:\WINDOWS\System32\SHCORE.dll
0x00007ff8ff6d0000 - 0x00007ff8ff72e000 	C:\WINDOWS\System32\shlwapi.dll
0x00007ff8fd5d0000 - 0x00007ff8fd5fb000 	C:\WINDOWS\SYSTEM32\profapi.dll
0x00007ff8de8f0000 - 0x00007ff8de908000 	D:\programfile\java17\bin\zip.dll
0x00007ff8de4c0000 - 0x00007ff8de4d9000 	D:\programfile\java17\bin\net.dll
0x00007ff8fa1e0000 - 0x00007ff8fa30c000 	C:\WINDOWS\SYSTEM32\WINHTTP.dll
0x00007ff8fcb10000 - 0x00007ff8fcb7a000 	C:\WINDOWS\system32\mswsock.dll
0x00007ff8de4a0000 - 0x00007ff8de4b6000 	D:\programfile\java17\bin\nio.dll
0x00007ff8e3f40000 - 0x00007ff8e3f50000 	D:\programfile\java17\bin\verify.dll
0x00007ff8e41e0000 - 0x00007ff8e4207000 	C:\Users\nvhai\.gradle\native\c067742578af261105cb4f569cf0c3c89f3d7b1fecec35dd04571415982c5e48\windows-amd64\native-platform.dll
0x00007ff8c5130000 - 0x00007ff8c5274000 	C:\Users\nvhai\.gradle\native\100fb08df4bc3b14c8652ba06237920a3bd2aa13389f12d3474272988ae205f9\windows-amd64\native-platform-file-events.dll
0x00007ff8e3f30000 - 0x00007ff8e3f3a000 	D:\programfile\java17\bin\management.dll
0x00007ff8e3f20000 - 0x00007ff8e3f2b000 	D:\programfile\java17\bin\management_ext.dll
0x00007ff8fce60000 - 0x00007ff8fce7b000 	C:\WINDOWS\SYSTEM32\CRYPTSP.dll
0x00007ff8fc600000 - 0x00007ff8fc635000 	C:\WINDOWS\system32\rsaenh.dll
0x00007ff8fcbb0000 - 0x00007ff8fcbd8000 	C:\WINDOWS\SYSTEM32\USERENV.dll
0x00007ff8fce40000 - 0x00007ff8fce4c000 	C:\WINDOWS\SYSTEM32\CRYPTBASE.dll
0x00007ff8fc110000 - 0x00007ff8fc13d000 	C:\WINDOWS\SYSTEM32\IPHLPAPI.DLL
0x00007ff8ff6c0000 - 0x00007ff8ff6c9000 	C:\WINDOWS\System32\NSI.dll
0x00007ff8f9230000 - 0x00007ff8f9249000 	C:\WINDOWS\SYSTEM32\dhcpcsvc6.DLL
0x00007ff8f91f0000 - 0x00007ff8f920f000 	C:\WINDOWS\SYSTEM32\dhcpcsvc.DLL
0x00007ff8fc140000 - 0x00007ff8fc242000 	C:\WINDOWS\SYSTEM32\DNSAPI.dll
0x00007ff8e10c0000 - 0x00007ff8e10ce000 	D:\programfile\java17\bin\sunmscapi.dll
0x00007ff8fdf70000 - 0x00007ff8fe0d6000 	C:\WINDOWS\System32\CRYPT32.dll
0x00007ff8fcf70000 - 0x00007ff8fcf9d000 	C:\WINDOWS\SYSTEM32\ncrypt.dll
0x00007ff8fcf30000 - 0x00007ff8fcf67000 	C:\WINDOWS\SYSTEM32\NTASN1.dll
0x00007ff8e4c30000 - 0x00007ff8e4c38000 	C:\WINDOWS\system32\wshunix.dll

dbghelp: loaded successfully - version: 4.0.5 - missing functions: none
symbol engine: initialized successfully - sym options: 0x614 - pdb path: .;D:\programfile\java17\bin;C:\WINDOWS\SYSTEM32;C:\WINDOWS\WinSxS\amd64_microsoft.windows.common-controls_6595b64144ccf1df_6.0.22621.4830_none_270fe7d773858e80;D:\programfile\java17\bin\server;C:\Users\nvhai\.gradle\native\c067742578af261105cb4f569cf0c3c89f3d7b1fecec35dd04571415982c5e48\windows-amd64;C:\Users\nvhai\.gradle\native\100fb08df4bc3b14c8652ba06237920a3bd2aa13389f12d3474272988ae205f9\windows-amd64

VM Arguments:
jvm_args: --add-opens=java.base/java.lang=ALL-UNNAMED --add-opens=java.base/java.lang.invoke=ALL-UNNAMED --add-opens=java.base/java.util=ALL-UNNAMED --add-opens=java.prefs/java.util.prefs=ALL-UNNAMED --add-exports=jdk.compiler/com.sun.tools.javac.api=ALL-UNNAMED --add-exports=jdk.compiler/com.sun.tools.javac.util=ALL-UNNAMED --add-opens=java.base/java.util=ALL-UNNAMED --add-opens=java.prefs/java.util.prefs=ALL-UNNAMED --add-opens=java.base/java.nio.charset=ALL-UNNAMED --add-opens=java.base/java.net=ALL-UNNAMED --add-opens=java.base/java.util.concurrent.atomic=ALL-UNNAMED --add-opens=java.xml/javax.xml.namespace=ALL-UNNAMED -XX:MaxMetaspaceSize=384m -XX:+HeapDumpOnOutOfMemoryError -Xms256m -Xmx512m -Dfile.encoding=UTF-8 -Duser.country=US -Duser.language=en -Duser.variant -javaagent:C:\Users\nvhai\.gradle\wrapper\dists\gradle-8.11.1-bin\bpt9gzteqjrbo1mjrsomdt32c\gradle-8.11.1\lib\agents\gradle-instrumentation-agent-8.11.1.jar 
java_command: org.gradle.launcher.daemon.bootstrap.GradleDaemon 8.11.1
java_class_path (initial): C:\Users\nvhai\.gradle\wrapper\dists\gradle-8.11.1-bin\bpt9gzteqjrbo1mjrsomdt32c\gradle-8.11.1\lib\gradle-daemon-main-8.11.1.jar
Launcher Type: SUN_STANDARD

[Global flags]
     intx CICompilerCount                          = 4                                         {product} {ergonomic}
   size_t CompressedClassSpaceSize                 = 335544320                                 {product} {ergonomic}
     uint ConcGCThreads                            = 2                                         {product} {ergonomic}
     uint G1ConcRefinementThreads                  = 8                                         {product} {ergonomic}
   size_t G1HeapRegionSize                         = 1048576                                   {product} {ergonomic}
    uintx GCDrainStackTargetSize                   = 64                                        {product} {ergonomic}
     bool HeapDumpOnOutOfMemoryError               = true                                   {manageable} {command line}
   size_t InitialHeapSize                          = 268435456                                 {product} {command line}
   size_t MarkStackSize                            = 4194304                                   {product} {ergonomic}
   size_t MaxHeapSize                              = 536870912                                 {product} {command line}
   size_t MaxMetaspaceSize                         = 402653184                                 {product} {command line}
   size_t MaxNewSize                               = 321912832                                 {product} {ergonomic}
   size_t MinHeapDeltaBytes                        = 1048576                                   {product} {ergonomic}
   size_t MinHeapSize                              = 268435456                                 {product} {command line}
    uintx NonNMethodCodeHeapSize                   = 5839372                                {pd product} {ergonomic}
    uintx NonProfiledCodeHeapSize                  = 122909434                              {pd product} {ergonomic}
    uintx ProfiledCodeHeapSize                     = 122909434                              {pd product} {ergonomic}
    uintx ReservedCodeCacheSize                    = 251658240                              {pd product} {ergonomic}
     bool SegmentedCodeCache                       = true                                      {product} {ergonomic}
   size_t SoftMaxHeapSize                          = 536870912                              {manageable} {ergonomic}
     bool UseCompressedClassPointers               = true                           {product lp64_product} {ergonomic}
     bool UseCompressedOops                        = true                           {product lp64_product} {ergonomic}
     bool UseG1GC                                  = true                                      {product} {ergonomic}
     bool UseLargePagesIndividualAllocation        = false                                  {pd product} {ergonomic}

Logging:
Log output configuration:
 #0: stdout all=warning uptime,level,tags
 #1: stderr all=off uptime,level,tags

Environment Variables:
JAVA_HOME=D:\programfile\java17\
PATH=D:\programfile\oracle\WINDOWS.X64_213000_db_home\bin;D:\programfile\Python313\Scripts\;D:\programfile\Python313\;C:\Program Files\Python313\Scripts\;C:\Program Files\Python313\;c:\Users\nvhai\AppData\Local\Programs\cursor\resources\app\bin;D:\programfile\VMware\bin\;C:\Windows\system32;C:\Windows;C:\Windows\System32\Wbem;C:\Windows\System32\WindowsPowerShell\v1.0\;C:\Windows\System32\OpenSSH\;D:\programfile\xampp\php;D:\programfile\Git\cmd;D:\programfile\apache-maven-3.9.7\bin;D:\programfile\spring-2.7.13\bin;D:\programfile\gradle-8.10.2-all\gradle-8.10.2\bin;D:\programfile\OpenSSL-Win64\bin;C:\Users\nvhai\AppData\Local\Microsoft\WindowsApps;C:\Users\nvhai\AppData\Roaming\Composer\vendor\bin;D:\programfile\JetBrains\IntelliJ IDEA 2024.1.2\bin;D:\programfile\Sdk\platform-tools;D:\programfile\cmake\bin;D:\programfile\Git LFS;D:\programfile\redis\;C:\Program Files (x86)\dotnet\;D:\Program Files\Docker\resources\bin;C:\Users\nvhai\AppData\Local\Programs\Microsoft VS Code\bin;D:\Program Files\JetBrains\IntelliJ IDEA 2024.1.2\bin;D:\programfile\mongosh\;D:\programfile\msys64\ucrt64\bin;D:\programfile\npm\npm-global\bin;D:\WinUtils;C:\Users\nvhai\AppData\Roaming\npm;D:\programfile\npm\npm-global;D:\Program Files\choco\bin;C:\WINDOWS\system32;C:\WINDOWS;C:\WINDOWS\System32\Wbem;C:\WINDOWS\System32\WindowsPowerShell\v1.0\;C:\WINDOWS\System32\OpenSSH\;D:\programfile\java17\\bin;D:\Program Files\node_modules;D:\programfile\spring-boot-cli-3.4.2-bin\spring-3.4.2\bin;%NVM_HOME%;%NVM_SYMLINK%;D:\Program Files\nodejs\;C:\Users\nvhai\AppData\Local\Microsoft\WindowsApps;C:\Users\nvhai\AppData\Local\Programs\Microsoft VS Code\bin;D:\programfile\JetBrains\IntelliJ IDEA 2024.3.1.1\bin;;D:\programfile\mongosh\;D:\programfile\msys64\ucrt64\bin;D:\programfile\npm\npm-global\bin;D:\WinUtils;D:\programfile\Python313\;D:\programfile\Python313\Scripts\;C:\Users\nvhai\AppData\Roaming\npm;D:\programfile\npm\npm-global;D:\Program Files\IntelliJ IDEA Community Edition 2024.3.1.1\bin;;D:\program
USERNAME=nvhai
OS=Windows_NT
PROCESSOR_IDENTIFIER=Intel64 Family 6 Model 142 Stepping 12, GenuineIntel



---------------  S Y S T E M  ---------------

OS:
 Windows 11 , 64 bit Build 22621 (10.0.22621.4830)
OS uptime: 1 days 20:51 hours
Hyper-V role detected

CPU: total 8 (initial active 8) (4 cores per cpu, 2 threads per core) family 6 model 142 stepping 12 microcode 0xf0, cx8, cmov, fxsr, ht, mmx, 3dnowpref, sse, sse2, sse3, ssse3, sse4.1, sse4.2, popcnt, lzcnt, tsc, tscinvbit, avx, avx2, aes, erms, clmul, bmi1, bmi2, adx, fma, vzeroupper, clflush, clflushopt, hv

Memory: 4k page, system-wide physical 16194M (1687M free)
TotalPageFile size 26169M (AvailPageFile size 8M)
current process WorkingSet (physical memory assigned to process): 320M, peak: 320M
current process commit charge ("private bytes"): 459M, peak: 460M

vm_info: Java HotSpot(TM) 64-Bit Server VM (17.0.10+11-LTS-240) for windows-amd64 JRE (17.0.10+11-LTS-240), built on Dec 19 2023 21:47:25 by "mach5one" with MS VC++ 17.1 (VS2022)

END.
