#
# There is insufficient memory for the Java Runtime Environment to continue.
# Native memory allocation (malloc) failed to allocate 2049712 bytes for Chunk::new
# Possible reasons:
#   The system is out of physical RAM or swap space
#   The process is running with CompressedOops enabled, and the Java Heap may be blocking the growth of the native heap
# Possible solutions:
#   Reduce memory load on the system
#   Increase physical memory or swap space
#   Check if swap backing store is full
#   Decrease Java heap size (-Xmx/-Xms)
#   Decrease number of Java threads
#   Decrease Java thread stack sizes (-Xss)
#   Set larger code cache with -XX:ReservedCodeCacheSize=
#   JVM is running with Unscaled Compressed Oops mode in which the Java heap is
#     placed in the first 4GB address space. The Java Heap base address is the
#     maximum limit for the native heap growth. Please use -XX:HeapBaseMinAddress
#     to set the Java Heap base and to place the Java Heap above 4GB virtual address.
# This output file may be truncated or incomplete.
#
#  Out of Memory Error (arena.cpp:189), pid=6236, tid=18480
#
# JRE version: Java(TM) SE Runtime Environment (17.0.10+11) (build 17.0.10+11-LTS-240)
# Java VM: Java HotSpot(TM) 64-Bit Server VM (17.0.10+11-LTS-240, mixed mode, sharing, tiered, compressed oops, compressed class ptrs, g1 gc, windows-amd64)
# No core dump will be written. Minidumps are not enabled by default on client versions of Windows
#

---------------  S U M M A R Y ------------

Command Line: --add-opens=java.base/java.lang=ALL-UNNAMED --add-opens=java.base/java.lang.invoke=ALL-UNNAMED --add-opens=java.base/java.util=ALL-UNNAMED --add-opens=java.prefs/java.util.prefs=ALL-UNNAMED --add-exports=jdk.compiler/com.sun.tools.javac.api=ALL-UNNAMED --add-exports=jdk.compiler/com.sun.tools.javac.util=ALL-UNNAMED --add-opens=java.base/java.util=ALL-UNNAMED --add-opens=java.prefs/java.util.prefs=ALL-UNNAMED --add-opens=java.base/java.nio.charset=ALL-UNNAMED --add-opens=java.base/java.net=ALL-UNNAMED --add-opens=java.base/java.util.concurrent.atomic=ALL-UNNAMED --add-opens=java.xml/javax.xml.namespace=ALL-UNNAMED -XX:MaxMetaspaceSize=384m -XX:+HeapDumpOnOutOfMemoryError -Xms256m -Xmx512m -Dfile.encoding=UTF-8 -Duser.country=US -Duser.language=en -Duser.variant -javaagent:C:\Users\nvhai\.gradle\wrapper\dists\gradle-8.11.1-bin\bpt9gzteqjrbo1mjrsomdt32c\gradle-8.11.1\lib\agents\gradle-instrumentation-agent-8.11.1.jar org.gradle.launcher.daemon.bootstrap.GradleDaemon 8.11.1

Host: Intel(R) Core(TM) i5-8365U CPU @ 1.60GHz, 8 cores, 15G,  Windows 11 , 64 bit Build 22621 (10.0.22621.4830)
Time: Sun Feb 16 23:15:26 2025 SE Asia Standard Time elapsed time: 60.253248 seconds (0d 0h 1m 0s)

---------------  T H R E A D  ---------------

Current thread (0x0000024051beb600):  JavaThread "C2 CompilerThread2" daemon [_thread_in_native, id=18480, stack(0x0000009b48c00000,0x0000009b48d00000)]


Current CompileTask:
C2:  60253 8000       4       org.gradle.api.internal.artifacts.ivyservice.modulecache.ModuleMetadataSerializer$Reader::readMavenDependency (148 bytes)

Stack: [0x0000009b48c00000,0x0000009b48d00000]
Native frames: (J=compiled Java code, j=interpreted, Vv=VM code, C=native code)
V  [jvm.dll+0x677a5a]
V  [jvm.dll+0x7d8b2d]
V  [jvm.dll+0x7da48e]
V  [jvm.dll+0x7daaf3]
V  [jvm.dll+0x2455ff]
V  [jvm.dll+0xaaafb]
V  [jvm.dll+0xab09c]
V  [jvm.dll+0x361bae]
V  [jvm.dll+0x1bb3ca]
V  [jvm.dll+0x217aa7]
V  [jvm.dll+0x216d81]
V  [jvm.dll+0x1a3410]
V  [jvm.dll+0x226aeb]
V  [jvm.dll+0x224cab]
V  [jvm.dll+0x78e45c]
V  [jvm.dll+0x78888a]
V  [jvm.dll+0x676935]
C  [ucrtbase.dll+0x29333]
C  [KERNEL32.DLL+0x1259d]
C  [ntdll.dll+0x5af38]


---------------  P R O C E S S  ---------------

Threads class SMR info:
_java_thread_list=0x0000024053d26ee0, length=132, elements={
0x000002401babfa10, 0x00000240363ae940, 0x00000240363af7c0, 0x00000240363c6030,
0x00000240363c6b00, 0x00000240363c95d0, 0x00000240363c9f90, 0x00000240363cad30,
0x00000240363cc790, 0x00000240363cf940, 0x00000240365cb7a0, 0x000002403669c5c0,
0x00000240510f9080, 0x0000024050087690, 0x0000024050c40060, 0x00000240365a83a0,
0x0000024050b29380, 0x00000240513fea60, 0x00000240513fef70, 0x00000240514012e0,
0x00000240513ff990, 0x00000240513ff480, 0x00000240514003b0, 0x00000240513fe040,
0x00000240513ffea0, 0x00000240514008c0, 0x00000240513fe550, 0x0000024051400dd0,
0x00000240514017f0, 0x00000240520b0f90, 0x00000240520b19b0, 0x00000240520b3300,
0x00000240520b1ec0, 0x00000240520b23d0, 0x00000240520b14a0, 0x00000240520b28e0,
0x00000240520b3810, 0x00000240520b0060, 0x00000240520b0570, 0x00000240366ffd20,
0x0000024036701670, 0x00000240367039e0, 0x0000024036702fc0, 0x0000024036702ab0,
0x00000240366ff300, 0x00000240366ff810, 0x00000240367025a0, 0x00000240366fe8e0,
0x00000240367034d0, 0x0000024036703ef0, 0x00000240366fd9b0, 0x0000024036700230,
0x0000024036704400, 0x0000024036700740, 0x0000024036700c50, 0x0000024036704e20,
0x0000024036701160, 0x0000024036704910, 0x0000024036705330, 0x0000024036701b80,
0x00000240366fe3d0, 0x0000024036702090, 0x00000240366fedf0, 0x00000240526bd330,
0x00000240526bc910, 0x00000240526bd840, 0x00000240526bf190, 0x00000240526c1500,
0x00000240526bf6a0, 0x00000240526baab0, 0x00000240526be770, 0x00000240526be260,
0x00000240526c05d0, 0x00000240526bfbb0, 0x00000240526bec80, 0x00000240526bbef0,
0x00000240526c0ae0, 0x00000240526c0ff0, 0x00000240526c1a10, 0x00000240526bc400,
0x00000240526c1f20, 0x00000240526c2430, 0x00000240526bce20, 0x00000240526bb4d0,
0x00000240526bdd50, 0x00000240526bb9e0, 0x0000024052aea940, 0x0000024052aee0f0,
0x0000024052aeff50, 0x0000024052aec7a0, 0x0000024052ae8ff0, 0x0000024052aeb870,
0x0000024052aed1c0, 0x0000024052af0970, 0x0000024052af0460, 0x0000024052aebd80,
0x0000024052aef530, 0x0000024052aeccb0, 0x0000024052aefa40, 0x0000024052aef020,
0x0000024052aeeb10, 0x0000024052aeae50, 0x0000024052ae9500, 0x0000024052ae9a10,
0x0000024052ae9f20, 0x0000024052aea430, 0x0000024052aec290, 0x0000024052aed6d0,
0x0000024052aeb360, 0x0000024052aedbe0, 0x0000024052aee600, 0x0000024054fe1e50,
0x0000024054fe2360, 0x0000024054fe2870, 0x0000024054fe37a0, 0x0000024051beab60,
0x0000024054fe46d0, 0x0000024054fe3290, 0x0000024054fe2d80, 0x0000024054fe3cb0,
0x0000024054fe0f20, 0x0000024054fe1430, 0x0000024054fe1940, 0x0000024054bb4bf0,
0x0000024054bb0a20, 0x0000024054bb2d90, 0x0000024054bb2880, 0x0000024054bb32a0,
0x0000024054bb46e0, 0x0000024054bb5b20, 0x0000024054bb6540, 0x0000024051beb600
}

Java Threads: ( => current thread )
  0x000002401babfa10 JavaThread "main" [_thread_blocked, id=14868, stack(0x0000009b3f500000,0x0000009b3f600000)]
  0x00000240363ae940 JavaThread "Reference Handler" daemon [_thread_blocked, id=21908, stack(0x0000009b3fd00000,0x0000009b3fe00000)]
  0x00000240363af7c0 JavaThread "Finalizer" daemon [_thread_blocked, id=22488, stack(0x0000009b3fe00000,0x0000009b3ff00000)]
  0x00000240363c6030 JavaThread "Signal Dispatcher" daemon [_thread_blocked, id=14504, stack(0x0000009b3ff00000,0x0000009b40000000)]
  0x00000240363c6b00 JavaThread "Attach Listener" daemon [_thread_blocked, id=19396, stack(0x0000009b40000000,0x0000009b40100000)]
  0x00000240363c95d0 JavaThread "Service Thread" daemon [_thread_blocked, id=6080, stack(0x0000009b40100000,0x0000009b40200000)]
  0x00000240363c9f90 JavaThread "Monitor Deflation Thread" daemon [_thread_blocked, id=15732, stack(0x0000009b40200000,0x0000009b40300000)]
  0x00000240363cad30 JavaThread "C2 CompilerThread0" daemon [_thread_in_native, id=18960, stack(0x0000009b40300000,0x0000009b40400000)]
  0x00000240363cc790 JavaThread "C1 CompilerThread0" daemon [_thread_blocked, id=10356, stack(0x0000009b40400000,0x0000009b40500000)]
  0x00000240363cf940 JavaThread "Sweeper thread" daemon [_thread_blocked, id=13296, stack(0x0000009b40500000,0x0000009b40600000)]
  0x00000240365cb7a0 JavaThread "Common-Cleaner" daemon [_thread_blocked, id=4044, stack(0x0000009b40600000,0x0000009b40700000)]
  0x000002403669c5c0 JavaThread "Notification Thread" daemon [_thread_blocked, id=19236, stack(0x0000009b40700000,0x0000009b40800000)]
  0x00000240510f9080 JavaThread "Daemon health stats" [_thread_blocked, id=18612, stack(0x0000009b40e00000,0x0000009b40f00000)]
  0x0000024050087690 JavaThread "Incoming local TCP Connector on port 54579" [_thread_in_native, id=23520, stack(0x0000009b40f00000,0x0000009b41000000)]
  0x0000024050c40060 JavaThread "Daemon periodic checks" [_thread_blocked, id=21300, stack(0x0000009b41000000,0x0000009b41100000)]
  0x00000240365a83a0 JavaThread "Daemon" [_thread_blocked, id=20572, stack(0x0000009b41100000,0x0000009b41200000)]
  0x0000024050b29380 JavaThread "Handler for socket connection from /127.0.0.1:54579 to /127.0.0.1:54580" [_thread_in_native, id=7468, stack(0x0000009b41200000,0x0000009b41300000)]
  0x00000240513fea60 JavaThread "Cancel handler" [_thread_blocked, id=13012, stack(0x0000009b41300000,0x0000009b41400000)]
  0x00000240513fef70 JavaThread "Daemon worker" [_thread_in_Java, id=9132, stack(0x0000009b41400000,0x0000009b41500000)]
  0x00000240514012e0 JavaThread "Asynchronous log dispatcher for DefaultDaemonConnection: socket connection from /127.0.0.1:54579 to /127.0.0.1:54580" [_thread_blocked, id=12864, stack(0x0000009b41500000,0x0000009b41600000)]
  0x00000240513ff990 JavaThread "Stdin handler" [_thread_blocked, id=23120, stack(0x0000009b41600000,0x0000009b41700000)]
  0x00000240513ff480 JavaThread "Daemon client event forwarder" [_thread_blocked, id=21028, stack(0x0000009b41700000,0x0000009b41800000)]
  0x00000240514003b0 JavaThread "Cache worker for journal cache (C:\Users\nvhai\.gradle\caches\journal-1)" [_thread_blocked, id=5604, stack(0x0000009b41800000,0x0000009b41900000)]
  0x00000240513fe040 JavaThread "File lock request listener" [_thread_in_native, id=13100, stack(0x0000009b41900000,0x0000009b41a00000)]
  0x00000240513ffea0 JavaThread "Cache worker for file hash cache (C:\Users\nvhai\.gradle\caches\8.11.1\fileHashes)" [_thread_blocked, id=22252, stack(0x0000009b41a00000,0x0000009b41b00000)]
  0x00000240514008c0 JavaThread "Cache worker for file content cache (C:\Users\nvhai\.gradle\caches\8.11.1\fileContent)" [_thread_blocked, id=17064, stack(0x0000009b41b00000,0x0000009b41c00000)]
  0x00000240513fe550 JavaThread "Cache worker for file hash cache (D:\codevs\springboot\ideaSwap\.gradle\8.11.1\fileHashes)" [_thread_blocked, id=2996, stack(0x0000009b41c00000,0x0000009b41d00000)]
  0x0000024051400dd0 JavaThread "Cache worker for Build Output Cleanup Cache (D:\codevs\springboot\ideaSwap\.gradle\buildOutputCleanup)" [_thread_blocked, id=15008, stack(0x0000009b41d00000,0x0000009b41e00000)]
  0x00000240514017f0 JavaThread "File watcher server" daemon [_thread_in_native, id=16476, stack(0x0000009b42200000,0x0000009b42300000)]
  0x00000240520b0f90 JavaThread "File watcher consumer" daemon [_thread_blocked, id=15740, stack(0x0000009b42100000,0x0000009b42200000)]
  0x00000240520b19b0 JavaThread "Cache worker for checksums cache (D:\codevs\springboot\ideaSwap\.gradle\8.11.1\checksums)" [_thread_blocked, id=18992, stack(0x0000009b42300000,0x0000009b42400000)]
  0x00000240520b3300 JavaThread "Cache worker for cache directory md-rule (C:\Users\nvhai\.gradle\caches\8.11.1\md-rule)" [_thread_blocked, id=23408, stack(0x0000009b42400000,0x0000009b42500000)]
  0x00000240520b1ec0 JavaThread "Cache worker for cache directory md-supplier (C:\Users\nvhai\.gradle\caches\8.11.1\md-supplier)" [_thread_blocked, id=20028, stack(0x0000009b42500000,0x0000009b42600000)]
  0x00000240520b23d0 JavaThread "jar transforms" [_thread_blocked, id=18596, stack(0x0000009b42600000,0x0000009b42700000)]
  0x00000240520b14a0 JavaThread "jar transforms Thread 2" [_thread_blocked, id=17760, stack(0x0000009b42800000,0x0000009b42900000)]
  0x00000240520b28e0 JavaThread "jar transforms Thread 3" [_thread_blocked, id=12608, stack(0x0000009b42900000,0x0000009b42a00000)]
  0x00000240520b3810 JavaThread "File lock release action executor" [_thread_blocked, id=18764, stack(0x0000009b42c00000,0x0000009b42d00000)]
  0x00000240520b0060 JavaThread "Unconstrained build operations" [_thread_blocked, id=11428, stack(0x0000009b42700000,0x0000009b42800000)]
  0x00000240520b0570 JavaThread "Unconstrained build operations Thread 2" [_thread_blocked, id=11848, stack(0x0000009b42d00000,0x0000009b42e00000)]
  0x00000240366ffd20 JavaThread "jar transforms Thread 4" [_thread_blocked, id=17256, stack(0x0000009b42e00000,0x0000009b42f00000)]
  0x0000024036701670 JavaThread "jar transforms Thread 5" [_thread_blocked, id=20956, stack(0x0000009b42f00000,0x0000009b43000000)]
  0x00000240367039e0 JavaThread "jar transforms Thread 6" [_thread_blocked, id=19600, stack(0x0000009b43000000,0x0000009b43100000)]
  0x0000024036702fc0 JavaThread "jar transforms Thread 7" [_thread_blocked, id=8300, stack(0x0000009b43100000,0x0000009b43200000)]
  0x0000024036702ab0 JavaThread "Unconstrained build operations Thread 3" [_thread_blocked, id=22548, stack(0x0000009b43200000,0x0000009b43300000)]
  0x00000240366ff300 JavaThread "Unconstrained build operations Thread 4" [_thread_blocked, id=22000, stack(0x0000009b43300000,0x0000009b43400000)]
  0x00000240366ff810 JavaThread "Unconstrained build operations Thread 5" [_thread_blocked, id=18856, stack(0x0000009b43400000,0x0000009b43500000)]
  0x00000240367025a0 JavaThread "Unconstrained build operations Thread 6" [_thread_blocked, id=12048, stack(0x0000009b43500000,0x0000009b43600000)]
  0x00000240366fe8e0 JavaThread "Unconstrained build operations Thread 7" [_thread_blocked, id=19872, stack(0x0000009b43600000,0x0000009b43700000)]
  0x00000240367034d0 JavaThread "Unconstrained build operations Thread 8" [_thread_blocked, id=15168, stack(0x0000009b43700000,0x0000009b43800000)]
  0x0000024036703ef0 JavaThread "Unconstrained build operations Thread 9" [_thread_blocked, id=6040, stack(0x0000009b43800000,0x0000009b43900000)]
  0x00000240366fd9b0 JavaThread "Unconstrained build operations Thread 10" [_thread_blocked, id=18104, stack(0x0000009b43900000,0x0000009b43a00000)]
  0x0000024036700230 JavaThread "Unconstrained build operations Thread 11" [_thread_blocked, id=23472, stack(0x0000009b43a00000,0x0000009b43b00000)]
  0x0000024036704400 JavaThread "Unconstrained build operations Thread 12" [_thread_blocked, id=10048, stack(0x0000009b43b00000,0x0000009b43c00000)]
  0x0000024036700740 JavaThread "Unconstrained build operations Thread 13" [_thread_blocked, id=10428, stack(0x0000009b43c00000,0x0000009b43d00000)]
  0x0000024036700c50 JavaThread "Unconstrained build operations Thread 14" [_thread_blocked, id=8800, stack(0x0000009b43d00000,0x0000009b43e00000)]
  0x0000024036704e20 JavaThread "Unconstrained build operations Thread 15" [_thread_blocked, id=19216, stack(0x0000009b43f00000,0x0000009b44000000)]
  0x0000024036701160 JavaThread "Unconstrained build operations Thread 16" [_thread_blocked, id=15892, stack(0x0000009b44000000,0x0000009b44100000)]
  0x0000024036704910 JavaThread "Unconstrained build operations Thread 17" [_thread_blocked, id=15856, stack(0x0000009b44100000,0x0000009b44200000)]
  0x0000024036705330 JavaThread "Unconstrained build operations Thread 18" [_thread_blocked, id=8704, stack(0x0000009b44200000,0x0000009b44300000)]
  0x0000024036701b80 JavaThread "Unconstrained build operations Thread 19" [_thread_blocked, id=19420, stack(0x0000009b44300000,0x0000009b44400000)]
  0x00000240366fe3d0 JavaThread "Unconstrained build operations Thread 20" [_thread_blocked, id=12284, stack(0x0000009b44400000,0x0000009b44500000)]
  0x0000024036702090 JavaThread "Unconstrained build operations Thread 21" [_thread_blocked, id=17080, stack(0x0000009b44500000,0x0000009b44600000)]
  0x00000240366fedf0 JavaThread "Unconstrained build operations Thread 22" [_thread_blocked, id=632, stack(0x0000009b44600000,0x0000009b44700000)]
  0x00000240526bd330 JavaThread "Unconstrained build operations Thread 23" [_thread_blocked, id=3172, stack(0x0000009b44700000,0x0000009b44800000)]
  0x00000240526bc910 JavaThread "Memory manager" [_thread_blocked, id=17728, stack(0x0000009b43e00000,0x0000009b43f00000)]
  0x00000240526bd840 JavaThread "jar transforms Thread 8" [_thread_blocked, id=15852, stack(0x0000009b44b00000,0x0000009b44c00000)]
  0x00000240526bf190 JavaThread "ForkJoinPool.commonPool-worker-1" daemon [_thread_blocked, id=9064, stack(0x0000009b44d00000,0x0000009b44e00000)]
  0x00000240526c1500 JavaThread "ForkJoinPool.commonPool-worker-2" daemon [_thread_blocked, id=18176, stack(0x0000009b44e00000,0x0000009b44f00000)]
  0x00000240526bf6a0 JavaThread "ForkJoinPool.commonPool-worker-3" daemon [_thread_blocked, id=17840, stack(0x0000009b44f00000,0x0000009b45000000)]
  0x00000240526baab0 JavaThread "ForkJoinPool.commonPool-worker-4" daemon [_thread_blocked, id=17416, stack(0x0000009b45000000,0x0000009b45100000)]
  0x00000240526be770 JavaThread "ForkJoinPool.commonPool-worker-5" daemon [_thread_blocked, id=15232, stack(0x0000009b45100000,0x0000009b45200000)]
  0x00000240526be260 JavaThread "ForkJoinPool.commonPool-worker-6" daemon [_thread_blocked, id=17672, stack(0x0000009b45200000,0x0000009b45300000)]
  0x00000240526c05d0 JavaThread "Exec process" [_thread_blocked, id=19668, stack(0x0000009b45300000,0x0000009b45400000)]
  0x00000240526bfbb0 JavaThread "Exec process Thread 2" [_thread_blocked, id=252, stack(0x0000009b45400000,0x0000009b45500000)]
  0x00000240526bec80 JavaThread "Exec process Thread 3" [_thread_blocked, id=19388, stack(0x0000009b45500000,0x0000009b45600000)]
  0x00000240526bbef0 JavaThread "ForkJoinPool.commonPool-worker-7" daemon [_thread_blocked, id=1908, stack(0x0000009b44a00000,0x0000009b44b00000)]
  0x00000240526c0ae0 JavaThread "Unconstrained build operations Thread 24" [_thread_blocked, id=23432, stack(0x0000009b45600000,0x0000009b45700000)]
  0x00000240526c0ff0 JavaThread "Unconstrained build operations Thread 25" [_thread_blocked, id=16236, stack(0x0000009b45700000,0x0000009b45800000)]
  0x00000240526c1a10 JavaThread "Unconstrained build operations Thread 26" [_thread_blocked, id=15060, stack(0x0000009b45800000,0x0000009b45900000)]
  0x00000240526bc400 JavaThread "Unconstrained build operations Thread 27" [_thread_blocked, id=23036, stack(0x0000009b45a00000,0x0000009b45b00000)]
  0x00000240526c1f20 JavaThread "Unconstrained build operations Thread 28" [_thread_blocked, id=15448, stack(0x0000009b45b00000,0x0000009b45c00000)]
  0x00000240526c2430 JavaThread "Unconstrained build operations Thread 29" [_thread_blocked, id=18568, stack(0x0000009b45c00000,0x0000009b45d00000)]
  0x00000240526bce20 JavaThread "Unconstrained build operations Thread 30" [_thread_blocked, id=19896, stack(0x0000009b45d00000,0x0000009b45e00000)]
  0x00000240526bb4d0 JavaThread "Unconstrained build operations Thread 31" [_thread_blocked, id=13392, stack(0x0000009b45e00000,0x0000009b45f00000)]
  0x00000240526bdd50 JavaThread "Unconstrained build operations Thread 32" [_thread_blocked, id=9512, stack(0x0000009b45f00000,0x0000009b46000000)]
  0x00000240526bb9e0 JavaThread "Unconstrained build operations Thread 33" [_thread_blocked, id=4536, stack(0x0000009b44c00000,0x0000009b44d00000)]
  0x0000024052aea940 JavaThread "Unconstrained build operations Thread 34" [_thread_blocked, id=16688, stack(0x0000009b45900000,0x0000009b45a00000)]
  0x0000024052aee0f0 JavaThread "Unconstrained build operations Thread 35" [_thread_blocked, id=5092, stack(0x0000009b46000000,0x0000009b46100000)]
  0x0000024052aeff50 JavaThread "Unconstrained build operations Thread 36" [_thread_blocked, id=5708, stack(0x0000009b46100000,0x0000009b46200000)]
  0x0000024052aec7a0 JavaThread "Unconstrained build operations Thread 37" [_thread_blocked, id=1488, stack(0x0000009b46200000,0x0000009b46300000)]
  0x0000024052ae8ff0 JavaThread "Unconstrained build operations Thread 38" [_thread_blocked, id=12304, stack(0x0000009b46400000,0x0000009b46500000)]
  0x0000024052aeb870 JavaThread "Unconstrained build operations Thread 39" [_thread_blocked, id=8600, stack(0x0000009b46500000,0x0000009b46600000)]
  0x0000024052aed1c0 JavaThread "Unconstrained build operations Thread 40" [_thread_blocked, id=14188, stack(0x0000009b46600000,0x0000009b46700000)]
  0x0000024052af0970 JavaThread "Unconstrained build operations Thread 41" [_thread_blocked, id=8876, stack(0x0000009b46300000,0x0000009b46400000)]
  0x0000024052af0460 JavaThread "Unconstrained build operations Thread 42" [_thread_blocked, id=1540, stack(0x0000009b46700000,0x0000009b46800000)]
  0x0000024052aebd80 JavaThread "Unconstrained build operations Thread 43" [_thread_blocked, id=3744, stack(0x0000009b46800000,0x0000009b46900000)]
  0x0000024052aef530 JavaThread "Unconstrained build operations Thread 44" [_thread_blocked, id=22600, stack(0x0000009b46900000,0x0000009b46a00000)]
  0x0000024052aeccb0 JavaThread "Unconstrained build operations Thread 45" [_thread_blocked, id=12108, stack(0x0000009b46a00000,0x0000009b46b00000)]
  0x0000024052aefa40 JavaThread "Unconstrained build operations Thread 46" [_thread_blocked, id=11812, stack(0x0000009b46b00000,0x0000009b46c00000)]
  0x0000024052aef020 JavaThread "Unconstrained build operations Thread 47" [_thread_blocked, id=17180, stack(0x0000009b46c00000,0x0000009b46d00000)]
  0x0000024052aeeb10 JavaThread "Unconstrained build operations Thread 48" [_thread_blocked, id=18896, stack(0x0000009b46d00000,0x0000009b46e00000)]
  0x0000024052aeae50 JavaThread "Unconstrained build operations Thread 49" [_thread_blocked, id=18488, stack(0x0000009b46e00000,0x0000009b46f00000)]
  0x0000024052ae9500 JavaThread "Unconstrained build operations Thread 50" [_thread_blocked, id=3596, stack(0x0000009b46f00000,0x0000009b47000000)]
  0x0000024052ae9a10 JavaThread "Unconstrained build operations Thread 51" [_thread_blocked, id=13908, stack(0x0000009b47000000,0x0000009b47100000)]
  0x0000024052ae9f20 JavaThread "Unconstrained build operations Thread 52" [_thread_blocked, id=15928, stack(0x0000009b47100000,0x0000009b47200000)]
  0x0000024052aea430 JavaThread "Unconstrained build operations Thread 53" [_thread_blocked, id=4136, stack(0x0000009b47200000,0x0000009b47300000)]
  0x0000024052aec290 JavaThread "Unconstrained build operations Thread 54" [_thread_blocked, id=17972, stack(0x0000009b47300000,0x0000009b47400000)]
  0x0000024052aed6d0 JavaThread "Unconstrained build operations Thread 55" [_thread_blocked, id=8776, stack(0x0000009b47400000,0x0000009b47500000)]
  0x0000024052aeb360 JavaThread "Unconstrained build operations Thread 56" [_thread_blocked, id=7140, stack(0x0000009b47500000,0x0000009b47600000)]
  0x0000024052aedbe0 JavaThread "Unconstrained build operations Thread 57" [_thread_blocked, id=2452, stack(0x0000009b47600000,0x0000009b47700000)]
  0x0000024052aee600 JavaThread "Unconstrained build operations Thread 58" [_thread_blocked, id=23444, stack(0x0000009b47700000,0x0000009b47800000)]
  0x0000024054fe1e50 JavaThread "Unconstrained build operations Thread 59" [_thread_blocked, id=8924, stack(0x0000009b47800000,0x0000009b47900000)]
  0x0000024054fe2360 JavaThread "Unconstrained build operations Thread 60" [_thread_blocked, id=9644, stack(0x0000009b47900000,0x0000009b47a00000)]
  0x0000024054fe2870 JavaThread "Unconstrained build operations Thread 61" [_thread_blocked, id=13408, stack(0x0000009b47a00000,0x0000009b47b00000)]
  0x0000024054fe37a0 JavaThread "Unconstrained build operations Thread 62" [_thread_blocked, id=18532, stack(0x0000009b47b00000,0x0000009b47c00000)]
  0x0000024051beab60 JavaThread "C2 CompilerThread1" daemon [_thread_in_native, id=21420, stack(0x0000009b47c00000,0x0000009b47d00000)]
  0x0000024054fe46d0 JavaThread "Unconstrained build operations Thread 63" [_thread_blocked, id=3416, stack(0x0000009b47d00000,0x0000009b47e00000)]
  0x0000024054fe3290 JavaThread "Unconstrained build operations Thread 64" [_thread_blocked, id=11536, stack(0x0000009b47e00000,0x0000009b47f00000)]
  0x0000024054fe2d80 JavaThread "Unconstrained build operations Thread 65" [_thread_blocked, id=15532, stack(0x0000009b47f00000,0x0000009b48000000)]
  0x0000024054fe3cb0 JavaThread "Unconstrained build operations Thread 66" [_thread_blocked, id=16832, stack(0x0000009b48000000,0x0000009b48100000)]
  0x0000024054fe0f20 JavaThread "Unconstrained build operations Thread 67" [_thread_blocked, id=18208, stack(0x0000009b48100000,0x0000009b48200000)]
  0x0000024054fe1430 JavaThread "Unconstrained build operations Thread 68" [_thread_blocked, id=8032, stack(0x0000009b48200000,0x0000009b48300000)]
  0x0000024054fe1940 JavaThread "Unconstrained build operations Thread 69" [_thread_blocked, id=7956, stack(0x0000009b48300000,0x0000009b48400000)]
  0x0000024054bb4bf0 JavaThread "Unconstrained build operations Thread 70" [_thread_blocked, id=20884, stack(0x0000009b48400000,0x0000009b48500000)]
  0x0000024054bb0a20 JavaThread "Unconstrained build operations Thread 71" [_thread_blocked, id=22996, stack(0x0000009b48500000,0x0000009b48600000)]
  0x0000024054bb2d90 JavaThread "Unconstrained build operations Thread 72" [_thread_blocked, id=20460, stack(0x0000009b48600000,0x0000009b48700000)]
  0x0000024054bb2880 JavaThread "Unconstrained build operations Thread 73" [_thread_blocked, id=12120, stack(0x0000009b48700000,0x0000009b48800000)]
  0x0000024054bb32a0 JavaThread "Unconstrained build operations Thread 74" [_thread_blocked, id=14908, stack(0x0000009b48800000,0x0000009b48900000)]
  0x0000024054bb46e0 JavaThread "Unconstrained build operations Thread 75" [_thread_blocked, id=17476, stack(0x0000009b48900000,0x0000009b48a00000)]
  0x0000024054bb5b20 JavaThread "Unconstrained build operations Thread 76" [_thread_blocked, id=16600, stack(0x0000009b48a00000,0x0000009b48b00000)]
  0x0000024054bb6540 JavaThread "Unconstrained build operations Thread 77" [_thread_blocked, id=21728, stack(0x0000009b48b00000,0x0000009b48c00000)]
=>0x0000024051beb600 JavaThread "C2 CompilerThread2" daemon [_thread_in_native, id=18480, stack(0x0000009b48c00000,0x0000009b48d00000)]

Other Threads:
  0x00000240363a79d0 VMThread "VM Thread" [stack: 0x0000009b3fc00000,0x0000009b3fd00000] [id=20652]
  0x00000240366782b0 WatcherThread [stack: 0x0000009b40800000,0x0000009b40900000] [id=22584]
  0x000002401baecc10 GCTaskThread "GC Thread#0" [stack: 0x0000009b3f700000,0x0000009b3f800000] [id=18252]
  0x0000024036746190 GCTaskThread "GC Thread#1" [stack: 0x0000009b40900000,0x0000009b40a00000] [id=10184]
  0x0000024036746450 GCTaskThread "GC Thread#2" [stack: 0x0000009b40a00000,0x0000009b40b00000] [id=15836]
  0x0000024036746710 GCTaskThread "GC Thread#3" [stack: 0x0000009b40b00000,0x0000009b40c00000] [id=21748]
  0x00000240367469d0 GCTaskThread "GC Thread#4" [stack: 0x0000009b40c00000,0x0000009b40d00000] [id=16392]
  0x0000024036746c90 GCTaskThread "GC Thread#5" [stack: 0x0000009b40d00000,0x0000009b40e00000] [id=11952]
  0x00000240512b8a30 GCTaskThread "GC Thread#6" [stack: 0x0000009b41e00000,0x0000009b41f00000] [id=14564]
  0x000002405259bf50 GCTaskThread "GC Thread#7" [stack: 0x0000009b41f00000,0x0000009b42000000] [id=23184]
  0x000002401baedb30 ConcurrentGCThread "G1 Main Marker" [stack: 0x0000009b3f800000,0x0000009b3f900000] [id=20644]
  0x0000024019a9e5f0 ConcurrentGCThread "G1 Conc#0" [stack: 0x0000009b3f900000,0x0000009b3fa00000] [id=21268]
  0x0000024052377cf0 ConcurrentGCThread "G1 Conc#1" [stack: 0x0000009b42000000,0x0000009b42100000] [id=17184]
  0x000002401bb7ec30 ConcurrentGCThread "G1 Refine#0" [stack: 0x0000009b3fa00000,0x0000009b3fb00000] [id=10308]
  0x00000240527f2860 ConcurrentGCThread "G1 Refine#1" [stack: 0x0000009b42a00000,0x0000009b42b00000] [id=6688]
  0x00000240527f0df0 ConcurrentGCThread "G1 Refine#2" [stack: 0x0000009b42b00000,0x0000009b42c00000] [id=15384]
  0x000002403626cc50 ConcurrentGCThread "G1 Service" [stack: 0x0000009b3fb00000,0x0000009b3fc00000] [id=20740]

Threads with active compile tasks:
C2 CompilerThread0    60316 8100       4       org.gradle.api.internal.artifacts.ModuleComponentSelectorSerializer::read (50 bytes)
C1 CompilerThread0    60316 8459       2       org.gradle.api.internal.artifacts.ivyservice.resolveengine.graph.conflicts.DefaultCapabilitiesConflictHandler::hasSeenNonDefaultCapabilityExplicitly (16 bytes)
C2 CompilerThread1    60316 7956       4       org.gradle.internal.component.external.model.DefaultModuleComponentSelector::newSelector (26 bytes)
C2 CompilerThread2    60316 8000       4       org.gradle.api.internal.artifacts.ivyservice.modulecache.ModuleMetadataSerializer$Reader::readMavenDependency (148 bytes)

VM state: not at safepoint (normal execution)

VM Mutex/Monitor currently owned by a thread:  ([mutex/lock_event])
[0x000002401bab97b0] CodeCache_lock - owner thread: 0x0000024051beab60
[0x000002401babb150] Compile_lock - owner thread: 0x0000024051beab60
[0x000002401babb4b0] MethodCompileQueue_lock - owner thread: 0x0000024051beab60

Heap address: 0x00000000e0000000, size: 512 MB, Compressed Oops mode: 32-bit

CDS archive(s) mapped at: [0x0000024037000000-0x0000024037bd0000-0x0000024037bd0000), size 12386304, SharedBaseAddress: 0x0000024037000000, ArchiveRelocationMode: 1.
Compressed class space mapped at: 0x0000024038000000-0x000002404c000000, reserved size: 335544320
Narrow klass base: 0x0000024037000000, Narrow klass shift: 0, Narrow klass range: 0x100000000

GC Precious Log:
 CPUs: 8 total, 8 available
 Memory: 16194M
 Large Page Support: Disabled
 NUMA Support: Disabled
 Compressed Oops: Enabled (32-bit)
 Heap Region Size: 1M
 Heap Min Capacity: 256M
 Heap Initial Capacity: 256M
 Heap Max Capacity: 512M
 Pre-touch: Disabled
 Parallel Workers: 8
 Concurrent Workers: 2
 Concurrent Refinement Workers: 8
 Periodic GC: Disabled

Heap:
 garbage-first heap   total 262144K, used 180543K [0x00000000e0000000, 0x0000000100000000)
  region size 1024K, 136 young (139264K), 2 survivors (2048K)
 Metaspace       used 54648K, committed 55232K, reserved 393216K
  class space    used 7684K, committed 7936K, reserved 327680K

Heap Regions: E=young(eden), S=young(survivor), O=old, HS=humongous(starts), HC=humongous(continues), CS=collection set, F=free, OA=open archive, CA=closed archive, TAMS=top-at-mark-start (previous, next)
|   0|0x00000000e0000000, 0x00000000e0100000, 0x00000000e0100000|100%| O|  |TAMS 0x00000000e0000000, 0x00000000e0000000| Untracked 
|   1|0x00000000e0100000, 0x00000000e0200000, 0x00000000e0200000|100%|HS|  |TAMS 0x00000000e0200000, 0x00000000e0100000| Complete 
|   2|0x00000000e0200000, 0x00000000e0300000, 0x00000000e0300000|100%|HC|  |TAMS 0x00000000e0300000, 0x00000000e0200000| Complete 
|   3|0x00000000e0300000, 0x00000000e0400000, 0x00000000e0400000|100%|HC|  |TAMS 0x00000000e0400000, 0x00000000e0300000| Complete 
|   4|0x00000000e0400000, 0x00000000e0500000, 0x00000000e0500000|100%| O|  |TAMS 0x00000000e0500000, 0x00000000e0400000| Untracked 
|   5|0x00000000e0500000, 0x00000000e0600000, 0x00000000e0600000|100%| O|  |TAMS 0x00000000e0600000, 0x00000000e0500000| Untracked 
|   6|0x00000000e0600000, 0x00000000e0700000, 0x00000000e0700000|100%| O|  |TAMS 0x00000000e0700000, 0x00000000e0600000| Untracked 
|   7|0x00000000e0700000, 0x00000000e0800000, 0x00000000e0800000|100%|HS|  |TAMS 0x00000000e0800000, 0x00000000e0700000| Complete 
|   8|0x00000000e0800000, 0x00000000e0900000, 0x00000000e0900000|100%| O|  |TAMS 0x00000000e0900000, 0x00000000e0800000| Untracked 
|   9|0x00000000e0900000, 0x00000000e0a00000, 0x00000000e0a00000|100%| O|  |TAMS 0x00000000e0a00000, 0x00000000e0900000| Untracked 
|  10|0x00000000e0a00000, 0x00000000e0b00000, 0x00000000e0b00000|100%| O|  |TAMS 0x00000000e0b00000, 0x00000000e0a00000| Untracked 
|  11|0x00000000e0b00000, 0x00000000e0c00000, 0x00000000e0c00000|100%| O|  |TAMS 0x00000000e0c00000, 0x00000000e0b00000| Untracked 
|  12|0x00000000e0c00000, 0x00000000e0d00000, 0x00000000e0d00000|100%| O|  |TAMS 0x00000000e0d00000, 0x00000000e0c00000| Untracked 
|  13|0x00000000e0d00000, 0x00000000e0e00000, 0x00000000e0e00000|100%| O|  |TAMS 0x00000000e0e00000, 0x00000000e0d00000| Untracked 
|  14|0x00000000e0e00000, 0x00000000e0f00000, 0x00000000e0f00000|100%| O|  |TAMS 0x00000000e0f00000, 0x00000000e0e00000| Untracked 
|  15|0x00000000e0f00000, 0x00000000e1000000, 0x00000000e1000000|100%| O|  |TAMS 0x00000000e1000000, 0x00000000e0f00000| Untracked 
|  16|0x00000000e1000000, 0x00000000e1100000, 0x00000000e1100000|100%| O|  |TAMS 0x00000000e1100000, 0x00000000e1000000| Untracked 
|  17|0x00000000e1100000, 0x00000000e1200000, 0x00000000e1200000|100%| O|  |TAMS 0x00000000e1200000, 0x00000000e1100000| Untracked 
|  18|0x00000000e1200000, 0x00000000e1300000, 0x00000000e1300000|100%| O|  |TAMS 0x00000000e1300000, 0x00000000e1200000| Untracked 
|  19|0x00000000e1300000, 0x00000000e1300000, 0x00000000e1400000|  0%| F|  |TAMS 0x00000000e1300000, 0x00000000e1300000| Untracked 
|  20|0x00000000e1400000, 0x00000000e1500000, 0x00000000e1500000|100%| O|  |TAMS 0x00000000e1500000, 0x00000000e1400000| Untracked 
|  21|0x00000000e1500000, 0x00000000e1600000, 0x00000000e1600000|100%| O|  |TAMS 0x00000000e1600000, 0x00000000e1500000| Untracked 
|  22|0x00000000e1600000, 0x00000000e1700000, 0x00000000e1700000|100%| O|  |TAMS 0x00000000e1700000, 0x00000000e1600000| Untracked 
|  23|0x00000000e1700000, 0x00000000e1800000, 0x00000000e1800000|100%| O|  |TAMS 0x00000000e1800000, 0x00000000e1700000| Untracked 
|  24|0x00000000e1800000, 0x00000000e1900000, 0x00000000e1900000|100%| O|  |TAMS 0x00000000e1900000, 0x00000000e1800000| Untracked 
|  25|0x00000000e1900000, 0x00000000e1a00000, 0x00000000e1a00000|100%| O|  |TAMS 0x00000000e1a00000, 0x00000000e1900000| Untracked 
|  26|0x00000000e1a00000, 0x00000000e1b00000, 0x00000000e1b00000|100%| O|  |TAMS 0x00000000e1b00000, 0x00000000e1a00000| Untracked 
|  27|0x00000000e1b00000, 0x00000000e1c00000, 0x00000000e1c00000|100%| O|  |TAMS 0x00000000e1c00000, 0x00000000e1b00000| Untracked 
|  28|0x00000000e1c00000, 0x00000000e1d00000, 0x00000000e1d00000|100%| O|  |TAMS 0x00000000e1d00000, 0x00000000e1c00000| Untracked 
|  29|0x00000000e1d00000, 0x00000000e1e00000, 0x00000000e1e00000|100%| O|  |TAMS 0x00000000e1e00000, 0x00000000e1d00000| Untracked 
|  30|0x00000000e1e00000, 0x00000000e1f00000, 0x00000000e1f00000|100%| O|  |TAMS 0x00000000e1f00000, 0x00000000e1e00000| Untracked 
|  31|0x00000000e1f00000, 0x00000000e2000000, 0x00000000e2000000|100%| O|  |TAMS 0x00000000e1fba800, 0x00000000e1f00000| Untracked 
|  32|0x00000000e2000000, 0x00000000e2100000, 0x00000000e2100000|100%| O|  |TAMS 0x00000000e2000000, 0x00000000e2000000| Untracked 
|  33|0x00000000e2100000, 0x00000000e2200000, 0x00000000e2200000|100%| O|  |TAMS 0x00000000e2100000, 0x00000000e2100000| Untracked 
|  34|0x00000000e2200000, 0x00000000e2300000, 0x00000000e2300000|100%| O|  |TAMS 0x00000000e2200000, 0x00000000e2200000| Untracked 
|  35|0x00000000e2300000, 0x00000000e2400000, 0x00000000e2400000|100%| O|  |TAMS 0x00000000e2300000, 0x00000000e2300000| Untracked 
|  36|0x00000000e2400000, 0x00000000e2500000, 0x00000000e2500000|100%| O|  |TAMS 0x00000000e2400000, 0x00000000e2400000| Untracked 
|  37|0x00000000e2500000, 0x00000000e2600000, 0x00000000e2600000|100%| O|  |TAMS 0x00000000e2500000, 0x00000000e2500000| Untracked 
|  38|0x00000000e2600000, 0x00000000e2700000, 0x00000000e2700000|100%| O|  |TAMS 0x00000000e2600000, 0x00000000e2600000| Untracked 
|  39|0x00000000e2700000, 0x00000000e2800000, 0x00000000e2800000|100%| O|  |TAMS 0x00000000e2700000, 0x00000000e2700000| Untracked 
|  40|0x00000000e2800000, 0x00000000e2900000, 0x00000000e2900000|100%| O|  |TAMS 0x00000000e2800000, 0x00000000e2800000| Untracked 
|  41|0x00000000e2900000, 0x00000000e2a00000, 0x00000000e2a00000|100%| O|  |TAMS 0x00000000e2900000, 0x00000000e2900000| Untracked 
|  42|0x00000000e2a00000, 0x00000000e2abb400, 0x00000000e2b00000| 73%| O|  |TAMS 0x00000000e2a00000, 0x00000000e2a00000| Untracked 
|  43|0x00000000e2b00000, 0x00000000e2b00000, 0x00000000e2c00000|  0%| F|  |TAMS 0x00000000e2b00000, 0x00000000e2b00000| Untracked 
|  44|0x00000000e2c00000, 0x00000000e2c00000, 0x00000000e2d00000|  0%| F|  |TAMS 0x00000000e2c00000, 0x00000000e2c00000| Untracked 
|  45|0x00000000e2d00000, 0x00000000e2d00000, 0x00000000e2e00000|  0%| F|  |TAMS 0x00000000e2d00000, 0x00000000e2d00000| Untracked 
|  46|0x00000000e2e00000, 0x00000000e2e00000, 0x00000000e2f00000|  0%| F|  |TAMS 0x00000000e2e00000, 0x00000000e2e00000| Untracked 
|  47|0x00000000e2f00000, 0x00000000e2f00000, 0x00000000e3000000|  0%| F|  |TAMS 0x00000000e2f00000, 0x00000000e2f00000| Untracked 
|  48|0x00000000e3000000, 0x00000000e3000000, 0x00000000e3100000|  0%| F|  |TAMS 0x00000000e3000000, 0x00000000e3000000| Untracked 
|  49|0x00000000e3100000, 0x00000000e3100000, 0x00000000e3200000|  0%| F|  |TAMS 0x00000000e3100000, 0x00000000e3100000| Untracked 
|  50|0x00000000e3200000, 0x00000000e3200000, 0x00000000e3300000|  0%| F|  |TAMS 0x00000000e3200000, 0x00000000e3200000| Untracked 
|  51|0x00000000e3300000, 0x00000000e3300000, 0x00000000e3400000|  0%| F|  |TAMS 0x00000000e3300000, 0x00000000e3300000| Untracked 
|  52|0x00000000e3400000, 0x00000000e3400000, 0x00000000e3500000|  0%| F|  |TAMS 0x00000000e3400000, 0x00000000e3400000| Untracked 
|  53|0x00000000e3500000, 0x00000000e3500000, 0x00000000e3600000|  0%| F|  |TAMS 0x00000000e3500000, 0x00000000e3500000| Untracked 
|  54|0x00000000e3600000, 0x00000000e3600000, 0x00000000e3700000|  0%| F|  |TAMS 0x00000000e3600000, 0x00000000e3600000| Untracked 
|  55|0x00000000e3700000, 0x00000000e3700000, 0x00000000e3800000|  0%| F|  |TAMS 0x00000000e3700000, 0x00000000e3700000| Untracked 
|  56|0x00000000e3800000, 0x00000000e3800000, 0x00000000e3900000|  0%| F|  |TAMS 0x00000000e3800000, 0x00000000e3800000| Untracked 
|  57|0x00000000e3900000, 0x00000000e3900000, 0x00000000e3a00000|  0%| F|  |TAMS 0x00000000e3900000, 0x00000000e3900000| Untracked 
|  58|0x00000000e3a00000, 0x00000000e3a00000, 0x00000000e3b00000|  0%| F|  |TAMS 0x00000000e3a00000, 0x00000000e3a00000| Untracked 
|  59|0x00000000e3b00000, 0x00000000e3b00000, 0x00000000e3c00000|  0%| F|  |TAMS 0x00000000e3b00000, 0x00000000e3b00000| Untracked 
|  60|0x00000000e3c00000, 0x00000000e3c00000, 0x00000000e3d00000|  0%| F|  |TAMS 0x00000000e3c00000, 0x00000000e3c00000| Untracked 
|  61|0x00000000e3d00000, 0x00000000e3d00000, 0x00000000e3e00000|  0%| F|  |TAMS 0x00000000e3d00000, 0x00000000e3d00000| Untracked 
|  62|0x00000000e3e00000, 0x00000000e3e00000, 0x00000000e3f00000|  0%| F|  |TAMS 0x00000000e3e00000, 0x00000000e3e00000| Untracked 
|  63|0x00000000e3f00000, 0x00000000e3f00000, 0x00000000e4000000|  0%| F|  |TAMS 0x00000000e3f00000, 0x00000000e3f00000| Untracked 
|  64|0x00000000e4000000, 0x00000000e4000000, 0x00000000e4100000|  0%| F|  |TAMS 0x00000000e4000000, 0x00000000e4000000| Untracked 
|  65|0x00000000e4100000, 0x00000000e4100000, 0x00000000e4200000|  0%| F|  |TAMS 0x00000000e4100000, 0x00000000e4100000| Untracked 
|  66|0x00000000e4200000, 0x00000000e4200000, 0x00000000e4300000|  0%| F|  |TAMS 0x00000000e4200000, 0x00000000e4200000| Untracked 
|  67|0x00000000e4300000, 0x00000000e4300000, 0x00000000e4400000|  0%| F|  |TAMS 0x00000000e4300000, 0x00000000e4300000| Untracked 
|  68|0x00000000e4400000, 0x00000000e4400000, 0x00000000e4500000|  0%| F|  |TAMS 0x00000000e4400000, 0x00000000e4400000| Untracked 
|  69|0x00000000e4500000, 0x00000000e4500000, 0x00000000e4600000|  0%| F|  |TAMS 0x00000000e4500000, 0x00000000e4500000| Untracked 
|  70|0x00000000e4600000, 0x00000000e4600000, 0x00000000e4700000|  0%| F|  |TAMS 0x00000000e4600000, 0x00000000e4600000| Untracked 
|  71|0x00000000e4700000, 0x00000000e4700000, 0x00000000e4800000|  0%| F|  |TAMS 0x00000000e4700000, 0x00000000e4700000| Untracked 
|  72|0x00000000e4800000, 0x00000000e4800000, 0x00000000e4900000|  0%| F|  |TAMS 0x00000000e4800000, 0x00000000e4800000| Untracked 
|  73|0x00000000e4900000, 0x00000000e4900000, 0x00000000e4a00000|  0%| F|  |TAMS 0x00000000e4900000, 0x00000000e4900000| Untracked 
|  74|0x00000000e4a00000, 0x00000000e4a00000, 0x00000000e4b00000|  0%| F|  |TAMS 0x00000000e4a00000, 0x00000000e4a00000| Untracked 
|  75|0x00000000e4b00000, 0x00000000e4b00000, 0x00000000e4c00000|  0%| F|  |TAMS 0x00000000e4b00000, 0x00000000e4b00000| Untracked 
|  76|0x00000000e4c00000, 0x00000000e4c00000, 0x00000000e4d00000|  0%| F|  |TAMS 0x00000000e4c00000, 0x00000000e4c00000| Untracked 
|  77|0x00000000e4d00000, 0x00000000e4d00000, 0x00000000e4e00000|  0%| F|  |TAMS 0x00000000e4d00000, 0x00000000e4d00000| Untracked 
|  78|0x00000000e4e00000, 0x00000000e4e00000, 0x00000000e4f00000|  0%| F|  |TAMS 0x00000000e4e00000, 0x00000000e4e00000| Untracked 
|  79|0x00000000e4f00000, 0x00000000e4f00000, 0x00000000e5000000|  0%| F|  |TAMS 0x00000000e4f00000, 0x00000000e4f00000| Untracked 
|  80|0x00000000e5000000, 0x00000000e5000000, 0x00000000e5100000|  0%| F|  |TAMS 0x00000000e5000000, 0x00000000e5000000| Untracked 
|  81|0x00000000e5100000, 0x00000000e5100000, 0x00000000e5200000|  0%| F|  |TAMS 0x00000000e5100000, 0x00000000e5100000| Untracked 
|  82|0x00000000e5200000, 0x00000000e5200000, 0x00000000e5300000|  0%| F|  |TAMS 0x00000000e5200000, 0x00000000e5200000| Untracked 
|  83|0x00000000e5300000, 0x00000000e5300000, 0x00000000e5400000|  0%| F|  |TAMS 0x00000000e5300000, 0x00000000e5300000| Untracked 
|  84|0x00000000e5400000, 0x00000000e5400000, 0x00000000e5500000|  0%| F|  |TAMS 0x00000000e5400000, 0x00000000e5400000| Untracked 
|  85|0x00000000e5500000, 0x00000000e5500000, 0x00000000e5600000|  0%| F|  |TAMS 0x00000000e5500000, 0x00000000e5500000| Untracked 
|  86|0x00000000e5600000, 0x00000000e5600000, 0x00000000e5700000|  0%| F|  |TAMS 0x00000000e5600000, 0x00000000e5600000| Untracked 
|  87|0x00000000e5700000, 0x00000000e5700000, 0x00000000e5800000|  0%| F|  |TAMS 0x00000000e5700000, 0x00000000e5700000| Untracked 
|  88|0x00000000e5800000, 0x00000000e5800000, 0x00000000e5900000|  0%| F|  |TAMS 0x00000000e5800000, 0x00000000e5800000| Untracked 
|  89|0x00000000e5900000, 0x00000000e5900000, 0x00000000e5a00000|  0%| F|  |TAMS 0x00000000e5900000, 0x00000000e5900000| Untracked 
|  90|0x00000000e5a00000, 0x00000000e5a00000, 0x00000000e5b00000|  0%| F|  |TAMS 0x00000000e5a00000, 0x00000000e5a00000| Untracked 
|  91|0x00000000e5b00000, 0x00000000e5b00000, 0x00000000e5c00000|  0%| F|  |TAMS 0x00000000e5b00000, 0x00000000e5b00000| Untracked 
|  92|0x00000000e5c00000, 0x00000000e5c00000, 0x00000000e5d00000|  0%| F|  |TAMS 0x00000000e5c00000, 0x00000000e5c00000| Untracked 
|  93|0x00000000e5d00000, 0x00000000e5d00000, 0x00000000e5e00000|  0%| F|  |TAMS 0x00000000e5d00000, 0x00000000e5d00000| Untracked 
|  94|0x00000000e5e00000, 0x00000000e5e00000, 0x00000000e5f00000|  0%| F|  |TAMS 0x00000000e5e00000, 0x00000000e5e00000| Untracked 
|  95|0x00000000e5f00000, 0x00000000e5f00000, 0x00000000e6000000|  0%| F|  |TAMS 0x00000000e5f00000, 0x00000000e5f00000| Untracked 
|  96|0x00000000e6000000, 0x00000000e6000000, 0x00000000e6100000|  0%| F|  |TAMS 0x00000000e6000000, 0x00000000e6000000| Untracked 
|  97|0x00000000e6100000, 0x00000000e6100000, 0x00000000e6200000|  0%| F|  |TAMS 0x00000000e6100000, 0x00000000e6100000| Untracked 
|  98|0x00000000e6200000, 0x00000000e6200000, 0x00000000e6300000|  0%| F|  |TAMS 0x00000000e6200000, 0x00000000e6200000| Untracked 
|  99|0x00000000e6300000, 0x00000000e6300000, 0x00000000e6400000|  0%| F|  |TAMS 0x00000000e6300000, 0x00000000e6300000| Untracked 
| 100|0x00000000e6400000, 0x00000000e6400000, 0x00000000e6500000|  0%| F|  |TAMS 0x00000000e6400000, 0x00000000e6400000| Untracked 
| 101|0x00000000e6500000, 0x00000000e6500000, 0x00000000e6600000|  0%| F|  |TAMS 0x00000000e6500000, 0x00000000e6500000| Untracked 
| 102|0x00000000e6600000, 0x00000000e6600000, 0x00000000e6700000|  0%| F|  |TAMS 0x00000000e6600000, 0x00000000e6600000| Untracked 
| 103|0x00000000e6700000, 0x00000000e6700000, 0x00000000e6800000|  0%| F|  |TAMS 0x00000000e6700000, 0x00000000e6700000| Untracked 
| 104|0x00000000e6800000, 0x00000000e6800000, 0x00000000e6900000|  0%| F|  |TAMS 0x00000000e6800000, 0x00000000e6800000| Untracked 
| 105|0x00000000e6900000, 0x00000000e6900000, 0x00000000e6a00000|  0%| F|  |TAMS 0x00000000e6900000, 0x00000000e6900000| Untracked 
| 106|0x00000000e6a00000, 0x00000000e6a00000, 0x00000000e6b00000|  0%| F|  |TAMS 0x00000000e6a00000, 0x00000000e6a00000| Untracked 
| 107|0x00000000e6b00000, 0x00000000e6b00000, 0x00000000e6c00000|  0%| F|  |TAMS 0x00000000e6b00000, 0x00000000e6b00000| Untracked 
| 108|0x00000000e6c00000, 0x00000000e6c00000, 0x00000000e6d00000|  0%| F|  |TAMS 0x00000000e6c00000, 0x00000000e6c00000| Untracked 
| 109|0x00000000e6d00000, 0x00000000e6d00000, 0x00000000e6e00000|  0%| F|  |TAMS 0x00000000e6d00000, 0x00000000e6d00000| Untracked 
| 110|0x00000000e6e00000, 0x00000000e6e00000, 0x00000000e6f00000|  0%| F|  |TAMS 0x00000000e6e00000, 0x00000000e6e00000| Untracked 
| 111|0x00000000e6f00000, 0x00000000e6f00000, 0x00000000e7000000|  0%| F|  |TAMS 0x00000000e6f00000, 0x00000000e6f00000| Untracked 
| 112|0x00000000e7000000, 0x00000000e7000000, 0x00000000e7100000|  0%| F|  |TAMS 0x00000000e7000000, 0x00000000e7000000| Untracked 
| 113|0x00000000e7100000, 0x00000000e7100000, 0x00000000e7200000|  0%| F|  |TAMS 0x00000000e7100000, 0x00000000e7100000| Untracked 
| 114|0x00000000e7200000, 0x00000000e7200000, 0x00000000e7300000|  0%| F|  |TAMS 0x00000000e7200000, 0x00000000e7200000| Untracked 
| 115|0x00000000e7300000, 0x00000000e7300000, 0x00000000e7400000|  0%| F|  |TAMS 0x00000000e7300000, 0x00000000e7300000| Untracked 
| 116|0x00000000e7400000, 0x00000000e7400000, 0x00000000e7500000|  0%| F|  |TAMS 0x00000000e7400000, 0x00000000e7400000| Untracked 
| 117|0x00000000e7500000, 0x00000000e7500000, 0x00000000e7600000|  0%| F|  |TAMS 0x00000000e7500000, 0x00000000e7500000| Untracked 
| 118|0x00000000e7600000, 0x00000000e7600000, 0x00000000e7700000|  0%| F|  |TAMS 0x00000000e7600000, 0x00000000e7600000| Untracked 
| 119|0x00000000e7700000, 0x00000000e7700000, 0x00000000e7800000|  0%| F|  |TAMS 0x00000000e7700000, 0x00000000e7700000| Untracked 
| 120|0x00000000e7800000, 0x00000000e7900000, 0x00000000e7900000|100%| E|  |TAMS 0x00000000e7800000, 0x00000000e7800000| Complete 
| 121|0x00000000e7900000, 0x00000000e7a00000, 0x00000000e7a00000|100%| E|CS|TAMS 0x00000000e7900000, 0x00000000e7900000| Complete 
| 122|0x00000000e7a00000, 0x00000000e7b00000, 0x00000000e7b00000|100%| E|CS|TAMS 0x00000000e7a00000, 0x00000000e7a00000| Complete 
| 123|0x00000000e7b00000, 0x00000000e7c00000, 0x00000000e7c00000|100%| E|CS|TAMS 0x00000000e7b00000, 0x00000000e7b00000| Complete 
| 124|0x00000000e7c00000, 0x00000000e7d00000, 0x00000000e7d00000|100%| E|CS|TAMS 0x00000000e7c00000, 0x00000000e7c00000| Complete 
| 125|0x00000000e7d00000, 0x00000000e7e00000, 0x00000000e7e00000|100%| E|CS|TAMS 0x00000000e7d00000, 0x00000000e7d00000| Complete 
| 126|0x00000000e7e00000, 0x00000000e7f00000, 0x00000000e7f00000|100%| E|CS|TAMS 0x00000000e7e00000, 0x00000000e7e00000| Complete 
| 127|0x00000000e7f00000, 0x00000000e8000000, 0x00000000e8000000|100%| E|CS|TAMS 0x00000000e7f00000, 0x00000000e7f00000| Complete 
| 128|0x00000000e8000000, 0x00000000e8100000, 0x00000000e8100000|100%| E|CS|TAMS 0x00000000e8000000, 0x00000000e8000000| Complete 
| 129|0x00000000e8100000, 0x00000000e8200000, 0x00000000e8200000|100%| E|CS|TAMS 0x00000000e8100000, 0x00000000e8100000| Complete 
| 130|0x00000000e8200000, 0x00000000e8300000, 0x00000000e8300000|100%| E|CS|TAMS 0x00000000e8200000, 0x00000000e8200000| Complete 
| 131|0x00000000e8300000, 0x00000000e8400000, 0x00000000e8400000|100%| E|CS|TAMS 0x00000000e8300000, 0x00000000e8300000| Complete 
| 132|0x00000000e8400000, 0x00000000e8500000, 0x00000000e8500000|100%| E|CS|TAMS 0x00000000e8400000, 0x00000000e8400000| Complete 
| 133|0x00000000e8500000, 0x00000000e8600000, 0x00000000e8600000|100%| E|CS|TAMS 0x00000000e8500000, 0x00000000e8500000| Complete 
| 134|0x00000000e8600000, 0x00000000e8700000, 0x00000000e8700000|100%| E|CS|TAMS 0x00000000e8600000, 0x00000000e8600000| Complete 
| 135|0x00000000e8700000, 0x00000000e8800000, 0x00000000e8800000|100%| E|CS|TAMS 0x00000000e8700000, 0x00000000e8700000| Complete 
| 136|0x00000000e8800000, 0x00000000e8900000, 0x00000000e8900000|100%| E|CS|TAMS 0x00000000e8800000, 0x00000000e8800000| Complete 
| 137|0x00000000e8900000, 0x00000000e8a00000, 0x00000000e8a00000|100%| E|CS|TAMS 0x00000000e8900000, 0x00000000e8900000| Complete 
| 138|0x00000000e8a00000, 0x00000000e8b00000, 0x00000000e8b00000|100%| E|CS|TAMS 0x00000000e8a00000, 0x00000000e8a00000| Complete 
| 139|0x00000000e8b00000, 0x00000000e8c00000, 0x00000000e8c00000|100%| E|CS|TAMS 0x00000000e8b00000, 0x00000000e8b00000| Complete 
| 140|0x00000000e8c00000, 0x00000000e8d00000, 0x00000000e8d00000|100%| E|CS|TAMS 0x00000000e8c00000, 0x00000000e8c00000| Complete 
| 141|0x00000000e8d00000, 0x00000000e8e00000, 0x00000000e8e00000|100%| E|CS|TAMS 0x00000000e8d00000, 0x00000000e8d00000| Complete 
| 142|0x00000000e8e00000, 0x00000000e8f00000, 0x00000000e8f00000|100%| E|CS|TAMS 0x00000000e8e00000, 0x00000000e8e00000| Complete 
| 143|0x00000000e8f00000, 0x00000000e9000000, 0x00000000e9000000|100%| E|CS|TAMS 0x00000000e8f00000, 0x00000000e8f00000| Complete 
| 144|0x00000000e9000000, 0x00000000e9100000, 0x00000000e9100000|100%| E|CS|TAMS 0x00000000e9000000, 0x00000000e9000000| Complete 
| 145|0x00000000e9100000, 0x00000000e9200000, 0x00000000e9200000|100%| E|CS|TAMS 0x00000000e9100000, 0x00000000e9100000| Complete 
| 146|0x00000000e9200000, 0x00000000e9300000, 0x00000000e9300000|100%| E|CS|TAMS 0x00000000e9200000, 0x00000000e9200000| Complete 
| 147|0x00000000e9300000, 0x00000000e9400000, 0x00000000e9400000|100%| E|CS|TAMS 0x00000000e9300000, 0x00000000e9300000| Complete 
| 148|0x00000000e9400000, 0x00000000e9500000, 0x00000000e9500000|100%| E|CS|TAMS 0x00000000e9400000, 0x00000000e9400000| Complete 
| 149|0x00000000e9500000, 0x00000000e9600000, 0x00000000e9600000|100%| E|CS|TAMS 0x00000000e9500000, 0x00000000e9500000| Complete 
| 150|0x00000000e9600000, 0x00000000e9700000, 0x00000000e9700000|100%| E|CS|TAMS 0x00000000e9600000, 0x00000000e9600000| Complete 
| 151|0x00000000e9700000, 0x00000000e9800000, 0x00000000e9800000|100%| E|CS|TAMS 0x00000000e9700000, 0x00000000e9700000| Complete 
| 152|0x00000000e9800000, 0x00000000e9900000, 0x00000000e9900000|100%| E|CS|TAMS 0x00000000e9800000, 0x00000000e9800000| Complete 
| 153|0x00000000e9900000, 0x00000000e9a00000, 0x00000000e9a00000|100%| E|CS|TAMS 0x00000000e9900000, 0x00000000e9900000| Complete 
| 154|0x00000000e9a00000, 0x00000000e9b00000, 0x00000000e9b00000|100%| E|CS|TAMS 0x00000000e9a00000, 0x00000000e9a00000| Complete 
| 155|0x00000000e9b00000, 0x00000000e9c00000, 0x00000000e9c00000|100%| E|CS|TAMS 0x00000000e9b00000, 0x00000000e9b00000| Complete 
| 156|0x00000000e9c00000, 0x00000000e9d00000, 0x00000000e9d00000|100%| E|CS|TAMS 0x00000000e9c00000, 0x00000000e9c00000| Complete 
| 157|0x00000000e9d00000, 0x00000000e9e00000, 0x00000000e9e00000|100%| E|CS|TAMS 0x00000000e9d00000, 0x00000000e9d00000| Complete 
| 158|0x00000000e9e00000, 0x00000000e9f00000, 0x00000000e9f00000|100%| E|CS|TAMS 0x00000000e9e00000, 0x00000000e9e00000| Complete 
| 159|0x00000000e9f00000, 0x00000000ea000000, 0x00000000ea000000|100%| E|CS|TAMS 0x00000000e9f00000, 0x00000000e9f00000| Complete 
| 160|0x00000000ea000000, 0x00000000ea100000, 0x00000000ea100000|100%| E|CS|TAMS 0x00000000ea000000, 0x00000000ea000000| Complete 
| 161|0x00000000ea100000, 0x00000000ea200000, 0x00000000ea200000|100%| E|CS|TAMS 0x00000000ea100000, 0x00000000ea100000| Complete 
| 162|0x00000000ea200000, 0x00000000ea300000, 0x00000000ea300000|100%| E|CS|TAMS 0x00000000ea200000, 0x00000000ea200000| Complete 
| 163|0x00000000ea300000, 0x00000000ea400000, 0x00000000ea400000|100%| E|CS|TAMS 0x00000000ea300000, 0x00000000ea300000| Complete 
| 164|0x00000000ea400000, 0x00000000ea500000, 0x00000000ea500000|100%| E|CS|TAMS 0x00000000ea400000, 0x00000000ea400000| Complete 
| 165|0x00000000ea500000, 0x00000000ea600000, 0x00000000ea600000|100%| E|CS|TAMS 0x00000000ea500000, 0x00000000ea500000| Complete 
| 166|0x00000000ea600000, 0x00000000ea700000, 0x00000000ea700000|100%| E|CS|TAMS 0x00000000ea600000, 0x00000000ea600000| Complete 
| 167|0x00000000ea700000, 0x00000000ea800000, 0x00000000ea800000|100%| E|CS|TAMS 0x00000000ea700000, 0x00000000ea700000| Complete 
| 168|0x00000000ea800000, 0x00000000ea900000, 0x00000000ea900000|100%| E|CS|TAMS 0x00000000ea800000, 0x00000000ea800000| Complete 
| 169|0x00000000ea900000, 0x00000000eaa00000, 0x00000000eaa00000|100%| E|CS|TAMS 0x00000000ea900000, 0x00000000ea900000| Complete 
| 170|0x00000000eaa00000, 0x00000000eab00000, 0x00000000eab00000|100%| E|CS|TAMS 0x00000000eaa00000, 0x00000000eaa00000| Complete 
| 171|0x00000000eab00000, 0x00000000eac00000, 0x00000000eac00000|100%| E|CS|TAMS 0x00000000eab00000, 0x00000000eab00000| Complete 
| 172|0x00000000eac00000, 0x00000000ead00000, 0x00000000ead00000|100%| E|CS|TAMS 0x00000000eac00000, 0x00000000eac00000| Complete 
| 173|0x00000000ead00000, 0x00000000eae00000, 0x00000000eae00000|100%| E|CS|TAMS 0x00000000ead00000, 0x00000000ead00000| Complete 
| 174|0x00000000eae00000, 0x00000000eaf00000, 0x00000000eaf00000|100%| E|CS|TAMS 0x00000000eae00000, 0x00000000eae00000| Complete 
| 175|0x00000000eaf00000, 0x00000000eb000000, 0x00000000eb000000|100%| E|CS|TAMS 0x00000000eaf00000, 0x00000000eaf00000| Complete 
| 176|0x00000000eb000000, 0x00000000eb100000, 0x00000000eb100000|100%| E|CS|TAMS 0x00000000eb000000, 0x00000000eb000000| Complete 
| 177|0x00000000eb100000, 0x00000000eb200000, 0x00000000eb200000|100%| E|CS|TAMS 0x00000000eb100000, 0x00000000eb100000| Complete 
| 178|0x00000000eb200000, 0x00000000eb300000, 0x00000000eb300000|100%| E|CS|TAMS 0x00000000eb200000, 0x00000000eb200000| Complete 
| 179|0x00000000eb300000, 0x00000000eb400000, 0x00000000eb400000|100%| E|CS|TAMS 0x00000000eb300000, 0x00000000eb300000| Complete 
| 180|0x00000000eb400000, 0x00000000eb500000, 0x00000000eb500000|100%| E|CS|TAMS 0x00000000eb400000, 0x00000000eb400000| Complete 
| 181|0x00000000eb500000, 0x00000000eb600000, 0x00000000eb600000|100%| E|CS|TAMS 0x00000000eb500000, 0x00000000eb500000| Complete 
| 182|0x00000000eb600000, 0x00000000eb700000, 0x00000000eb700000|100%| E|CS|TAMS 0x00000000eb600000, 0x00000000eb600000| Complete 
| 183|0x00000000eb700000, 0x00000000eb800000, 0x00000000eb800000|100%| E|CS|TAMS 0x00000000eb700000, 0x00000000eb700000| Complete 
| 184|0x00000000eb800000, 0x00000000eb900000, 0x00000000eb900000|100%| E|CS|TAMS 0x00000000eb800000, 0x00000000eb800000| Complete 
| 185|0x00000000eb900000, 0x00000000eba00000, 0x00000000eba00000|100%| E|CS|TAMS 0x00000000eb900000, 0x00000000eb900000| Complete 
| 186|0x00000000eba00000, 0x00000000ebb00000, 0x00000000ebb00000|100%| E|CS|TAMS 0x00000000eba00000, 0x00000000eba00000| Complete 
| 187|0x00000000ebb00000, 0x00000000ebc00000, 0x00000000ebc00000|100%| E|CS|TAMS 0x00000000ebb00000, 0x00000000ebb00000| Complete 
| 188|0x00000000ebc00000, 0x00000000ebd00000, 0x00000000ebd00000|100%| E|CS|TAMS 0x00000000ebc00000, 0x00000000ebc00000| Complete 
| 189|0x00000000ebd00000, 0x00000000ebe00000, 0x00000000ebe00000|100%| E|CS|TAMS 0x00000000ebd00000, 0x00000000ebd00000| Complete 
| 190|0x00000000ebe00000, 0x00000000ebf00000, 0x00000000ebf00000|100%| E|CS|TAMS 0x00000000ebe00000, 0x00000000ebe00000| Complete 
| 191|0x00000000ebf00000, 0x00000000ec000000, 0x00000000ec000000|100%| E|CS|TAMS 0x00000000ebf00000, 0x00000000ebf00000| Complete 
| 192|0x00000000ec000000, 0x00000000ec100000, 0x00000000ec100000|100%| E|CS|TAMS 0x00000000ec000000, 0x00000000ec000000| Complete 
| 193|0x00000000ec100000, 0x00000000ec200000, 0x00000000ec200000|100%| E|CS|TAMS 0x00000000ec100000, 0x00000000ec100000| Complete 
| 194|0x00000000ec200000, 0x00000000ec300000, 0x00000000ec300000|100%| E|CS|TAMS 0x00000000ec200000, 0x00000000ec200000| Complete 
| 195|0x00000000ec300000, 0x00000000ec400000, 0x00000000ec400000|100%| E|CS|TAMS 0x00000000ec300000, 0x00000000ec300000| Complete 
| 196|0x00000000ec400000, 0x00000000ec500000, 0x00000000ec500000|100%| E|CS|TAMS 0x00000000ec400000, 0x00000000ec400000| Complete 
| 197|0x00000000ec500000, 0x00000000ec600000, 0x00000000ec600000|100%| E|CS|TAMS 0x00000000ec500000, 0x00000000ec500000| Complete 
| 198|0x00000000ec600000, 0x00000000ec700000, 0x00000000ec700000|100%| E|CS|TAMS 0x00000000ec600000, 0x00000000ec600000| Complete 
| 199|0x00000000ec700000, 0x00000000ec800000, 0x00000000ec800000|100%| E|CS|TAMS 0x00000000ec700000, 0x00000000ec700000| Complete 
| 200|0x00000000ec800000, 0x00000000ec900000, 0x00000000ec900000|100%| E|CS|TAMS 0x00000000ec800000, 0x00000000ec800000| Complete 
| 201|0x00000000ec900000, 0x00000000eca00000, 0x00000000eca00000|100%| E|CS|TAMS 0x00000000ec900000, 0x00000000ec900000| Complete 
| 202|0x00000000eca00000, 0x00000000ecb00000, 0x00000000ecb00000|100%| E|CS|TAMS 0x00000000eca00000, 0x00000000eca00000| Complete 
| 203|0x00000000ecb00000, 0x00000000ecc00000, 0x00000000ecc00000|100%| E|CS|TAMS 0x00000000ecb00000, 0x00000000ecb00000| Complete 
| 204|0x00000000ecc00000, 0x00000000ecd00000, 0x00000000ecd00000|100%| E|CS|TAMS 0x00000000ecc00000, 0x00000000ecc00000| Complete 
| 205|0x00000000ecd00000, 0x00000000ece00000, 0x00000000ece00000|100%| E|CS|TAMS 0x00000000ecd00000, 0x00000000ecd00000| Complete 
| 206|0x00000000ece00000, 0x00000000ecf00000, 0x00000000ecf00000|100%| E|CS|TAMS 0x00000000ece00000, 0x00000000ece00000| Complete 
| 207|0x00000000ecf00000, 0x00000000ed000000, 0x00000000ed000000|100%| E|CS|TAMS 0x00000000ecf00000, 0x00000000ecf00000| Complete 
| 208|0x00000000ed000000, 0x00000000ed100000, 0x00000000ed100000|100%| E|CS|TAMS 0x00000000ed000000, 0x00000000ed000000| Complete 
| 209|0x00000000ed100000, 0x00000000ed200000, 0x00000000ed200000|100%| E|CS|TAMS 0x00000000ed100000, 0x00000000ed100000| Complete 
| 210|0x00000000ed200000, 0x00000000ed300000, 0x00000000ed300000|100%| E|CS|TAMS 0x00000000ed200000, 0x00000000ed200000| Complete 
| 211|0x00000000ed300000, 0x00000000ed400000, 0x00000000ed400000|100%| E|CS|TAMS 0x00000000ed300000, 0x00000000ed300000| Complete 
| 212|0x00000000ed400000, 0x00000000ed500000, 0x00000000ed500000|100%| E|CS|TAMS 0x00000000ed400000, 0x00000000ed400000| Complete 
| 213|0x00000000ed500000, 0x00000000ed600000, 0x00000000ed600000|100%| E|CS|TAMS 0x00000000ed500000, 0x00000000ed500000| Complete 
| 214|0x00000000ed600000, 0x00000000ed700000, 0x00000000ed700000|100%| E|CS|TAMS 0x00000000ed600000, 0x00000000ed600000| Complete 
| 215|0x00000000ed700000, 0x00000000ed800000, 0x00000000ed800000|100%| E|CS|TAMS 0x00000000ed700000, 0x00000000ed700000| Complete 
| 216|0x00000000ed800000, 0x00000000ed900000, 0x00000000ed900000|100%| E|CS|TAMS 0x00000000ed800000, 0x00000000ed800000| Complete 
| 217|0x00000000ed900000, 0x00000000eda00000, 0x00000000eda00000|100%| E|CS|TAMS 0x00000000ed900000, 0x00000000ed900000| Complete 
| 218|0x00000000eda00000, 0x00000000edb00000, 0x00000000edb00000|100%| E|CS|TAMS 0x00000000eda00000, 0x00000000eda00000| Complete 
| 219|0x00000000edb00000, 0x00000000edc00000, 0x00000000edc00000|100%| E|CS|TAMS 0x00000000edb00000, 0x00000000edb00000| Complete 
| 220|0x00000000edc00000, 0x00000000edd00000, 0x00000000edd00000|100%| E|CS|TAMS 0x00000000edc00000, 0x00000000edc00000| Complete 
| 221|0x00000000edd00000, 0x00000000ede00000, 0x00000000ede00000|100%| E|CS|TAMS 0x00000000edd00000, 0x00000000edd00000| Complete 
| 222|0x00000000ede00000, 0x00000000edf00000, 0x00000000edf00000|100%| E|CS|TAMS 0x00000000ede00000, 0x00000000ede00000| Complete 
| 223|0x00000000edf00000, 0x00000000ee000000, 0x00000000ee000000|100%| E|CS|TAMS 0x00000000edf00000, 0x00000000edf00000| Complete 
| 224|0x00000000ee000000, 0x00000000ee100000, 0x00000000ee100000|100%| E|CS|TAMS 0x00000000ee000000, 0x00000000ee000000| Complete 
| 225|0x00000000ee100000, 0x00000000ee200000, 0x00000000ee200000|100%| E|CS|TAMS 0x00000000ee100000, 0x00000000ee100000| Complete 
| 226|0x00000000ee200000, 0x00000000ee300000, 0x00000000ee300000|100%| E|CS|TAMS 0x00000000ee200000, 0x00000000ee200000| Complete 
| 227|0x00000000ee300000, 0x00000000ee400000, 0x00000000ee400000|100%| E|CS|TAMS 0x00000000ee300000, 0x00000000ee300000| Complete 
| 228|0x00000000ee400000, 0x00000000ee500000, 0x00000000ee500000|100%| E|CS|TAMS 0x00000000ee400000, 0x00000000ee400000| Complete 
| 229|0x00000000ee500000, 0x00000000ee600000, 0x00000000ee600000|100%| E|CS|TAMS 0x00000000ee500000, 0x00000000ee500000| Complete 
| 230|0x00000000ee600000, 0x00000000ee700000, 0x00000000ee700000|100%| E|CS|TAMS 0x00000000ee600000, 0x00000000ee600000| Complete 
| 231|0x00000000ee700000, 0x00000000ee800000, 0x00000000ee800000|100%| E|CS|TAMS 0x00000000ee700000, 0x00000000ee700000| Complete 
| 232|0x00000000ee800000, 0x00000000ee900000, 0x00000000ee900000|100%| E|CS|TAMS 0x00000000ee800000, 0x00000000ee800000| Complete 
| 233|0x00000000ee900000, 0x00000000eea00000, 0x00000000eea00000|100%| E|CS|TAMS 0x00000000ee900000, 0x00000000ee900000| Complete 
| 234|0x00000000eea00000, 0x00000000eeb00000, 0x00000000eeb00000|100%| E|CS|TAMS 0x00000000eea00000, 0x00000000eea00000| Complete 
| 235|0x00000000eeb00000, 0x00000000eec00000, 0x00000000eec00000|100%| E|CS|TAMS 0x00000000eeb00000, 0x00000000eeb00000| Complete 
| 236|0x00000000eec00000, 0x00000000eed00000, 0x00000000eed00000|100%| E|CS|TAMS 0x00000000eec00000, 0x00000000eec00000| Complete 
| 237|0x00000000eed00000, 0x00000000eee00000, 0x00000000eee00000|100%| E|CS|TAMS 0x00000000eed00000, 0x00000000eed00000| Complete 
| 238|0x00000000eee00000, 0x00000000eef00000, 0x00000000eef00000|100%| E|CS|TAMS 0x00000000eee00000, 0x00000000eee00000| Complete 
| 239|0x00000000eef00000, 0x00000000ef000000, 0x00000000ef000000|100%| E|CS|TAMS 0x00000000eef00000, 0x00000000eef00000| Complete 
| 240|0x00000000ef000000, 0x00000000ef100000, 0x00000000ef100000|100%| E|CS|TAMS 0x00000000ef000000, 0x00000000ef000000| Complete 
| 241|0x00000000ef100000, 0x00000000ef200000, 0x00000000ef200000|100%| E|CS|TAMS 0x00000000ef100000, 0x00000000ef100000| Complete 
| 242|0x00000000ef200000, 0x00000000ef300000, 0x00000000ef300000|100%| E|CS|TAMS 0x00000000ef200000, 0x00000000ef200000| Complete 
| 243|0x00000000ef300000, 0x00000000ef400000, 0x00000000ef400000|100%| E|CS|TAMS 0x00000000ef300000, 0x00000000ef300000| Complete 
| 244|0x00000000ef400000, 0x00000000ef500000, 0x00000000ef500000|100%| E|CS|TAMS 0x00000000ef400000, 0x00000000ef400000| Complete 
| 245|0x00000000ef500000, 0x00000000ef600000, 0x00000000ef600000|100%| E|CS|TAMS 0x00000000ef500000, 0x00000000ef500000| Complete 
| 246|0x00000000ef600000, 0x00000000ef700000, 0x00000000ef700000|100%| E|CS|TAMS 0x00000000ef600000, 0x00000000ef600000| Complete 
| 247|0x00000000ef700000, 0x00000000ef800000, 0x00000000ef800000|100%| E|CS|TAMS 0x00000000ef700000, 0x00000000ef700000| Complete 
| 248|0x00000000ef800000, 0x00000000ef900000, 0x00000000ef900000|100%| E|CS|TAMS 0x00000000ef800000, 0x00000000ef800000| Complete 
| 249|0x00000000ef900000, 0x00000000efa00000, 0x00000000efa00000|100%| E|CS|TAMS 0x00000000ef900000, 0x00000000ef900000| Complete 
| 250|0x00000000efa00000, 0x00000000efb00000, 0x00000000efb00000|100%| E|CS|TAMS 0x00000000efa00000, 0x00000000efa00000| Complete 
| 251|0x00000000efb00000, 0x00000000efc00000, 0x00000000efc00000|100%| E|CS|TAMS 0x00000000efb00000, 0x00000000efb00000| Complete 
| 252|0x00000000efc00000, 0x00000000efd00000, 0x00000000efd00000|100%| E|CS|TAMS 0x00000000efc00000, 0x00000000efc00000| Complete 
| 253|0x00000000efd00000, 0x00000000efd94830, 0x00000000efe00000| 58%| S|CS|TAMS 0x00000000efd00000, 0x00000000efd00000| Complete 
| 254|0x00000000efe00000, 0x00000000eff00000, 0x00000000eff00000|100%| S|CS|TAMS 0x00000000efe00000, 0x00000000efe00000| Complete 
| 255|0x00000000eff00000, 0x00000000f0000000, 0x00000000f0000000|100%| E|CS|TAMS 0x00000000eff00000, 0x00000000eff00000| Complete 

Card table byte_map: [0x0000024032790000,0x0000024032890000] _byte_map_base: 0x0000024032090000

Marking Bits (Prev, Next): (CMBitMap*) 0x000002401baed230, (CMBitMap*) 0x000002401baed270
 Prev Bits: [0x0000024032990000, 0x0000024033190000)
 Next Bits: [0x0000024033190000, 0x0000024033990000)

Polling page: 0x000002401b280000

Metaspace:

Usage:
  Non-class:     45.87 MB used.
      Class:      7.50 MB used.
       Both:     53.38 MB used.

Virtual space:
  Non-class space:       64.00 MB reserved,      46.19 MB ( 72%) committed,  1 nodes.
      Class space:      320.00 MB reserved,       7.75 MB (  2%) committed,  1 nodes.
             Both:      384.00 MB reserved,      53.94 MB ( 14%) committed. 

Chunk freelists:
   Non-Class:  1.45 MB
       Class:  8.26 MB
        Both:  9.72 MB

MaxMetaspaceSize: 384.00 MB
CompressedClassSpaceSize: 320.00 MB
Initial GC threshold: 21.00 MB
Current GC threshold: 59.50 MB
CDS: on
MetaspaceReclaimPolicy: balanced
 - commit_granule_bytes: 65536.
 - commit_granule_words: 8192.
 - virtual_space_node_default_size: 8388608.
 - enlarge_chunks_in_place: 1.
 - new_chunks_are_fully_committed: 0.
 - uncommit_free_chunks: 1.
 - use_allocation_guard: 0.
 - handle_deallocations: 1.


Internal statistics:

num_allocs_failed_limit: 9.
num_arena_births: 634.
num_arena_deaths: 0.
num_vsnodes_births: 2.
num_vsnodes_deaths: 0.
num_space_committed: 863.
num_space_uncommitted: 0.
num_chunks_returned_to_freelist: 9.
num_chunks_taken_from_freelist: 2911.
num_chunk_merges: 9.
num_chunk_splits: 1868.
num_chunks_enlarged: 1231.
num_inconsistent_stats: 0.

CodeHeap 'non-profiled nmethods': size=120000Kb used=4718Kb max_used=4718Kb free=115281Kb
 bounds [0x000002402ae30000, 0x000002402b2d0000, 0x0000024032360000]
CodeHeap 'profiled nmethods': size=120000Kb used=14797Kb max_used=14797Kb free=105203Kb
 bounds [0x0000024023360000, 0x00000240241e0000, 0x000002402a890000]
CodeHeap 'non-nmethods': size=5760Kb used=2332Kb max_used=2426Kb free=3427Kb
 bounds [0x000002402a890000, 0x000002402ab10000, 0x000002402ae30000]
 total_blobs=8531 nmethods=7680 adapters=763
 compilation: enabled
              stopped_count=0, restarted_count=0
 full_count=0

Compilation events (20 events):
Event: 60.245 Thread 0x00000240363cc790 8348       3       org.gradle.internal.serialize.kryo.StringDeduplicatingKryoBackedDecoder::readStringIndex (9 bytes)
Event: 60.246 Thread 0x00000240363cc790 nmethod 8348 0x00000240241a7a10 code [0x00000240241a7bc0, 0x00000240241a7d08]
Event: 60.246 Thread 0x00000240363cc790 8349       3       org.gradle.internal.serialize.kryo.StringDeduplicatingKryoBackedDecoder::readString (5 bytes)
Event: 60.246 Thread 0x00000240363cc790 nmethod 8349 0x00000240241a7e10 code [0x00000240241a7fa0, 0x00000240241a80e8]
Event: 60.246 Thread 0x00000240363cc790 8346       3       org.gradle.api.internal.artifacts.ivyservice.resolveengine.graph.builder.EdgeState::computeExclusions (36 bytes)
Event: 60.247 Thread 0x00000240363cc790 nmethod 8346 0x00000240241a8190 code [0x00000240241a8360, 0x00000240241a8728]
Event: 60.247 Thread 0x00000240363cc790 8352   !   3       org.gradle.internal.serialize.kryo.StringDeduplicatingKryoBackedDecoder::readByte (15 bytes)
Event: 60.248 Thread 0x00000240363cc790 nmethod 8352 0x00000240241a8890 code [0x00000240241a8aa0, 0x00000240241a9088]
Event: 60.248 Thread 0x00000240363cc790 8344       1       org.gradle.internal.component.external.model.GradleDependencyMetadata::getExcludes (5 bytes)
Event: 60.248 Thread 0x00000240363cc790 nmethod 8344 0x000002402b2b7710 code [0x000002402b2b78a0, 0x000002402b2b7978]
Event: 60.249 Thread 0x00000240363cc790 8354       3       com.esotericsoftware.kryo.io.Input::readLong (6 bytes)
Event: 60.249 Thread 0x00000240363cc790 nmethod 8354 0x00000240241a9310 code [0x00000240241a94c0, 0x00000240241a9608]
Event: 60.249 Thread 0x00000240363cc790 8355       3       com.esotericsoftware.kryo.io.Input::readVarLong (329 bytes)
Event: 60.250 Thread 0x00000240363cc790 nmethod 8355 0x00000240241a9690 code [0x00000240241a9860, 0x00000240241a9f18]
Event: 60.250 Thread 0x00000240363cc790 8353   !   3       org.gradle.internal.serialize.kryo.StringDeduplicatingKryoBackedDecoder::readSmallInt (16 bytes)
Event: 60.250 Thread 0x00000240363cc790 nmethod 8353 0x00000240241aa110 code [0x00000240241aa320, 0x00000240241aa968]
Event: 60.250 Thread 0x00000240363cc790 8356       1       org.gradle.api.artifacts.result.ComponentSelectionCause::getDefaultReason (5 bytes)
Event: 60.251 Thread 0x00000240363cc790 nmethod 8356 0x000002402b2b7a10 code [0x000002402b2b7ba0, 0x000002402b2b7c78]
Event: 60.251 Thread 0x00000240363cc790 8357   !   3       org.gradle.internal.serialize.kryo.StringDeduplicatingKryoBackedDecoder::readSmallLong (16 bytes)
Event: 60.251 Thread 0x00000240363cc790 nmethod 8357 0x00000240241aac10 code [0x00000240241aae20, 0x00000240241ab468]

GC Heap History (18 events):
Event: 4.805 GC heap before
{Heap before GC invocations=0 (full 0):
 garbage-first heap   total 262144K, used 22528K [0x00000000e0000000, 0x0000000100000000)
  region size 1024K, 23 young (23552K), 0 survivors (0K)
 Metaspace       used 1077K, committed 1216K, reserved 393216K
  class space    used 73K, committed 128K, reserved 327680K
}
Event: 5.068 GC heap after
{Heap after GC invocations=1 (full 0):
 garbage-first heap   total 262144K, used 3909K [0x00000000e0000000, 0x0000000100000000)
  region size 1024K, 3 young (3072K), 3 survivors (3072K)
 Metaspace       used 1077K, committed 1216K, reserved 393216K
  class space    used 73K, committed 128K, reserved 327680K
}
Event: 8.516 GC heap before
{Heap before GC invocations=1 (full 0):
 garbage-first heap   total 262144K, used 40773K [0x00000000e0000000, 0x0000000100000000)
  region size 1024K, 36 young (36864K), 3 survivors (3072K)
 Metaspace       used 4379K, committed 4544K, reserved 393216K
  class space    used 542K, committed 640K, reserved 327680K
}
Event: 8.521 GC heap after
{Heap after GC invocations=2 (full 0):
 garbage-first heap   total 262144K, used 11132K [0x00000000e0000000, 0x0000000100000000)
  region size 1024K, 5 young (5120K), 5 survivors (5120K)
 Metaspace       used 4379K, committed 4544K, reserved 393216K
  class space    used 542K, committed 640K, reserved 327680K
}
Event: 12.405 GC heap before
{Heap before GC invocations=2 (full 0):
 garbage-first heap   total 262144K, used 60284K [0x00000000e0000000, 0x0000000100000000)
  region size 1024K, 51 young (52224K), 5 survivors (5120K)
 Metaspace       used 4854K, committed 5056K, reserved 393216K
  class space    used 626K, committed 704K, reserved 327680K
}
Event: 12.412 GC heap after
{Heap after GC invocations=3 (full 0):
 garbage-first heap   total 262144K, used 16781K [0x00000000e0000000, 0x0000000100000000)
  region size 1024K, 5 young (5120K), 5 survivors (5120K)
 Metaspace       used 4854K, committed 5056K, reserved 393216K
  class space    used 626K, committed 704K, reserved 327680K
}
Event: 23.209 GC heap before
{Heap before GC invocations=3 (full 0):
 garbage-first heap   total 262144K, used 120205K [0x00000000e0000000, 0x0000000100000000)
  region size 1024K, 107 young (109568K), 5 survivors (5120K)
 Metaspace       used 21162K, committed 21504K, reserved 393216K
  class space    used 3100K, committed 3264K, reserved 327680K
}
Event: 23.233 GC heap after
{Heap after GC invocations=4 (full 0):
 garbage-first heap   total 262144K, used 24110K [0x00000000e0000000, 0x0000000100000000)
  region size 1024K, 12 young (12288K), 12 survivors (12288K)
 Metaspace       used 21162K, committed 21504K, reserved 393216K
  class space    used 3100K, committed 3264K, reserved 327680K
}
Event: 31.686 GC heap before
{Heap before GC invocations=5 (full 0):
 garbage-first heap   total 262144K, used 142894K [0x00000000e0000000, 0x0000000100000000)
  region size 1024K, 125 young (128000K), 12 survivors (12288K)
 Metaspace       used 35733K, committed 36160K, reserved 393216K
  class space    used 4961K, committed 5184K, reserved 327680K
}
Event: 31.707 GC heap after
{Heap after GC invocations=6 (full 0):
 garbage-first heap   total 262144K, used 33022K [0x00000000e0000000, 0x0000000100000000)
  region size 1024K, 16 young (16384K), 16 survivors (16384K)
 Metaspace       used 35733K, committed 36160K, reserved 393216K
  class space    used 4961K, committed 5184K, reserved 327680K
}
Event: 31.831 GC heap before
{Heap before GC invocations=6 (full 0):
 garbage-first heap   total 262144K, used 34046K [0x00000000e0000000, 0x0000000100000000)
  region size 1024K, 17 young (17408K), 16 survivors (16384K)
 Metaspace       used 35838K, committed 36288K, reserved 393216K
  class space    used 4982K, committed 5184K, reserved 327680K
}
Event: 31.850 GC heap after
{Heap after GC invocations=7 (full 0):
 garbage-first heap   total 262144K, used 33514K [0x00000000e0000000, 0x0000000100000000)
  region size 1024K, 2 young (2048K), 2 survivors (2048K)
 Metaspace       used 35838K, committed 36288K, reserved 393216K
  class space    used 4982K, committed 5184K, reserved 327680K
}
Event: 32.079 GC heap before
{Heap before GC invocations=7 (full 0):
 garbage-first heap   total 262144K, used 35562K [0x00000000e0000000, 0x0000000100000000)
  region size 1024K, 5 young (5120K), 2 survivors (2048K)
 Metaspace       used 36057K, committed 36480K, reserved 393216K
  class space    used 5025K, committed 5248K, reserved 327680K
}
Event: 32.081 GC heap after
{Heap after GC invocations=8 (full 0):
 garbage-first heap   total 262144K, used 32048K [0x00000000e0000000, 0x0000000100000000)
  region size 1024K, 1 young (1024K), 1 survivors (1024K)
 Metaspace       used 36057K, committed 36480K, reserved 393216K
  class space    used 5025K, committed 5248K, reserved 327680K
}
Event: 47.687 GC heap before
{Heap before GC invocations=9 (full 0):
 garbage-first heap   total 262144K, used 188720K [0x00000000e0000000, 0x0000000100000000)
  region size 1024K, 153 young (156672K), 1 survivors (1024K)
 Metaspace       used 49287K, committed 49856K, reserved 393216K
  class space    used 7031K, committed 7296K, reserved 327680K
}
Event: 47.701 GC heap after
{Heap after GC invocations=10 (full 0):
 garbage-first heap   total 262144K, used 43074K [0x00000000e0000000, 0x0000000100000000)
  region size 1024K, 12 young (12288K), 12 survivors (12288K)
 Metaspace       used 49287K, committed 49856K, reserved 393216K
  class space    used 7031K, committed 7296K, reserved 327680K
}
Event: 47.731 GC heap before
{Heap before GC invocations=10 (full 0):
 garbage-first heap   total 262144K, used 44098K [0x00000000e0000000, 0x0000000100000000)
  region size 1024K, 13 young (13312K), 12 survivors (12288K)
 Metaspace       used 49322K, committed 49856K, reserved 393216K
  class space    used 7034K, committed 7296K, reserved 327680K
}
Event: 47.744 GC heap after
{Heap after GC invocations=11 (full 0):
 garbage-first heap   total 262144K, used 44351K [0x00000000e0000000, 0x0000000100000000)
  region size 1024K, 2 young (2048K), 2 survivors (2048K)
 Metaspace       used 49322K, committed 49856K, reserved 393216K
  class space    used 7034K, committed 7296K, reserved 327680K
}

Deoptimization events (20 events):
Event: 59.665 Thread 0x00000240513fef70 Uncommon trap: trap_request=0xffffff45 fr.pc=0x000002402b0a9124 relative=0x0000000000000204
Event: 59.665 Thread 0x00000240513fef70 Uncommon trap: reason=unstable_if action=reinterpret pc=0x000002402b0a9124 method=java.util.ArrayList$SubList.toArray([Ljava/lang/Object;)[Ljava/lang/Object; @ 10 c2
Event: 59.665 Thread 0x00000240513fef70 DEOPT PACKING pc=0x000002402b0a9124 sp=0x0000009b414f8380
Event: 59.665 Thread 0x00000240513fef70 DEOPT UNPACKING pc=0x000002402a8e23a3 sp=0x0000009b414f8358 mode 2
Event: 59.765 Thread 0x00000240513fef70 DEOPT PACKING pc=0x0000024023d7effb sp=0x0000009b414f7e00
Event: 59.765 Thread 0x00000240513fef70 DEOPT UNPACKING pc=0x000002402a8e2b43 sp=0x0000009b414f7320 mode 0
Event: 59.879 Thread 0x00000240513fef70 DEOPT PACKING pc=0x0000024023d7effb sp=0x0000009b414f7e60
Event: 59.879 Thread 0x00000240513fef70 DEOPT UNPACKING pc=0x000002402a8e2b43 sp=0x0000009b414f7380 mode 0
Event: 60.121 Thread 0x00000240513fef70 DEOPT PACKING pc=0x0000024023d7effb sp=0x0000009b414f7ee0
Event: 60.121 Thread 0x00000240513fef70 DEOPT UNPACKING pc=0x000002402a8e2b43 sp=0x0000009b414f7400 mode 0
Event: 60.141 Thread 0x00000240513fef70 DEOPT PACKING pc=0x0000024023d7effb sp=0x0000009b414f7ee0
Event: 60.141 Thread 0x00000240513fef70 DEOPT UNPACKING pc=0x000002402a8e2b43 sp=0x0000009b414f7400 mode 0
Event: 60.221 Thread 0x00000240513fef70 Uncommon trap: trap_request=0xffffff45 fr.pc=0x000002402b246de8 relative=0x0000000000000068
Event: 60.221 Thread 0x00000240513fef70 Uncommon trap: reason=unstable_if action=reinterpret pc=0x000002402b246de8 method=com.esotericsoftware.kryo.io.Output.require(I)Z @ 10 c2
Event: 60.221 Thread 0x00000240513fef70 DEOPT PACKING pc=0x000002402b246de8 sp=0x0000009b414f85e0
Event: 60.221 Thread 0x00000240513fef70 DEOPT UNPACKING pc=0x000002402a8e23a3 sp=0x0000009b414f8570 mode 2
Event: 60.244 Thread 0x00000240513fef70 Uncommon trap: trap_request=0xffffffde fr.pc=0x000002402b2ad0d8 relative=0x0000000000001418
Event: 60.244 Thread 0x00000240513fef70 Uncommon trap: reason=class_check action=maybe_recompile pc=0x000002402b2ad0d8 method=org.gradle.api.internal.artifacts.ivyservice.resolveengine.result.DesugaredAttributeContainerSerializer.read(Lorg/gradle/internal/serialize/Decoder;)Lorg/gradle/api/inte
Event: 60.244 Thread 0x00000240513fef70 DEOPT PACKING pc=0x000002402b2ad0d8 sp=0x0000009b414f9410
Event: 60.244 Thread 0x00000240513fef70 DEOPT UNPACKING pc=0x000002402a8e23a3 sp=0x0000009b414f93f0 mode 2

Classes unloaded (0 events):
No events

Classes redefined (0 events):
No events

Internal exceptions (20 events):
Event: 50.492 Thread 0x00000240513fef70 Exception <a 'java/lang/ClassNotFoundException'{0x00000000ed2278b8}: org/gradle/api/tasks/bundling/Jar_DecoratedCustomizer> (0x00000000ed2278b8) 
thrown [s\open\src\hotspot\share\classfile\systemDictionary.cpp, line 256]
Event: 50.506 Thread 0x00000240513fef70 Exception <a 'java/lang/ClassNotFoundException'{0x00000000ed2ee810}: org/gradle/api/java/archives/internal/DefaultManifestBeanInfo> (0x00000000ed2ee810) 
thrown [s\open\src\hotspot\share\classfile\systemDictionary.cpp, line 256]
Event: 50.507 Thread 0x00000240513fef70 Exception <a 'java/lang/ClassNotFoundException'{0x00000000ed107f80}: org/gradle/api/java/archives/internal/DefaultManifestCustomizer> (0x00000000ed107f80) 
thrown [s\open\src\hotspot\share\classfile\systemDictionary.cpp, line 256]
Event: 50.574 Thread 0x00000240513fef70 Exception <a 'java/lang/ClassNotFoundException'{0x00000000ece77720}: org/gradle/api/internal/tasks/DefaultTaskContainer_DecoratedBeanInfo> (0x00000000ece77720) 
thrown [s\open\src\hotspot\share\classfile\systemDictionary.cpp, line 256]
Event: 50.580 Thread 0x00000240513fef70 Exception <a 'java/lang/ClassNotFoundException'{0x00000000ece898b8}: org/gradle/api/internal/tasks/DefaultTaskContainerBeanInfo> (0x00000000ece898b8) 
thrown [s\open\src\hotspot\share\classfile\systemDictionary.cpp, line 256]
Event: 50.582 Thread 0x00000240513fef70 Exception <a 'java/lang/ClassNotFoundException'{0x00000000ece9bad8}: org/gradle/api/internal/tasks/DefaultTaskCollectionBeanInfo> (0x00000000ece9bad8) 
thrown [s\open\src\hotspot\share\classfile\systemDictionary.cpp, line 256]
Event: 50.583 Thread 0x00000240513fef70 Exception <a 'java/lang/ClassNotFoundException'{0x00000000eceadf78}: org/gradle/api/internal/tasks/DefaultTaskCollectionCustomizer> (0x00000000eceadf78) 
thrown [s\open\src\hotspot\share\classfile\systemDictionary.cpp, line 256]
Event: 50.587 Thread 0x00000240513fef70 Exception <a 'java/lang/ClassNotFoundException'{0x00000000ecef3d30}: org/gradle/api/internal/tasks/DefaultTaskContainerCustomizer> (0x00000000ecef3d30) 
thrown [s\open\src\hotspot\share\classfile\systemDictionary.cpp, line 256]
Event: 50.597 Thread 0x00000240513fef70 Exception <a 'java/lang/ClassNotFoundException'{0x00000000ecd58da0}: org/gradle/api/internal/tasks/DefaultTaskContainer_DecoratedCustomizer> (0x00000000ecd58da0) 
thrown [s\open\src\hotspot\share\classfile\systemDictionary.cpp, line 256]
Event: 51.164 Thread 0x00000240513fef70 Exception <a 'java/lang/NoSuchMethodError'{0x00000000ec7b1638}: 'int java.lang.invoke.DirectMethodHandle$Holder.invokeSpecialIFC(java.lang.Object, java.lang.Object, java.lang.Object, java.lang.Object, java.lang.Object)'> (0x00000000ec7b1638) 
thrown [s\open\src\hotspot\share\interpreter\linkResolver.cpp, line 759]
Event: 51.308 Thread 0x00000240513fef70 Exception <a 'java/lang/NoSuchMethodError'{0x00000000ec471de8}: 'java.lang.Object java.lang.invoke.DirectMethodHandle$Holder.newInvokeSpecial(java.lang.Object, java.lang.Object, java.lang.Object, java.lang.Object, java.lang.Object, java.lang.Object, int)'> (0x00000000ec471de8) 
thrown [s\open\src\hotspot\share\interpreter\linkResolver.cpp, line 759]
Event: 51.309 Thread 0x00000240513fef70 Exception <a 'java/lang/NoSuchMethodError'{0x00000000ec4777f0}: 'java.lang.Object java.lang.invoke.DirectMethodHandle$Holder.invokeSpecial(java.lang.Object, java.lang.Object, java.lang.Object, java.lang.Object, java.lang.Object, java.lang.Object, java.lang.Object, int)'> (0x00000000ec4777f0) 
thrown [s\open\src\hotspot\share\interpreter\linkResolver.cpp, line 759]
Event: 51.309 Thread 0x00000240513fef70 Exception <a 'java/lang/NoSuchMethodError'{0x00000000ec47cbc8}: 'java.lang.Object java.lang.invoke.Invokers$Holder.linkToTargetMethod(java.lang.Object, java.lang.Object, java.lang.Object, java.lang.Object, java.lang.Object, int, java.lang.Object)'> (0x00000000ec47cbc8) 
thrown [s\open\src\hotspot\share\interpreter\linkResolver.cpp, line 759]
Event: 51.422 Thread 0x00000240526bf190 Implicit null exception at 0x000002402b1069e0 to 0x000002402b106a80
Event: 51.435 Thread 0x00000240526bf190 Implicit null exception at 0x000002402b0af9cb to 0x000002402b0af9f0
Event: 51.645 Thread 0x00000240526c05d0 Exception <a 'java/lang/NoSuchMethodError'{0x00000000ec1d1768}: 'void java.lang.invoke.DirectMethodHandle$Holder.invokeStatic(java.lang.Object, long)'> (0x00000000ec1d1768) 
thrown [s\open\src\hotspot\share\interpreter\linkResolver.cpp, line 759]
Event: 51.649 Thread 0x00000240526c05d0 Exception <a 'java/lang/NoSuchMethodError'{0x00000000ec1dc650}: 'java.lang.Object java.lang.invoke.DirectMethodHandle$Holder.invokeStatic(java.lang.Object, java.lang.Object, long, java.lang.Object)'> (0x00000000ec1dc650) 
thrown [s\open\src\hotspot\share\interpreter\linkResolver.cpp, line 759]
Event: 51.650 Thread 0x00000240526c05d0 Exception <a 'java/lang/NoSuchMethodError'{0x00000000ec1dfe28}: 'java.lang.Object java.lang.invoke.DirectMethodHandle$Holder.invokeStaticInit(java.lang.Object, java.lang.Object, long, java.lang.Object)'> (0x00000000ec1dfe28) 
thrown [s\open\src\hotspot\share\interpreter\linkResolver.cpp, line 759]
Event: 52.916 Thread 0x00000240526c05d0 Exception <a 'java/lang/NoSuchMethodError'{0x00000000ec1f3520}: 'void java.lang.invoke.DirectMethodHandle$Holder.invokeSpecial(java.lang.Object, java.lang.Object, int)'> (0x00000000ec1f3520) 
thrown [s\open\src\hotspot\share\interpreter\linkResolver.cpp, line 759]
Event: 59.252 Thread 0x00000240513fef70 Exception <a 'java/lang/NoSuchMethodError'{0x00000000e8a17fd0}: 'void java.lang.invoke.DirectMethodHandle$Holder.invokeVirtual(java.lang.Object, java.lang.Object, java.lang.Object, java.lang.Object)'> (0x00000000e8a17fd0) 
thrown [s\open\src\hotspot\share\interpreter\linkResolver.cpp, line 759]

VM Operations (20 events):
Event: 54.676 Executing VM operation: Cleanup
Event: 54.739 Executing VM operation: Cleanup done
Event: 55.751 Executing VM operation: Cleanup
Event: 55.784 Executing VM operation: Cleanup done
Event: 55.785 Executing VM operation: HandshakeAllThreads
Event: 55.785 Executing VM operation: HandshakeAllThreads done
Event: 56.056 Executing VM operation: HandshakeAllThreads
Event: 56.142 Executing VM operation: HandshakeAllThreads done
Event: 56.660 Executing VM operation: ICBufferFull
Event: 56.716 Executing VM operation: ICBufferFull done
Event: 57.718 Executing VM operation: Cleanup
Event: 57.897 Executing VM operation: Cleanup done
Event: 58.909 Executing VM operation: Cleanup
Event: 58.926 Executing VM operation: Cleanup done
Event: 59.933 Executing VM operation: Cleanup
Event: 59.936 Executing VM operation: Cleanup done
Event: 60.073 Executing VM operation: HandshakeAllThreads
Event: 60.073 Executing VM operation: HandshakeAllThreads done
Event: 60.101 Executing VM operation: HandshakeAllThreads
Event: 60.101 Executing VM operation: HandshakeAllThreads done

Events (20 events):
Event: 58.386 Thread 0x0000024054fe37a0 Thread added: 0x0000024054fe37a0
Event: 58.387 Thread 0x0000024051beab60 Thread added: 0x0000024051beab60
Event: 58.395 Thread 0x0000024054fe46d0 Thread added: 0x0000024054fe46d0
Event: 58.404 Thread 0x0000024054fe3290 Thread added: 0x0000024054fe3290
Event: 58.475 Thread 0x0000024054fe2d80 Thread added: 0x0000024054fe2d80
Event: 58.484 Thread 0x0000024054fe3cb0 Thread added: 0x0000024054fe3cb0
Event: 58.494 Thread 0x0000024054fe0f20 Thread added: 0x0000024054fe0f20
Event: 58.509 Thread 0x0000024054fe1430 Thread added: 0x0000024054fe1430
Event: 58.518 Thread 0x0000024054fe1940 Thread added: 0x0000024054fe1940
Event: 58.724 Thread 0x0000024054bb4bf0 Thread added: 0x0000024054bb4bf0
Event: 58.791 Thread 0x0000024054bb0a20 Thread added: 0x0000024054bb0a20
Event: 58.928 Thread 0x0000024054bb2d90 Thread added: 0x0000024054bb2d90
Event: 58.937 Thread 0x0000024054bb2880 Thread added: 0x0000024054bb2880
Event: 58.948 Thread 0x0000024054bb32a0 Thread added: 0x0000024054bb32a0
Event: 59.030 Thread 0x0000024054bb46e0 Thread added: 0x0000024054bb46e0
Event: 59.041 Thread 0x0000024054bb5b20 Thread added: 0x0000024054bb5b20
Event: 59.042 loading class jdk/internal/access/foreign/MemorySegmentProxy
Event: 59.042 loading class jdk/internal/access/foreign/MemorySegmentProxy done
Event: 59.051 Thread 0x0000024054bb6540 Thread added: 0x0000024054bb6540
Event: 59.087 Thread 0x0000024051beb600 Thread added: 0x0000024051beb600


Dynamic libraries:
0x00007ff6970e0000 - 0x00007ff6970f0000 	D:\programfile\java17\bin\java.exe
0x00007ff9003f0000 - 0x00007ff900607000 	C:\WINDOWS\SYSTEM32\ntdll.dll
0x00007ff8fe420000 - 0x00007ff8fe4e4000 	C:\WINDOWS\System32\KERNEL32.DLL
0x00007ff8fd990000 - 0x00007ff8fdd60000 	C:\WINDOWS\System32\KERNELBASE.dll
0x00007ff8fd7f0000 - 0x00007ff8fd901000 	C:\WINDOWS\System32\ucrtbase.dll
0x00007ff8e3e90000 - 0x00007ff8e3ea9000 	D:\programfile\java17\bin\jli.dll
0x00007ff900200000 - 0x00007ff9002b1000 	C:\WINDOWS\System32\ADVAPI32.dll
0x00007ff8fe370000 - 0x00007ff8fe417000 	C:\WINDOWS\System32\msvcrt.dll
0x00007ff8ffae0000 - 0x00007ff8ffb87000 	C:\WINDOWS\System32\sechost.dll
0x00007ff8e1ac0000 - 0x00007ff8e1adb000 	D:\programfile\java17\bin\VCRUNTIME140.dll
0x00007ff8fd6a0000 - 0x00007ff8fd6c8000 	C:\WINDOWS\System32\bcrypt.dll
0x00007ff8ff590000 - 0x00007ff8ff6a4000 	C:\WINDOWS\System32\RPCRT4.dll
0x00007ff8feb10000 - 0x00007ff8fecbe000 	C:\WINDOWS\System32\USER32.dll
0x00007ff8fdf40000 - 0x00007ff8fdf66000 	C:\WINDOWS\System32\win32u.dll
0x00007ff900020000 - 0x00007ff900049000 	C:\WINDOWS\System32\GDI32.dll
0x00007ff8fde20000 - 0x00007ff8fdf3b000 	C:\WINDOWS\System32\gdi32full.dll
0x00007ff8fd6d0000 - 0x00007ff8fd76a000 	C:\WINDOWS\System32\msvcp_win.dll
0x00007ff8e5e80000 - 0x00007ff8e6112000 	C:\WINDOWS\WinSxS\amd64_microsoft.windows.common-controls_6595b64144ccf1df_6.0.22621.4830_none_270fe7d773858e80\COMCTL32.dll
0x00007ff8f4870000 - 0x00007ff8f487a000 	C:\WINDOWS\SYSTEM32\VERSION.dll
0x00007ff900370000 - 0x00007ff9003a1000 	C:\WINDOWS\System32\IMM32.DLL
0x00007ff8e3f90000 - 0x00007ff8e3f9c000 	D:\programfile\java17\bin\vcruntime140_1.dll
0x00007ff8e0b80000 - 0x00007ff8e0c0e000 	D:\programfile\java17\bin\msvcp140.dll
0x00007ff85f570000 - 0x00007ff86014f000 	D:\programfile\java17\bin\server\jvm.dll
0x00007ff8fe9a0000 - 0x00007ff8fe9a8000 	C:\WINDOWS\System32\PSAPI.DLL
0x00007ff8d3e30000 - 0x00007ff8d3e39000 	C:\WINDOWS\SYSTEM32\WSOCK32.dll
0x00007ff8fffa0000 - 0x00007ff900011000 	C:\WINDOWS\System32\WS2_32.dll
0x00007ff8f8f80000 - 0x00007ff8f8fb4000 	C:\WINDOWS\SYSTEM32\WINMM.dll
0x00007ff8fc6a0000 - 0x00007ff8fc6b8000 	C:\WINDOWS\SYSTEM32\kernel.appcore.dll
0x00007ff8e1470000 - 0x00007ff8e147a000 	D:\programfile\java17\bin\jimage.dll
0x00007ff8faff0000 - 0x00007ff8fb222000 	C:\WINDOWS\SYSTEM32\DBGHELP.DLL
0x00007ff8ffbb0000 - 0x00007ff8fff40000 	C:\WINDOWS\System32\combase.dll
0x00007ff8ffa00000 - 0x00007ff8ffad7000 	C:\WINDOWS\System32\OLEAUT32.dll
0x00007ff8e75a0000 - 0x00007ff8e75d2000 	C:\WINDOWS\SYSTEM32\dbgcore.DLL
0x00007ff8fd770000 - 0x00007ff8fd7eb000 	C:\WINDOWS\System32\bcryptPrimitives.dll
0x00007ff8e10d0000 - 0x00007ff8e10de000 	D:\programfile\java17\bin\instrument.dll
0x00007ff8decf0000 - 0x00007ff8ded15000 	D:\programfile\java17\bin\java.dll
0x00007ff8d0d50000 - 0x00007ff8d0e27000 	D:\programfile\java17\bin\jsvml.dll
0x00007ff8fecc0000 - 0x00007ff8ff538000 	C:\WINDOWS\System32\SHELL32.dll
0x00007ff8fb5a0000 - 0x00007ff8fbeb0000 	C:\WINDOWS\SYSTEM32\windows.storage.dll
0x00007ff8fb460000 - 0x00007ff8fb59f000 	C:\WINDOWS\SYSTEM32\wintypes.dll
0x00007ff8ff8f0000 - 0x00007ff8ff9fa000 	C:\WINDOWS\System32\SHCORE.dll
0x00007ff8ff6d0000 - 0x00007ff8ff72e000 	C:\WINDOWS\System32\shlwapi.dll
0x00007ff8fd5d0000 - 0x00007ff8fd5fb000 	C:\WINDOWS\SYSTEM32\profapi.dll
0x00007ff8de8f0000 - 0x00007ff8de908000 	D:\programfile\java17\bin\zip.dll
0x00007ff8de4c0000 - 0x00007ff8de4d9000 	D:\programfile\java17\bin\net.dll
0x00007ff8fa1e0000 - 0x00007ff8fa30c000 	C:\WINDOWS\SYSTEM32\WINHTTP.dll
0x00007ff8fcb10000 - 0x00007ff8fcb7a000 	C:\WINDOWS\system32\mswsock.dll
0x00007ff8de4a0000 - 0x00007ff8de4b6000 	D:\programfile\java17\bin\nio.dll
0x00007ff8e3f40000 - 0x00007ff8e3f50000 	D:\programfile\java17\bin\verify.dll
0x00007ff8e41e0000 - 0x00007ff8e4207000 	C:\Users\nvhai\.gradle\native\c067742578af261105cb4f569cf0c3c89f3d7b1fecec35dd04571415982c5e48\windows-amd64\native-platform.dll
0x00007ff8c5130000 - 0x00007ff8c5274000 	C:\Users\nvhai\.gradle\native\100fb08df4bc3b14c8652ba06237920a3bd2aa13389f12d3474272988ae205f9\windows-amd64\native-platform-file-events.dll
0x00007ff8e3f30000 - 0x00007ff8e3f3a000 	D:\programfile\java17\bin\management.dll
0x00007ff8e3f20000 - 0x00007ff8e3f2b000 	D:\programfile\java17\bin\management_ext.dll
0x00007ff8fce60000 - 0x00007ff8fce7b000 	C:\WINDOWS\SYSTEM32\CRYPTSP.dll
0x00007ff8fc600000 - 0x00007ff8fc635000 	C:\WINDOWS\system32\rsaenh.dll
0x00007ff8fcbb0000 - 0x00007ff8fcbd8000 	C:\WINDOWS\SYSTEM32\USERENV.dll
0x00007ff8fce40000 - 0x00007ff8fce4c000 	C:\WINDOWS\SYSTEM32\CRYPTBASE.dll
0x00007ff8fc110000 - 0x00007ff8fc13d000 	C:\WINDOWS\SYSTEM32\IPHLPAPI.DLL
0x00007ff8ff6c0000 - 0x00007ff8ff6c9000 	C:\WINDOWS\System32\NSI.dll
0x00007ff8f9230000 - 0x00007ff8f9249000 	C:\WINDOWS\SYSTEM32\dhcpcsvc6.DLL
0x00007ff8f91f0000 - 0x00007ff8f920f000 	C:\WINDOWS\SYSTEM32\dhcpcsvc.DLL
0x00007ff8fc140000 - 0x00007ff8fc242000 	C:\WINDOWS\SYSTEM32\DNSAPI.dll
0x00007ff8e10c0000 - 0x00007ff8e10ce000 	D:\programfile\java17\bin\sunmscapi.dll
0x00007ff8fdf70000 - 0x00007ff8fe0d6000 	C:\WINDOWS\System32\CRYPT32.dll
0x00007ff8fcf70000 - 0x00007ff8fcf9d000 	C:\WINDOWS\SYSTEM32\ncrypt.dll
0x00007ff8fcf30000 - 0x00007ff8fcf67000 	C:\WINDOWS\SYSTEM32\NTASN1.dll
0x00007ff8e4c30000 - 0x00007ff8e4c38000 	C:\WINDOWS\system32\wshunix.dll

dbghelp: loaded successfully - version: 4.0.5 - missing functions: none
symbol engine: initialized successfully - sym options: 0x614 - pdb path: .;D:\programfile\java17\bin;C:\WINDOWS\SYSTEM32;C:\WINDOWS\WinSxS\amd64_microsoft.windows.common-controls_6595b64144ccf1df_6.0.22621.4830_none_270fe7d773858e80;D:\programfile\java17\bin\server;C:\Users\nvhai\.gradle\native\c067742578af261105cb4f569cf0c3c89f3d7b1fecec35dd04571415982c5e48\windows-amd64;C:\Users\nvhai\.gradle\native\100fb08df4bc3b14c8652ba06237920a3bd2aa13389f12d3474272988ae205f9\windows-amd64

VM Arguments:
jvm_args: --add-opens=java.base/java.lang=ALL-UNNAMED --add-opens=java.base/java.lang.invoke=ALL-UNNAMED --add-opens=java.base/java.util=ALL-UNNAMED --add-opens=java.prefs/java.util.prefs=ALL-UNNAMED --add-exports=jdk.compiler/com.sun.tools.javac.api=ALL-UNNAMED --add-exports=jdk.compiler/com.sun.tools.javac.util=ALL-UNNAMED --add-opens=java.base/java.util=ALL-UNNAMED --add-opens=java.prefs/java.util.prefs=ALL-UNNAMED --add-opens=java.base/java.nio.charset=ALL-UNNAMED --add-opens=java.base/java.net=ALL-UNNAMED --add-opens=java.base/java.util.concurrent.atomic=ALL-UNNAMED --add-opens=java.xml/javax.xml.namespace=ALL-UNNAMED -XX:MaxMetaspaceSize=384m -XX:+HeapDumpOnOutOfMemoryError -Xms256m -Xmx512m -Dfile.encoding=UTF-8 -Duser.country=US -Duser.language=en -Duser.variant -javaagent:C:\Users\nvhai\.gradle\wrapper\dists\gradle-8.11.1-bin\bpt9gzteqjrbo1mjrsomdt32c\gradle-8.11.1\lib\agents\gradle-instrumentation-agent-8.11.1.jar 
java_command: org.gradle.launcher.daemon.bootstrap.GradleDaemon 8.11.1
java_class_path (initial): C:\Users\nvhai\.gradle\wrapper\dists\gradle-8.11.1-bin\bpt9gzteqjrbo1mjrsomdt32c\gradle-8.11.1\lib\gradle-daemon-main-8.11.1.jar
Launcher Type: SUN_STANDARD

[Global flags]
     intx CICompilerCount                          = 4                                         {product} {ergonomic}
   size_t CompressedClassSpaceSize                 = 335544320                                 {product} {ergonomic}
     uint ConcGCThreads                            = 2                                         {product} {ergonomic}
     uint G1ConcRefinementThreads                  = 8                                         {product} {ergonomic}
   size_t G1HeapRegionSize                         = 1048576                                   {product} {ergonomic}
    uintx GCDrainStackTargetSize                   = 64                                        {product} {ergonomic}
     bool HeapDumpOnOutOfMemoryError               = true                                   {manageable} {command line}
   size_t InitialHeapSize                          = 268435456                                 {product} {command line}
   size_t MarkStackSize                            = 4194304                                   {product} {ergonomic}
   size_t MaxHeapSize                              = 536870912                                 {product} {command line}
   size_t MaxMetaspaceSize                         = 402653184                                 {product} {command line}
   size_t MaxNewSize                               = 321912832                                 {product} {ergonomic}
   size_t MinHeapDeltaBytes                        = 1048576                                   {product} {ergonomic}
   size_t MinHeapSize                              = 268435456                                 {product} {command line}
    uintx NonNMethodCodeHeapSize                   = 5839372                                {pd product} {ergonomic}
    uintx NonProfiledCodeHeapSize                  = 122909434                              {pd product} {ergonomic}
    uintx ProfiledCodeHeapSize                     = 122909434                              {pd product} {ergonomic}
    uintx ReservedCodeCacheSize                    = 251658240                              {pd product} {ergonomic}
     bool SegmentedCodeCache                       = true                                      {product} {ergonomic}
   size_t SoftMaxHeapSize                          = 536870912                              {manageable} {ergonomic}
     bool UseCompressedClassPointers               = true                           {product lp64_product} {ergonomic}
     bool UseCompressedOops                        = true                           {product lp64_product} {ergonomic}
     bool UseG1GC                                  = true                                      {product} {ergonomic}
     bool UseLargePagesIndividualAllocation        = false                                  {pd product} {ergonomic}

Logging:
Log output configuration:
 #0: stdout all=warning uptime,level,tags
 #1: stderr all=off uptime,level,tags

Environment Variables:
JAVA_HOME=D:\programfile\java17\
PATH=D:\programfile\oracle\WINDOWS.X64_213000_db_home\bin;D:\programfile\Python313\Scripts\;D:\programfile\Python313\;C:\Program Files\Python313\Scripts\;C:\Program Files\Python313\;c:\Users\nvhai\AppData\Local\Programs\cursor\resources\app\bin;D:\programfile\VMware\bin\;C:\Windows\system32;C:\Windows;C:\Windows\System32\Wbem;C:\Windows\System32\WindowsPowerShell\v1.0\;C:\Windows\System32\OpenSSH\;D:\programfile\xampp\php;D:\programfile\Git\cmd;D:\programfile\apache-maven-3.9.7\bin;D:\programfile\spring-2.7.13\bin;D:\programfile\gradle-8.10.2-all\gradle-8.10.2\bin;D:\programfile\OpenSSL-Win64\bin;C:\Users\nvhai\AppData\Local\Microsoft\WindowsApps;C:\Users\nvhai\AppData\Roaming\Composer\vendor\bin;D:\programfile\JetBrains\IntelliJ IDEA 2024.1.2\bin;D:\programfile\Sdk\platform-tools;D:\programfile\cmake\bin;D:\programfile\Git LFS;D:\programfile\redis\;C:\Program Files (x86)\dotnet\;D:\Program Files\Docker\resources\bin;C:\Users\nvhai\AppData\Local\Programs\Microsoft VS Code\bin;D:\Program Files\JetBrains\IntelliJ IDEA 2024.1.2\bin;D:\programfile\mongosh\;D:\programfile\msys64\ucrt64\bin;D:\programfile\npm\npm-global\bin;D:\WinUtils;C:\Users\nvhai\AppData\Roaming\npm;D:\programfile\npm\npm-global;D:\Program Files\choco\bin;C:\WINDOWS\system32;C:\WINDOWS;C:\WINDOWS\System32\Wbem;C:\WINDOWS\System32\WindowsPowerShell\v1.0\;C:\WINDOWS\System32\OpenSSH\;D:\programfile\java17\\bin;D:\Program Files\node_modules;D:\programfile\spring-boot-cli-3.4.2-bin\spring-3.4.2\bin;%NVM_HOME%;%NVM_SYMLINK%;D:\Program Files\nodejs\;C:\Users\nvhai\AppData\Local\Microsoft\WindowsApps;C:\Users\nvhai\AppData\Local\Programs\Microsoft VS Code\bin;D:\programfile\JetBrains\IntelliJ IDEA 2024.3.1.1\bin;;D:\programfile\mongosh\;D:\programfile\msys64\ucrt64\bin;D:\programfile\npm\npm-global\bin;D:\WinUtils;D:\programfile\Python313\;D:\programfile\Python313\Scripts\;C:\Users\nvhai\AppData\Roaming\npm;D:\programfile\npm\npm-global;D:\Program Files\IntelliJ IDEA Community Edition 2024.3.1.1\bin;;D:\program
USERNAME=nvhai
OS=Windows_NT
PROCESSOR_IDENTIFIER=Intel64 Family 6 Model 142 Stepping 12, GenuineIntel



---------------  S Y S T E M  ---------------

OS:
 Windows 11 , 64 bit Build 22621 (10.0.22621.4830)
OS uptime: 1 days 20:03 hours
Hyper-V role detected

CPU: total 8 (initial active 8) (4 cores per cpu, 2 threads per core) family 6 model 142 stepping 12 microcode 0xf0, cx8, cmov, fxsr, ht, mmx, 3dnowpref, sse, sse2, sse3, ssse3, sse4.1, sse4.2, popcnt, lzcnt, tsc, tscinvbit, avx, avx2, aes, erms, clmul, bmi1, bmi2, adx, fma, vzeroupper, clflush, clflushopt, hv

Memory: 4k page, system-wide physical 16194M (1076M free)
TotalPageFile size 26169M (AvailPageFile size 20M)
current process WorkingSet (physical memory assigned to process): 420M, peak: 426M
current process commit charge ("private bytes"): 516M, peak: 520M

vm_info: Java HotSpot(TM) 64-Bit Server VM (17.0.10+11-LTS-240) for windows-amd64 JRE (17.0.10+11-LTS-240), built on Dec 19 2023 21:47:25 by "mach5one" with MS VC++ 17.1 (VS2022)

END.
